Archive member included to satisfy reference by file (symbol)

/app/stm32cubeide/plugins/com.st.stm32cube.ide.mcu.externaltools.gnu-tools-for-stm32.7-2018-q2-update.linux64_1.4.0.202007081208/tools/bin/../lib/gcc/arm-none-eabi/7.3.1/../../../../arm-none-eabi/lib/thumb/v7e-m/fpv5/hard/libc_nano.a(lib_a-exit.o)
                              /app/stm32cubeide/plugins/com.st.stm32cube.ide.mcu.externaltools.gnu-tools-for-stm32.7-2018-q2-update.linux64_1.4.0.202007081208/tools/bin/../lib/gcc/arm-none-eabi/7.3.1/../../../../arm-none-eabi/lib/thumb/v7e-m/fpv5/hard/crt0.o (exit)
/app/stm32cubeide/plugins/com.st.stm32cube.ide.mcu.externaltools.gnu-tools-for-stm32.7-2018-q2-update.linux64_1.4.0.202007081208/tools/bin/../lib/gcc/arm-none-eabi/7.3.1/../../../../arm-none-eabi/lib/thumb/v7e-m/fpv5/hard/libc_nano.a(lib_a-impure.o)
                              /app/stm32cubeide/plugins/com.st.stm32cube.ide.mcu.externaltools.gnu-tools-for-stm32.7-2018-q2-update.linux64_1.4.0.202007081208/tools/bin/../lib/gcc/arm-none-eabi/7.3.1/../../../../arm-none-eabi/lib/thumb/v7e-m/fpv5/hard/libc_nano.a(lib_a-exit.o) (_global_impure_ptr)
/app/stm32cubeide/plugins/com.st.stm32cube.ide.mcu.externaltools.gnu-tools-for-stm32.7-2018-q2-update.linux64_1.4.0.202007081208/tools/bin/../lib/gcc/arm-none-eabi/7.3.1/../../../../arm-none-eabi/lib/thumb/v7e-m/fpv5/hard/libc_nano.a(lib_a-init.o)
                              /app/stm32cubeide/plugins/com.st.stm32cube.ide.mcu.externaltools.gnu-tools-for-stm32.7-2018-q2-update.linux64_1.4.0.202007081208/tools/bin/../lib/gcc/arm-none-eabi/7.3.1/../../../../arm-none-eabi/lib/thumb/v7e-m/fpv5/hard/crt0.o (__libc_init_array)
/app/stm32cubeide/plugins/com.st.stm32cube.ide.mcu.externaltools.gnu-tools-for-stm32.7-2018-q2-update.linux64_1.4.0.202007081208/tools/bin/../lib/gcc/arm-none-eabi/7.3.1/../../../../arm-none-eabi/lib/thumb/v7e-m/fpv5/hard/libc_nano.a(lib_a-memset.o)
                              /app/stm32cubeide/plugins/com.st.stm32cube.ide.mcu.externaltools.gnu-tools-for-stm32.7-2018-q2-update.linux64_1.4.0.202007081208/tools/bin/../lib/gcc/arm-none-eabi/7.3.1/../../../../arm-none-eabi/lib/thumb/v7e-m/fpv5/hard/crt0.o (memset)
/app/stm32cubeide/plugins/com.st.stm32cube.ide.mcu.externaltools.gnu-tools-for-stm32.7-2018-q2-update.linux64_1.4.0.202007081208/tools/bin/../lib/gcc/arm-none-eabi/7.3.1/../../../../arm-none-eabi/lib/thumb/v7e-m/fpv5/hard/libc_nano.a(lib_a-strlen.o)
                              Src/05_spi_tx_testing.o (strlen)
/app/stm32cubeide/plugins/com.st.stm32cube.ide.mcu.externaltools.gnu-tools-for-stm32.7-2018-q2-update.linux64_1.4.0.202007081208/tools/bin/../lib/gcc/arm-none-eabi/7.3.1/../../../../arm-none-eabi/lib/thumb/v7e-m/fpv5/hard/libnosys.a(_exit.o)
                              /app/stm32cubeide/plugins/com.st.stm32cube.ide.mcu.externaltools.gnu-tools-for-stm32.7-2018-q2-update.linux64_1.4.0.202007081208/tools/bin/../lib/gcc/arm-none-eabi/7.3.1/../../../../arm-none-eabi/lib/thumb/v7e-m/fpv5/hard/libc_nano.a(lib_a-exit.o) (_exit)

Discarded input sections

 .text          0x0000000000000000        0x0 /app/stm32cubeide/plugins/com.st.stm32cube.ide.mcu.externaltools.gnu-tools-for-stm32.7-2018-q2-update.linux64_1.4.0.202007081208/tools/bin/../lib/gcc/arm-none-eabi/7.3.1/thumb/v7e-m/fpv5/hard/crti.o
 .data          0x0000000000000000        0x0 /app/stm32cubeide/plugins/com.st.stm32cube.ide.mcu.externaltools.gnu-tools-for-stm32.7-2018-q2-update.linux64_1.4.0.202007081208/tools/bin/../lib/gcc/arm-none-eabi/7.3.1/thumb/v7e-m/fpv5/hard/crti.o
 .bss           0x0000000000000000        0x0 /app/stm32cubeide/plugins/com.st.stm32cube.ide.mcu.externaltools.gnu-tools-for-stm32.7-2018-q2-update.linux64_1.4.0.202007081208/tools/bin/../lib/gcc/arm-none-eabi/7.3.1/thumb/v7e-m/fpv5/hard/crti.o
 .data          0x0000000000000000        0x4 /app/stm32cubeide/plugins/com.st.stm32cube.ide.mcu.externaltools.gnu-tools-for-stm32.7-2018-q2-update.linux64_1.4.0.202007081208/tools/bin/../lib/gcc/arm-none-eabi/7.3.1/thumb/v7e-m/fpv5/hard/crtbegin.o
 .text          0x0000000000000000       0x74 /app/stm32cubeide/plugins/com.st.stm32cube.ide.mcu.externaltools.gnu-tools-for-stm32.7-2018-q2-update.linux64_1.4.0.202007081208/tools/bin/../lib/gcc/arm-none-eabi/7.3.1/../../../../arm-none-eabi/lib/thumb/v7e-m/fpv5/hard/crt0.o
 .data          0x0000000000000000        0x0 /app/stm32cubeide/plugins/com.st.stm32cube.ide.mcu.externaltools.gnu-tools-for-stm32.7-2018-q2-update.linux64_1.4.0.202007081208/tools/bin/../lib/gcc/arm-none-eabi/7.3.1/../../../../arm-none-eabi/lib/thumb/v7e-m/fpv5/hard/crt0.o
 .bss           0x0000000000000000        0x0 /app/stm32cubeide/plugins/com.st.stm32cube.ide.mcu.externaltools.gnu-tools-for-stm32.7-2018-q2-update.linux64_1.4.0.202007081208/tools/bin/../lib/gcc/arm-none-eabi/7.3.1/../../../../arm-none-eabi/lib/thumb/v7e-m/fpv5/hard/crt0.o
 .ARM.extab     0x0000000000000000        0x0 /app/stm32cubeide/plugins/com.st.stm32cube.ide.mcu.externaltools.gnu-tools-for-stm32.7-2018-q2-update.linux64_1.4.0.202007081208/tools/bin/../lib/gcc/arm-none-eabi/7.3.1/../../../../arm-none-eabi/lib/thumb/v7e-m/fpv5/hard/crt0.o
 .ARM.exidx     0x0000000000000000        0x8 /app/stm32cubeide/plugins/com.st.stm32cube.ide.mcu.externaltools.gnu-tools-for-stm32.7-2018-q2-update.linux64_1.4.0.202007081208/tools/bin/../lib/gcc/arm-none-eabi/7.3.1/../../../../arm-none-eabi/lib/thumb/v7e-m/fpv5/hard/crt0.o
 .ARM.attributes
                0x0000000000000000       0x1e /app/stm32cubeide/plugins/com.st.stm32cube.ide.mcu.externaltools.gnu-tools-for-stm32.7-2018-q2-update.linux64_1.4.0.202007081208/tools/bin/../lib/gcc/arm-none-eabi/7.3.1/../../../../arm-none-eabi/lib/thumb/v7e-m/fpv5/hard/crt0.o
 .group         0x0000000000000000        0xc Drivers/Src/stm32f767xx_gpio_driver.o
 .group         0x0000000000000000        0xc Drivers/Src/stm32f767xx_gpio_driver.o
 .group         0x0000000000000000        0xc Drivers/Src/stm32f767xx_gpio_driver.o
 .group         0x0000000000000000        0xc Drivers/Src/stm32f767xx_gpio_driver.o
 .group         0x0000000000000000        0xc Drivers/Src/stm32f767xx_gpio_driver.o
 .group         0x0000000000000000        0xc Drivers/Src/stm32f767xx_gpio_driver.o
 .group         0x0000000000000000        0xc Drivers/Src/stm32f767xx_gpio_driver.o
 .group         0x0000000000000000        0xc Drivers/Src/stm32f767xx_gpio_driver.o
 .group         0x0000000000000000        0xc Drivers/Src/stm32f767xx_gpio_driver.o
 .group         0x0000000000000000        0xc Drivers/Src/stm32f767xx_gpio_driver.o
 .text          0x0000000000000000        0x0 Drivers/Src/stm32f767xx_gpio_driver.o
 .data          0x0000000000000000        0x0 Drivers/Src/stm32f767xx_gpio_driver.o
 .bss           0x0000000000000000        0x0 Drivers/Src/stm32f767xx_gpio_driver.o
 .text.GPIO_DeInit
                0x0000000000000000      0x1b0 Drivers/Src/stm32f767xx_gpio_driver.o
 .text.GPIO_ReadFromInputPin
                0x0000000000000000       0x2c Drivers/Src/stm32f767xx_gpio_driver.o
 .text.GPIO_ReadFromInputPort
                0x0000000000000000       0x1e Drivers/Src/stm32f767xx_gpio_driver.o
 .text.GPIO_WriteToOutputPin
                0x0000000000000000       0x4a Drivers/Src/stm32f767xx_gpio_driver.o
 .text.GPIO_WriteToOutputPort
                0x0000000000000000       0x1e Drivers/Src/stm32f767xx_gpio_driver.o
 .text.GPIO_TogglePin
                0x0000000000000000       0x2a Drivers/Src/stm32f767xx_gpio_driver.o
 .text.GPIO_IRQInterruptConfig
                0x0000000000000000      0x10c Drivers/Src/stm32f767xx_gpio_driver.o
 .text.GPIO_IRQPriorityConfig
                0x0000000000000000       0x5c Drivers/Src/stm32f767xx_gpio_driver.o
 .text.GPIO_IRQHandle
                0x0000000000000000       0x40 Drivers/Src/stm32f767xx_gpio_driver.o
 .group         0x0000000000000000        0xc Drivers/Src/stm32f767xx_spi_driver.o
 .group         0x0000000000000000        0xc Drivers/Src/stm32f767xx_spi_driver.o
 .group         0x0000000000000000        0xc Drivers/Src/stm32f767xx_spi_driver.o
 .group         0x0000000000000000        0xc Drivers/Src/stm32f767xx_spi_driver.o
 .group         0x0000000000000000        0xc Drivers/Src/stm32f767xx_spi_driver.o
 .group         0x0000000000000000        0xc Drivers/Src/stm32f767xx_spi_driver.o
 .group         0x0000000000000000        0xc Drivers/Src/stm32f767xx_spi_driver.o
 .group         0x0000000000000000        0xc Drivers/Src/stm32f767xx_spi_driver.o
 .group         0x0000000000000000        0xc Drivers/Src/stm32f767xx_spi_driver.o
 .group         0x0000000000000000        0xc Drivers/Src/stm32f767xx_spi_driver.o
 .text          0x0000000000000000        0x0 Drivers/Src/stm32f767xx_spi_driver.o
 .data          0x0000000000000000        0x0 Drivers/Src/stm32f767xx_spi_driver.o
 .bss           0x0000000000000000        0x0 Drivers/Src/stm32f767xx_spi_driver.o
 .text.SPI_DeInit
                0x0000000000000000       0x14 Drivers/Src/stm32f767xx_spi_driver.o
 .text.SPI_RecieveData
                0x0000000000000000       0x18 Drivers/Src/stm32f767xx_spi_driver.o
 .text.SPI_IRQInterruptConfig
                0x0000000000000000       0x1c Drivers/Src/stm32f767xx_spi_driver.o
 .text.SPI_IRQPriorityConfig
                0x0000000000000000       0x1c Drivers/Src/stm32f767xx_spi_driver.o
 .text.SPI_IRQHandle
                0x0000000000000000       0x14 Drivers/Src/stm32f767xx_spi_driver.o
 .debug_macro   0x0000000000000000      0xa72 Drivers/Src/stm32f767xx_spi_driver.o
 .debug_macro   0x0000000000000000       0x22 Drivers/Src/stm32f767xx_spi_driver.o
 .debug_macro   0x0000000000000000       0x8e Drivers/Src/stm32f767xx_spi_driver.o
 .debug_macro   0x0000000000000000       0x51 Drivers/Src/stm32f767xx_spi_driver.o
 .debug_macro   0x0000000000000000       0xef Drivers/Src/stm32f767xx_spi_driver.o
 .debug_macro   0x0000000000000000       0x6a Drivers/Src/stm32f767xx_spi_driver.o
 .debug_macro   0x0000000000000000      0x1df Drivers/Src/stm32f767xx_spi_driver.o
 .debug_macro   0x0000000000000000      0x5a7 Drivers/Src/stm32f767xx_spi_driver.o
 .debug_macro   0x0000000000000000       0xc4 Drivers/Src/stm32f767xx_spi_driver.o
 .debug_macro   0x0000000000000000       0x94 Drivers/Src/stm32f767xx_spi_driver.o
 .group         0x0000000000000000        0xc Src/05_spi_tx_testing.o
 .group         0x0000000000000000        0xc Src/05_spi_tx_testing.o
 .group         0x0000000000000000        0xc Src/05_spi_tx_testing.o
 .group         0x0000000000000000        0xc Src/05_spi_tx_testing.o
 .group         0x0000000000000000        0xc Src/05_spi_tx_testing.o
 .group         0x0000000000000000        0xc Src/05_spi_tx_testing.o
 .group         0x0000000000000000        0xc Src/05_spi_tx_testing.o
 .group         0x0000000000000000        0xc Src/05_spi_tx_testing.o
 .group         0x0000000000000000        0xc Src/05_spi_tx_testing.o
 .group         0x0000000000000000        0xc Src/05_spi_tx_testing.o
 .group         0x0000000000000000        0xc Src/05_spi_tx_testing.o
 .group         0x0000000000000000        0xc Src/05_spi_tx_testing.o
 .group         0x0000000000000000        0xc Src/05_spi_tx_testing.o
 .group         0x0000000000000000        0xc Src/05_spi_tx_testing.o
 .group         0x0000000000000000        0xc Src/05_spi_tx_testing.o
 .group         0x0000000000000000        0xc Src/05_spi_tx_testing.o
 .group         0x0000000000000000        0xc Src/05_spi_tx_testing.o
 .group         0x0000000000000000        0xc Src/05_spi_tx_testing.o
 .group         0x0000000000000000        0xc Src/05_spi_tx_testing.o
 .group         0x0000000000000000        0xc Src/05_spi_tx_testing.o
 .group         0x0000000000000000        0xc Src/05_spi_tx_testing.o
 .group         0x0000000000000000        0xc Src/05_spi_tx_testing.o
 .group         0x0000000000000000        0xc Src/05_spi_tx_testing.o
 .group         0x0000000000000000        0xc Src/05_spi_tx_testing.o
 .text          0x0000000000000000        0x0 Src/05_spi_tx_testing.o
 .data          0x0000000000000000        0x0 Src/05_spi_tx_testing.o
 .bss           0x0000000000000000        0x0 Src/05_spi_tx_testing.o
 .debug_macro   0x0000000000000000      0xa72 Src/05_spi_tx_testing.o
 .debug_macro   0x0000000000000000       0x22 Src/05_spi_tx_testing.o
 .debug_macro   0x0000000000000000       0xef Src/05_spi_tx_testing.o
 .debug_macro   0x0000000000000000       0x6a Src/05_spi_tx_testing.o
 .debug_macro   0x0000000000000000      0x1df Src/05_spi_tx_testing.o
 .debug_macro   0x0000000000000000      0x5a7 Src/05_spi_tx_testing.o
 .debug_macro   0x0000000000000000       0xc4 Src/05_spi_tx_testing.o
 .debug_macro   0x0000000000000000       0x94 Src/05_spi_tx_testing.o
 .text          0x0000000000000000       0x14 Startup/startup_stm32f767zitx.o
 .data          0x0000000000000000        0x0 Startup/startup_stm32f767zitx.o
 .bss           0x0000000000000000        0x0 Startup/startup_stm32f767zitx.o
 .text          0x0000000000000000        0x0 /app/stm32cubeide/plugins/com.st.stm32cube.ide.mcu.externaltools.gnu-tools-for-stm32.7-2018-q2-update.linux64_1.4.0.202007081208/tools/bin/../lib/gcc/arm-none-eabi/7.3.1/../../../../arm-none-eabi/lib/thumb/v7e-m/fpv5/hard/libc_nano.a(lib_a-exit.o)
 .data          0x0000000000000000        0x0 /app/stm32cubeide/plugins/com.st.stm32cube.ide.mcu.externaltools.gnu-tools-for-stm32.7-2018-q2-update.linux64_1.4.0.202007081208/tools/bin/../lib/gcc/arm-none-eabi/7.3.1/../../../../arm-none-eabi/lib/thumb/v7e-m/fpv5/hard/libc_nano.a(lib_a-exit.o)
 .bss           0x0000000000000000        0x0 /app/stm32cubeide/plugins/com.st.stm32cube.ide.mcu.externaltools.gnu-tools-for-stm32.7-2018-q2-update.linux64_1.4.0.202007081208/tools/bin/../lib/gcc/arm-none-eabi/7.3.1/../../../../arm-none-eabi/lib/thumb/v7e-m/fpv5/hard/libc_nano.a(lib_a-exit.o)
 .text.exit     0x0000000000000000       0x28 /app/stm32cubeide/plugins/com.st.stm32cube.ide.mcu.externaltools.gnu-tools-for-stm32.7-2018-q2-update.linux64_1.4.0.202007081208/tools/bin/../lib/gcc/arm-none-eabi/7.3.1/../../../../arm-none-eabi/lib/thumb/v7e-m/fpv5/hard/libc_nano.a(lib_a-exit.o)
 .debug_frame   0x0000000000000000       0x28 /app/stm32cubeide/plugins/com.st.stm32cube.ide.mcu.externaltools.gnu-tools-for-stm32.7-2018-q2-update.linux64_1.4.0.202007081208/tools/bin/../lib/gcc/arm-none-eabi/7.3.1/../../../../arm-none-eabi/lib/thumb/v7e-m/fpv5/hard/libc_nano.a(lib_a-exit.o)
 .ARM.attributes
                0x0000000000000000       0x32 /app/stm32cubeide/plugins/com.st.stm32cube.ide.mcu.externaltools.gnu-tools-for-stm32.7-2018-q2-update.linux64_1.4.0.202007081208/tools/bin/../lib/gcc/arm-none-eabi/7.3.1/../../../../arm-none-eabi/lib/thumb/v7e-m/fpv5/hard/libc_nano.a(lib_a-exit.o)
 .text          0x0000000000000000        0x0 /app/stm32cubeide/plugins/com.st.stm32cube.ide.mcu.externaltools.gnu-tools-for-stm32.7-2018-q2-update.linux64_1.4.0.202007081208/tools/bin/../lib/gcc/arm-none-eabi/7.3.1/../../../../arm-none-eabi/lib/thumb/v7e-m/fpv5/hard/libc_nano.a(lib_a-impure.o)
 .data          0x0000000000000000        0x0 /app/stm32cubeide/plugins/com.st.stm32cube.ide.mcu.externaltools.gnu-tools-for-stm32.7-2018-q2-update.linux64_1.4.0.202007081208/tools/bin/../lib/gcc/arm-none-eabi/7.3.1/../../../../arm-none-eabi/lib/thumb/v7e-m/fpv5/hard/libc_nano.a(lib_a-impure.o)
 .bss           0x0000000000000000        0x0 /app/stm32cubeide/plugins/com.st.stm32cube.ide.mcu.externaltools.gnu-tools-for-stm32.7-2018-q2-update.linux64_1.4.0.202007081208/tools/bin/../lib/gcc/arm-none-eabi/7.3.1/../../../../arm-none-eabi/lib/thumb/v7e-m/fpv5/hard/libc_nano.a(lib_a-impure.o)
 .data._impure_ptr
                0x0000000000000000        0x4 /app/stm32cubeide/plugins/com.st.stm32cube.ide.mcu.externaltools.gnu-tools-for-stm32.7-2018-q2-update.linux64_1.4.0.202007081208/tools/bin/../lib/gcc/arm-none-eabi/7.3.1/../../../../arm-none-eabi/lib/thumb/v7e-m/fpv5/hard/libc_nano.a(lib_a-impure.o)
 .data.impure_data
                0x0000000000000000       0x60 /app/stm32cubeide/plugins/com.st.stm32cube.ide.mcu.externaltools.gnu-tools-for-stm32.7-2018-q2-update.linux64_1.4.0.202007081208/tools/bin/../lib/gcc/arm-none-eabi/7.3.1/../../../../arm-none-eabi/lib/thumb/v7e-m/fpv5/hard/libc_nano.a(lib_a-impure.o)
 .rodata._global_impure_ptr
                0x0000000000000000        0x4 /app/stm32cubeide/plugins/com.st.stm32cube.ide.mcu.externaltools.gnu-tools-for-stm32.7-2018-q2-update.linux64_1.4.0.202007081208/tools/bin/../lib/gcc/arm-none-eabi/7.3.1/../../../../arm-none-eabi/lib/thumb/v7e-m/fpv5/hard/libc_nano.a(lib_a-impure.o)
 .ARM.attributes
                0x0000000000000000       0x32 /app/stm32cubeide/plugins/com.st.stm32cube.ide.mcu.externaltools.gnu-tools-for-stm32.7-2018-q2-update.linux64_1.4.0.202007081208/tools/bin/../lib/gcc/arm-none-eabi/7.3.1/../../../../arm-none-eabi/lib/thumb/v7e-m/fpv5/hard/libc_nano.a(lib_a-impure.o)
 .text          0x0000000000000000        0x0 /app/stm32cubeide/plugins/com.st.stm32cube.ide.mcu.externaltools.gnu-tools-for-stm32.7-2018-q2-update.linux64_1.4.0.202007081208/tools/bin/../lib/gcc/arm-none-eabi/7.3.1/../../../../arm-none-eabi/lib/thumb/v7e-m/fpv5/hard/libc_nano.a(lib_a-init.o)
 .data          0x0000000000000000        0x0 /app/stm32cubeide/plugins/com.st.stm32cube.ide.mcu.externaltools.gnu-tools-for-stm32.7-2018-q2-update.linux64_1.4.0.202007081208/tools/bin/../lib/gcc/arm-none-eabi/7.3.1/../../../../arm-none-eabi/lib/thumb/v7e-m/fpv5/hard/libc_nano.a(lib_a-init.o)
 .bss           0x0000000000000000        0x0 /app/stm32cubeide/plugins/com.st.stm32cube.ide.mcu.externaltools.gnu-tools-for-stm32.7-2018-q2-update.linux64_1.4.0.202007081208/tools/bin/../lib/gcc/arm-none-eabi/7.3.1/../../../../arm-none-eabi/lib/thumb/v7e-m/fpv5/hard/libc_nano.a(lib_a-init.o)
 .text          0x0000000000000000        0x0 /app/stm32cubeide/plugins/com.st.stm32cube.ide.mcu.externaltools.gnu-tools-for-stm32.7-2018-q2-update.linux64_1.4.0.202007081208/tools/bin/../lib/gcc/arm-none-eabi/7.3.1/../../../../arm-none-eabi/lib/thumb/v7e-m/fpv5/hard/libc_nano.a(lib_a-memset.o)
 .data          0x0000000000000000        0x0 /app/stm32cubeide/plugins/com.st.stm32cube.ide.mcu.externaltools.gnu-tools-for-stm32.7-2018-q2-update.linux64_1.4.0.202007081208/tools/bin/../lib/gcc/arm-none-eabi/7.3.1/../../../../arm-none-eabi/lib/thumb/v7e-m/fpv5/hard/libc_nano.a(lib_a-memset.o)
 .bss           0x0000000000000000        0x0 /app/stm32cubeide/plugins/com.st.stm32cube.ide.mcu.externaltools.gnu-tools-for-stm32.7-2018-q2-update.linux64_1.4.0.202007081208/tools/bin/../lib/gcc/arm-none-eabi/7.3.1/../../../../arm-none-eabi/lib/thumb/v7e-m/fpv5/hard/libc_nano.a(lib_a-memset.o)
 .text.memset   0x0000000000000000       0x10 /app/stm32cubeide/plugins/com.st.stm32cube.ide.mcu.externaltools.gnu-tools-for-stm32.7-2018-q2-update.linux64_1.4.0.202007081208/tools/bin/../lib/gcc/arm-none-eabi/7.3.1/../../../../arm-none-eabi/lib/thumb/v7e-m/fpv5/hard/libc_nano.a(lib_a-memset.o)
 .debug_frame   0x0000000000000000       0x20 /app/stm32cubeide/plugins/com.st.stm32cube.ide.mcu.externaltools.gnu-tools-for-stm32.7-2018-q2-update.linux64_1.4.0.202007081208/tools/bin/../lib/gcc/arm-none-eabi/7.3.1/../../../../arm-none-eabi/lib/thumb/v7e-m/fpv5/hard/libc_nano.a(lib_a-memset.o)
 .ARM.attributes
                0x0000000000000000       0x32 /app/stm32cubeide/plugins/com.st.stm32cube.ide.mcu.externaltools.gnu-tools-for-stm32.7-2018-q2-update.linux64_1.4.0.202007081208/tools/bin/../lib/gcc/arm-none-eabi/7.3.1/../../../../arm-none-eabi/lib/thumb/v7e-m/fpv5/hard/libc_nano.a(lib_a-memset.o)
 .data          0x0000000000000000        0x0 /app/stm32cubeide/plugins/com.st.stm32cube.ide.mcu.externaltools.gnu-tools-for-stm32.7-2018-q2-update.linux64_1.4.0.202007081208/tools/bin/../lib/gcc/arm-none-eabi/7.3.1/../../../../arm-none-eabi/lib/thumb/v7e-m/fpv5/hard/libc_nano.a(lib_a-strlen.o)
 .bss           0x0000000000000000        0x0 /app/stm32cubeide/plugins/com.st.stm32cube.ide.mcu.externaltools.gnu-tools-for-stm32.7-2018-q2-update.linux64_1.4.0.202007081208/tools/bin/../lib/gcc/arm-none-eabi/7.3.1/../../../../arm-none-eabi/lib/thumb/v7e-m/fpv5/hard/libc_nano.a(lib_a-strlen.o)
 .text          0x0000000000000000        0x0 /app/stm32cubeide/plugins/com.st.stm32cube.ide.mcu.externaltools.gnu-tools-for-stm32.7-2018-q2-update.linux64_1.4.0.202007081208/tools/bin/../lib/gcc/arm-none-eabi/7.3.1/../../../../arm-none-eabi/lib/thumb/v7e-m/fpv5/hard/libnosys.a(_exit.o)
 .data          0x0000000000000000        0x0 /app/stm32cubeide/plugins/com.st.stm32cube.ide.mcu.externaltools.gnu-tools-for-stm32.7-2018-q2-update.linux64_1.4.0.202007081208/tools/bin/../lib/gcc/arm-none-eabi/7.3.1/../../../../arm-none-eabi/lib/thumb/v7e-m/fpv5/hard/libnosys.a(_exit.o)
 .bss           0x0000000000000000        0x0 /app/stm32cubeide/plugins/com.st.stm32cube.ide.mcu.externaltools.gnu-tools-for-stm32.7-2018-q2-update.linux64_1.4.0.202007081208/tools/bin/../lib/gcc/arm-none-eabi/7.3.1/../../../../arm-none-eabi/lib/thumb/v7e-m/fpv5/hard/libnosys.a(_exit.o)
 .text._exit    0x0000000000000000        0x2 /app/stm32cubeide/plugins/com.st.stm32cube.ide.mcu.externaltools.gnu-tools-for-stm32.7-2018-q2-update.linux64_1.4.0.202007081208/tools/bin/../lib/gcc/arm-none-eabi/7.3.1/../../../../arm-none-eabi/lib/thumb/v7e-m/fpv5/hard/libnosys.a(_exit.o)
 .debug_frame   0x0000000000000000       0x20 /app/stm32cubeide/plugins/com.st.stm32cube.ide.mcu.externaltools.gnu-tools-for-stm32.7-2018-q2-update.linux64_1.4.0.202007081208/tools/bin/../lib/gcc/arm-none-eabi/7.3.1/../../../../arm-none-eabi/lib/thumb/v7e-m/fpv5/hard/libnosys.a(_exit.o)
 .ARM.attributes
                0x0000000000000000       0x32 /app/stm32cubeide/plugins/com.st.stm32cube.ide.mcu.externaltools.gnu-tools-for-stm32.7-2018-q2-update.linux64_1.4.0.202007081208/tools/bin/../lib/gcc/arm-none-eabi/7.3.1/../../../../arm-none-eabi/lib/thumb/v7e-m/fpv5/hard/libnosys.a(_exit.o)
 .text          0x0000000000000000        0x0 /app/stm32cubeide/plugins/com.st.stm32cube.ide.mcu.externaltools.gnu-tools-for-stm32.7-2018-q2-update.linux64_1.4.0.202007081208/tools/bin/../lib/gcc/arm-none-eabi/7.3.1/thumb/v7e-m/fpv5/hard/crtend.o
 .data          0x0000000000000000        0x0 /app/stm32cubeide/plugins/com.st.stm32cube.ide.mcu.externaltools.gnu-tools-for-stm32.7-2018-q2-update.linux64_1.4.0.202007081208/tools/bin/../lib/gcc/arm-none-eabi/7.3.1/thumb/v7e-m/fpv5/hard/crtend.o
 .bss           0x0000000000000000        0x0 /app/stm32cubeide/plugins/com.st.stm32cube.ide.mcu.externaltools.gnu-tools-for-stm32.7-2018-q2-update.linux64_1.4.0.202007081208/tools/bin/../lib/gcc/arm-none-eabi/7.3.1/thumb/v7e-m/fpv5/hard/crtend.o
 .eh_frame      0x0000000000000000        0x4 /app/stm32cubeide/plugins/com.st.stm32cube.ide.mcu.externaltools.gnu-tools-for-stm32.7-2018-q2-update.linux64_1.4.0.202007081208/tools/bin/../lib/gcc/arm-none-eabi/7.3.1/thumb/v7e-m/fpv5/hard/crtend.o
 .ARM.attributes
                0x0000000000000000       0x32 /app/stm32cubeide/plugins/com.st.stm32cube.ide.mcu.externaltools.gnu-tools-for-stm32.7-2018-q2-update.linux64_1.4.0.202007081208/tools/bin/../lib/gcc/arm-none-eabi/7.3.1/thumb/v7e-m/fpv5/hard/crtend.o
 .text          0x0000000000000000        0x0 /app/stm32cubeide/plugins/com.st.stm32cube.ide.mcu.externaltools.gnu-tools-for-stm32.7-2018-q2-update.linux64_1.4.0.202007081208/tools/bin/../lib/gcc/arm-none-eabi/7.3.1/thumb/v7e-m/fpv5/hard/crtn.o
 .data          0x0000000000000000        0x0 /app/stm32cubeide/plugins/com.st.stm32cube.ide.mcu.externaltools.gnu-tools-for-stm32.7-2018-q2-update.linux64_1.4.0.202007081208/tools/bin/../lib/gcc/arm-none-eabi/7.3.1/thumb/v7e-m/fpv5/hard/crtn.o
 .bss           0x0000000000000000        0x0 /app/stm32cubeide/plugins/com.st.stm32cube.ide.mcu.externaltools.gnu-tools-for-stm32.7-2018-q2-update.linux64_1.4.0.202007081208/tools/bin/../lib/gcc/arm-none-eabi/7.3.1/thumb/v7e-m/fpv5/hard/crtn.o

Memory Configuration

Name             Origin             Length             Attributes
RAM              0x0000000020000000 0x0000000000080000 xrw
ROM              0x0000000008000000 0x0000000000200000 xr
*default*        0x0000000000000000 0xffffffffffffffff

Linker script and memory map

LOAD /app/stm32cubeide/plugins/com.st.stm32cube.ide.mcu.externaltools.gnu-tools-for-stm32.7-2018-q2-update.linux64_1.4.0.202007081208/tools/bin/../lib/gcc/arm-none-eabi/7.3.1/thumb/v7e-m/fpv5/hard/crti.o
LOAD /app/stm32cubeide/plugins/com.st.stm32cube.ide.mcu.externaltools.gnu-tools-for-stm32.7-2018-q2-update.linux64_1.4.0.202007081208/tools/bin/../lib/gcc/arm-none-eabi/7.3.1/thumb/v7e-m/fpv5/hard/crtbegin.o
LOAD /app/stm32cubeide/plugins/com.st.stm32cube.ide.mcu.externaltools.gnu-tools-for-stm32.7-2018-q2-update.linux64_1.4.0.202007081208/tools/bin/../lib/gcc/arm-none-eabi/7.3.1/../../../../arm-none-eabi/lib/thumb/v7e-m/fpv5/hard/crt0.o
LOAD Drivers/Src/stm32f767xx_gpio_driver.o
LOAD Drivers/Src/stm32f767xx_spi_driver.o
LOAD Src/05_spi_tx_testing.o
LOAD Startup/startup_stm32f767zitx.o
START GROUP
LOAD /app/stm32cubeide/plugins/com.st.stm32cube.ide.mcu.externaltools.gnu-tools-for-stm32.7-2018-q2-update.linux64_1.4.0.202007081208/tools/bin/../lib/gcc/arm-none-eabi/7.3.1/../../../../arm-none-eabi/lib/thumb/v7e-m/fpv5/hard/libc_nano.a
LOAD /app/stm32cubeide/plugins/com.st.stm32cube.ide.mcu.externaltools.gnu-tools-for-stm32.7-2018-q2-update.linux64_1.4.0.202007081208/tools/bin/../lib/gcc/arm-none-eabi/7.3.1/../../../../arm-none-eabi/lib/thumb/v7e-m/fpv5/hard/libm.a
END GROUP
START GROUP
LOAD /app/stm32cubeide/plugins/com.st.stm32cube.ide.mcu.externaltools.gnu-tools-for-stm32.7-2018-q2-update.linux64_1.4.0.202007081208/tools/bin/../lib/gcc/arm-none-eabi/7.3.1/thumb/v7e-m/fpv5/hard/libgcc.a
LOAD /app/stm32cubeide/plugins/com.st.stm32cube.ide.mcu.externaltools.gnu-tools-for-stm32.7-2018-q2-update.linux64_1.4.0.202007081208/tools/bin/../lib/gcc/arm-none-eabi/7.3.1/../../../../arm-none-eabi/lib/thumb/v7e-m/fpv5/hard/libc_nano.a
END GROUP
START GROUP
LOAD /app/stm32cubeide/plugins/com.st.stm32cube.ide.mcu.externaltools.gnu-tools-for-stm32.7-2018-q2-update.linux64_1.4.0.202007081208/tools/bin/../lib/gcc/arm-none-eabi/7.3.1/thumb/v7e-m/fpv5/hard/libgcc.a
LOAD /app/stm32cubeide/plugins/com.st.stm32cube.ide.mcu.externaltools.gnu-tools-for-stm32.7-2018-q2-update.linux64_1.4.0.202007081208/tools/bin/../lib/gcc/arm-none-eabi/7.3.1/../../../../arm-none-eabi/lib/thumb/v7e-m/fpv5/hard/libc_nano.a
LOAD /app/stm32cubeide/plugins/com.st.stm32cube.ide.mcu.externaltools.gnu-tools-for-stm32.7-2018-q2-update.linux64_1.4.0.202007081208/tools/bin/../lib/gcc/arm-none-eabi/7.3.1/../../../../arm-none-eabi/lib/thumb/v7e-m/fpv5/hard/libnosys.a
END GROUP
START GROUP
LOAD /app/stm32cubeide/plugins/com.st.stm32cube.ide.mcu.externaltools.gnu-tools-for-stm32.7-2018-q2-update.linux64_1.4.0.202007081208/tools/bin/../lib/gcc/arm-none-eabi/7.3.1/thumb/v7e-m/fpv5/hard/libgcc.a
LOAD /app/stm32cubeide/plugins/com.st.stm32cube.ide.mcu.externaltools.gnu-tools-for-stm32.7-2018-q2-update.linux64_1.4.0.202007081208/tools/bin/../lib/gcc/arm-none-eabi/7.3.1/../../../../arm-none-eabi/lib/thumb/v7e-m/fpv5/hard/libc_nano.a
LOAD /app/stm32cubeide/plugins/com.st.stm32cube.ide.mcu.externaltools.gnu-tools-for-stm32.7-2018-q2-update.linux64_1.4.0.202007081208/tools/bin/../lib/gcc/arm-none-eabi/7.3.1/../../../../arm-none-eabi/lib/thumb/v7e-m/fpv5/hard/libnosys.a
END GROUP
LOAD /app/stm32cubeide/plugins/com.st.stm32cube.ide.mcu.externaltools.gnu-tools-for-stm32.7-2018-q2-update.linux64_1.4.0.202007081208/tools/bin/../lib/gcc/arm-none-eabi/7.3.1/thumb/v7e-m/fpv5/hard/crtend.o
LOAD /app/stm32cubeide/plugins/com.st.stm32cube.ide.mcu.externaltools.gnu-tools-for-stm32.7-2018-q2-update.linux64_1.4.0.202007081208/tools/bin/../lib/gcc/arm-none-eabi/7.3.1/thumb/v7e-m/fpv5/hard/crtn.o
                0x0000000020080000                _estack = (ORIGIN (RAM) + LENGTH (RAM))
                0x0000000000000200                _Min_Heap_Size = 0x200
                0x0000000000000400                _Min_Stack_Size = 0x400

.isr_vector     0x0000000008000000      0x1f8
                0x0000000008000000                . = ALIGN (0x4)
 *(.isr_vector)
 .isr_vector    0x0000000008000000      0x1f8 Startup/startup_stm32f767zitx.o
                0x0000000008000000                g_pfnVectors
                0x00000000080001f8                . = ALIGN (0x4)

.text           0x00000000080001f8      0xa50
                0x00000000080001f8                . = ALIGN (0x4)
 *(.text)
 .text          0x00000000080001f8       0x40 /app/stm32cubeide/plugins/com.st.stm32cube.ide.mcu.externaltools.gnu-tools-for-stm32.7-2018-q2-update.linux64_1.4.0.202007081208/tools/bin/../lib/gcc/arm-none-eabi/7.3.1/thumb/v7e-m/fpv5/hard/crtbegin.o
 .text          0x0000000008000238       0x10 /app/stm32cubeide/plugins/com.st.stm32cube.ide.mcu.externaltools.gnu-tools-for-stm32.7-2018-q2-update.linux64_1.4.0.202007081208/tools/bin/../lib/gcc/arm-none-eabi/7.3.1/../../../../arm-none-eabi/lib/thumb/v7e-m/fpv5/hard/libc_nano.a(lib_a-strlen.o)
                0x0000000008000238                strlen
 *(.text*)
 .text.GPIO_PeriClockControl
                0x0000000008000248      0x228 Drivers/Src/stm32f767xx_gpio_driver.o
                0x0000000008000248                GPIO_PeriClockControl
 .text.GPIO_Init
                0x0000000008000470      0x368 Drivers/Src/stm32f767xx_gpio_driver.o
                0x0000000008000470                GPIO_Init
 .text.SPI_PeriClockControl
                0x00000000080007d8      0x140 Drivers/Src/stm32f767xx_spi_driver.o
                0x00000000080007d8                SPI_PeriClockControl
 .text.SPI_Init
                0x0000000008000918       0xa8 Drivers/Src/stm32f767xx_spi_driver.o
                0x0000000008000918                SPI_Init
 .text.SPI_GetFlagStatus
                0x00000000080009c0       0x28 Drivers/Src/stm32f767xx_spi_driver.o
                0x00000000080009c0                SPI_GetFlagStatus
 .text.SPI_SendData
                0x00000000080009e8       0x72 Drivers/Src/stm32f767xx_spi_driver.o
                0x00000000080009e8                SPI_SendData
 .text.SPI_PeripheralControl
                0x0000000008000a5a       0x38 Drivers/Src/stm32f767xx_spi_driver.o
                0x0000000008000a5a                SPI_PeripheralControl
 .text.SPI_SSIConfig
                0x0000000008000a92       0x38 Drivers/Src/stm32f767xx_spi_driver.o
                0x0000000008000a92                SPI_SSIConfig
 *fill*         0x0000000008000aca        0x2 
 .text.SPI2_GPIOInits
                0x0000000008000acc       0x44 Src/05_spi_tx_testing.o
                0x0000000008000acc                SPI2_GPIOInits
 .text.SPI2_Inits
                0x0000000008000b10       0x3c Src/05_spi_tx_testing.o
                0x0000000008000b10                SPI2_Inits
 .text.main     0x0000000008000b4c       0x48 Src/05_spi_tx_testing.o
                0x0000000008000b4c                main
 .text.Reset_Handler
                0x0000000008000b94       0x50 Startup/startup_stm32f767zitx.o
                0x0000000008000b94                Reset_Handler
 .text.Default_Handler
                0x0000000008000be4        0x2 Startup/startup_stm32f767zitx.o
                0x0000000008000be4                HASH_RNG_IRQHandler
                0x0000000008000be4                EXTI2_IRQHandler
                0x0000000008000be4                TIM8_CC_IRQHandler
                0x0000000008000be4                DebugMon_Handler
                0x0000000008000be4                UART8_IRQHandler
                0x0000000008000be4                LP_Timer1_IRQHandler
                0x0000000008000be4                SPI4_IRQHandler
                0x0000000008000be4                TIM1_CC_IRQHandler
                0x0000000008000be4                QuadSPI_IRQHandler
                0x0000000008000be4                DMA2_Stream5_IRQHandler
                0x0000000008000be4                HardFault_Handler
                0x0000000008000be4                JPEG_IRQHandler
                0x0000000008000be4                DSIHOST_IRQHandler
                0x0000000008000be4                DMA1_Stream5_IRQHandler
                0x0000000008000be4                SysTick_Handler
                0x0000000008000be4                CAN3_RX1_IRQHandler
                0x0000000008000be4                PVD_IRQHandler
                0x0000000008000be4                TAMP_STAMP_IRQHandler
                0x0000000008000be4                PendSV_Handler
                0x0000000008000be4                NMI_Handler
                0x0000000008000be4                CAN2_RX1_IRQHandler
                0x0000000008000be4                EXTI3_IRQHandler
                0x0000000008000be4                TIM8_TRG_COM_TIM14_IRQHandler
                0x0000000008000be4                DFSDM1_FLT1_IRQHandler
                0x0000000008000be4                TIM1_UP_TIM10_IRQHandler
                0x0000000008000be4                TIM8_UP_TIM13_IRQHandler
                0x0000000008000be4                I2C3_ER_IRQHandler
                0x0000000008000be4                DFSDM1_FLT2_IRQHandler
                0x0000000008000be4                LCD_TFT_IRQHandler
                0x0000000008000be4                EXTI0_IRQHandler
                0x0000000008000be4                I2C2_EV_IRQHandler
                0x0000000008000be4                DMA1_Stream2_IRQHandler
                0x0000000008000be4                CAN1_RX0_IRQHandler
                0x0000000008000be4                FPU_IRQHandler
                0x0000000008000be4                OTG_HS_WKUP_IRQHandler
                0x0000000008000be4                CAN3_SCE_IRQHandler
                0x0000000008000be4                UsageFault_Handler
                0x0000000008000be4                CAN2_SCE_IRQHandler
                0x0000000008000be4                DMA2_Stream2_IRQHandler
                0x0000000008000be4                SPI1_IRQHandler
                0x0000000008000be4                TIM6_DAC_IRQHandler
                0x0000000008000be4                TIM1_BRK_TIM9_IRQHandler
                0x0000000008000be4                DCMI_IRQHandler
                0x0000000008000be4                CAN2_RX0_IRQHandler
                0x0000000008000be4                DMA2_Stream3_IRQHandler
                0x0000000008000be4                RTC_ALARM_IRQHandler
                0x0000000008000be4                SAI2_IRQHandler
                0x0000000008000be4                DFSDM1_FLT3_IRQHandler
                0x0000000008000be4                USART6_IRQHandler
                0x0000000008000be4                CAN3_RX0_IRQHandler
                0x0000000008000be4                USART3_IRQHandler
                0x0000000008000be4                CRYP_IRQHandler
                0x0000000008000be4                CAN1_RX1_IRQHandler
                0x0000000008000be4                UART5_IRQHandler
                0x0000000008000be4                DMA2_Stream0_IRQHandler
                0x0000000008000be4                TIM4_IRQHandler
                0x0000000008000be4                I2C1_EV_IRQHandler
                0x0000000008000be4                DMA1_Stream6_IRQHandler
                0x0000000008000be4                DMA1_Stream1_IRQHandler
                0x0000000008000be4                UART4_IRQHandler
                0x0000000008000be4                LCD_TFT_1_IRQHandler
                0x0000000008000be4                TIM3_IRQHandler
                0x0000000008000be4                RCC_IRQHandler
                0x0000000008000be4                TIM8_BRK_TIM12_IRQHandler
                0x0000000008000be4                Default_Handler
                0x0000000008000be4                EXTI15_10_IRQHandler
                0x0000000008000be4                ADC_IRQHandler
                0x0000000008000be4                DMA1_Stream7_IRQHandler
                0x0000000008000be4                SPI5_IRQHandler
                0x0000000008000be4                TIM7_IRQHandler
                0x0000000008000be4                SDMMC1_IRQHandler
                0x0000000008000be4                CAN2_TX_IRQHandler
                0x0000000008000be4                TIM5_IRQHandler
                0x0000000008000be4                DMA2_Stream7_IRQHandler
                0x0000000008000be4                I2C3_EV_IRQHandler
                0x0000000008000be4                EXTI9_5_IRQHandler
                0x0000000008000be4                RTC_WKUP_IRQHandler
                0x0000000008000be4                ETH_WKUP_IRQHandler
                0x0000000008000be4                SPI2_IRQHandler
                0x0000000008000be4                OTG_HS_EP1_IN_IRQHandler
                0x0000000008000be4                MemManage_Handler
                0x0000000008000be4                DMA1_Stream0_IRQHandler
                0x0000000008000be4                CAN1_TX_IRQHandler
                0x0000000008000be4                SVC_Handler
                0x0000000008000be4                EXTI4_IRQHandler
                0x0000000008000be4                ETH_IRQHandler
                0x0000000008000be4                OTG_HS_EP1_OUT_IRQHandler
                0x0000000008000be4                WWDG_IRQHandler
                0x0000000008000be4                SPI6_IRQHandler
                0x0000000008000be4                MDIOS_IRQHandler
                0x0000000008000be4                I2C4_EV_IRQHandler
                0x0000000008000be4                CAN3_TX_IRQHandler
                0x0000000008000be4                TIM2_IRQHandler
                0x0000000008000be4                OTG_FS_WKUP_IRQHandler
                0x0000000008000be4                TIM1_TRG_COM_TIM11_IRQHandler
                0x0000000008000be4                OTG_HS_IRQHandler
                0x0000000008000be4                DMA2D_IRQHandler
                0x0000000008000be4                EXTI1_IRQHandler
                0x0000000008000be4                SDMMC2_IRQHandler
                0x0000000008000be4                UART7_IRQHandler
                0x0000000008000be4                USART2_IRQHandler
                0x0000000008000be4                DFSDM1_FLT0_IRQHandler
                0x0000000008000be4                I2C2_ER_IRQHandler
                0x0000000008000be4                SPDIFRX_IRQHandler
                0x0000000008000be4                DMA2_Stream1_IRQHandler
                0x0000000008000be4                CAN1_SCE_IRQHandler
                0x0000000008000be4                FLASH_IRQHandler
                0x0000000008000be4                DMA2_Stream4_IRQHandler
                0x0000000008000be4                BusFault_Handler
                0x0000000008000be4                USART1_IRQHandler
                0x0000000008000be4                OTG_FS_IRQHandler
                0x0000000008000be4                SPI3_IRQHandler
                0x0000000008000be4                DMA1_Stream4_IRQHandler
                0x0000000008000be4                I2C1_ER_IRQHandler
                0x0000000008000be4                FMC_IRQHandler
                0x0000000008000be4                I2C4_ER_IRQHandler
                0x0000000008000be4                DMA2_Stream6_IRQHandler
                0x0000000008000be4                SAI1_IRQHandler
                0x0000000008000be4                DMA1_Stream3_IRQHandler
 *fill*         0x0000000008000be6        0x2 
 .text.__libc_init_array
                0x0000000008000be8       0x48 /app/stm32cubeide/plugins/com.st.stm32cube.ide.mcu.externaltools.gnu-tools-for-stm32.7-2018-q2-update.linux64_1.4.0.202007081208/tools/bin/../lib/gcc/arm-none-eabi/7.3.1/../../../../arm-none-eabi/lib/thumb/v7e-m/fpv5/hard/libc_nano.a(lib_a-init.o)
                0x0000000008000be8                __libc_init_array
 *(.glue_7)
 .glue_7        0x0000000008000c30        0x0 linker stubs
 *(.glue_7t)
 .glue_7t       0x0000000008000c30        0x0 linker stubs
 *(.eh_frame)
 .eh_frame      0x0000000008000c30        0x0 /app/stm32cubeide/plugins/com.st.stm32cube.ide.mcu.externaltools.gnu-tools-for-stm32.7-2018-q2-update.linux64_1.4.0.202007081208/tools/bin/../lib/gcc/arm-none-eabi/7.3.1/thumb/v7e-m/fpv5/hard/crtbegin.o
 *(.init)
 .init          0x0000000008000c30        0x4 /app/stm32cubeide/plugins/com.st.stm32cube.ide.mcu.externaltools.gnu-tools-for-stm32.7-2018-q2-update.linux64_1.4.0.202007081208/tools/bin/../lib/gcc/arm-none-eabi/7.3.1/thumb/v7e-m/fpv5/hard/crti.o
                0x0000000008000c30                _init
 .init          0x0000000008000c34        0x8 /app/stm32cubeide/plugins/com.st.stm32cube.ide.mcu.externaltools.gnu-tools-for-stm32.7-2018-q2-update.linux64_1.4.0.202007081208/tools/bin/../lib/gcc/arm-none-eabi/7.3.1/thumb/v7e-m/fpv5/hard/crtn.o
 *(.fini)
 .fini          0x0000000008000c3c        0x4 /app/stm32cubeide/plugins/com.st.stm32cube.ide.mcu.externaltools.gnu-tools-for-stm32.7-2018-q2-update.linux64_1.4.0.202007081208/tools/bin/../lib/gcc/arm-none-eabi/7.3.1/thumb/v7e-m/fpv5/hard/crti.o
                0x0000000008000c3c                _fini
 .fini          0x0000000008000c40        0x8 /app/stm32cubeide/plugins/com.st.stm32cube.ide.mcu.externaltools.gnu-tools-for-stm32.7-2018-q2-update.linux64_1.4.0.202007081208/tools/bin/../lib/gcc/arm-none-eabi/7.3.1/thumb/v7e-m/fpv5/hard/crtn.o
                0x0000000008000c48                . = ALIGN (0x4)
                0x0000000008000c48                _etext = .

.vfp11_veneer   0x0000000008000c48        0x0
 .vfp11_veneer  0x0000000008000c48        0x0 linker stubs

.v4_bx          0x0000000008000c48        0x0
 .v4_bx         0x0000000008000c48        0x0 linker stubs

.iplt           0x0000000008000c48        0x0
 .iplt          0x0000000008000c48        0x0 /app/stm32cubeide/plugins/com.st.stm32cube.ide.mcu.externaltools.gnu-tools-for-stm32.7-2018-q2-update.linux64_1.4.0.202007081208/tools/bin/../lib/gcc/arm-none-eabi/7.3.1/thumb/v7e-m/fpv5/hard/crtbegin.o

.rodata         0x0000000008000c48        0xc
                0x0000000008000c48                . = ALIGN (0x4)
 *(.rodata)
 .rodata        0x0000000008000c48        0xc Src/05_spi_tx_testing.o
 *(.rodata*)
                0x0000000008000c54                . = ALIGN (0x4)

.rel.dyn        0x0000000008000c54        0x0
 .rel.iplt      0x0000000008000c54        0x0 /app/stm32cubeide/plugins/com.st.stm32cube.ide.mcu.externaltools.gnu-tools-for-stm32.7-2018-q2-update.linux64_1.4.0.202007081208/tools/bin/../lib/gcc/arm-none-eabi/7.3.1/thumb/v7e-m/fpv5/hard/crtbegin.o

.ARM.extab      0x0000000008000c54        0x0
                0x0000000008000c54                . = ALIGN (0x4)
 *(.ARM.extab* .gnu.linkonce.armextab.*)
                0x0000000008000c54                . = ALIGN (0x4)

.ARM            0x0000000008000c54        0x0
                0x0000000008000c54                . = ALIGN (0x4)
                0x0000000008000c54                __exidx_start = .
 *(.ARM.exidx*)
                0x0000000008000c54                __exidx_end = .
                0x0000000008000c54                . = ALIGN (0x4)

.preinit_array  0x0000000008000c54        0x0
                0x0000000008000c54                . = ALIGN (0x4)
                0x0000000008000c54                PROVIDE (__preinit_array_start = .)
 *(.preinit_array*)
                0x0000000008000c54                PROVIDE (__preinit_array_end = .)
                0x0000000008000c54                . = ALIGN (0x4)

.init_array     0x0000000008000c54        0x4
                0x0000000008000c54                . = ALIGN (0x4)
                0x0000000008000c54                PROVIDE (__init_array_start = .)
 *(SORT_BY_NAME(.init_array.*))
 *(.init_array*)
 .init_array    0x0000000008000c54        0x4 /app/stm32cubeide/plugins/com.st.stm32cube.ide.mcu.externaltools.gnu-tools-for-stm32.7-2018-q2-update.linux64_1.4.0.202007081208/tools/bin/../lib/gcc/arm-none-eabi/7.3.1/thumb/v7e-m/fpv5/hard/crtbegin.o
                0x0000000008000c58                PROVIDE (__init_array_end = .)
                0x0000000008000c58                . = ALIGN (0x4)

.fini_array     0x0000000008000c58        0x4
                0x0000000008000c58                . = ALIGN (0x4)
                [!provide]                        PROVIDE (__fini_array_start = .)
 *(SORT_BY_NAME(.fini_array.*))
 *(.fini_array*)
 .fini_array    0x0000000008000c58        0x4 /app/stm32cubeide/plugins/com.st.stm32cube.ide.mcu.externaltools.gnu-tools-for-stm32.7-2018-q2-update.linux64_1.4.0.202007081208/tools/bin/../lib/gcc/arm-none-eabi/7.3.1/thumb/v7e-m/fpv5/hard/crtbegin.o
                [!provide]                        PROVIDE (__fini_array_end = .)
                0x0000000008000c5c                . = ALIGN (0x4)
                0x0000000008000c5c                _sidata = LOADADDR (.data)

.data           0x0000000020000000        0x0 load address 0x0000000008000c5c
                0x0000000020000000                . = ALIGN (0x4)
                0x0000000020000000                _sdata = .
 *(.data)
 *(.data*)
                0x0000000020000000                . = ALIGN (0x4)
                0x0000000020000000                _edata = .

.igot.plt       0x0000000020000000        0x0 load address 0x0000000008000c5c
 .igot.plt      0x0000000020000000        0x0 /app/stm32cubeide/plugins/com.st.stm32cube.ide.mcu.externaltools.gnu-tools-for-stm32.7-2018-q2-update.linux64_1.4.0.202007081208/tools/bin/../lib/gcc/arm-none-eabi/7.3.1/thumb/v7e-m/fpv5/hard/crtbegin.o
                0x0000000020000000                . = ALIGN (0x4)

.bss            0x0000000020000000       0x1c load address 0x0000000008000c5c
                0x0000000020000000                _sbss = .
                0x0000000020000000                __bss_start__ = _sbss
 *(.bss)
 .bss           0x0000000020000000       0x1c /app/stm32cubeide/plugins/com.st.stm32cube.ide.mcu.externaltools.gnu-tools-for-stm32.7-2018-q2-update.linux64_1.4.0.202007081208/tools/bin/../lib/gcc/arm-none-eabi/7.3.1/thumb/v7e-m/fpv5/hard/crtbegin.o
 *(.bss*)
 *(COMMON)
                0x000000002000001c                . = ALIGN (0x4)
                0x000000002000001c                _ebss = .
                0x000000002000001c                __bss_end__ = _ebss

._user_heap_stack
                0x000000002000001c      0x604 load address 0x0000000008000c5c
                0x0000000020000020                . = ALIGN (0x8)
 *fill*         0x000000002000001c        0x4 
                [!provide]                        PROVIDE (end = .)
                [!provide]                        PROVIDE (_end = .)
                0x0000000020000220                . = (. + _Min_Heap_Size)
 *fill*         0x0000000020000020      0x200 
                0x0000000020000620                . = (. + _Min_Stack_Size)
 *fill*         0x0000000020000220      0x400 
                0x0000000020000620                . = ALIGN (0x8)

/DISCARD/
 libc.a(*)
 libm.a(*)
 libgcc.a(*)

.ARM.attributes
                0x0000000000000000       0x2e
 *(.ARM.attributes)
 .ARM.attributes
                0x0000000000000000       0x20 /app/stm32cubeide/plugins/com.st.stm32cube.ide.mcu.externaltools.gnu-tools-for-stm32.7-2018-q2-update.linux64_1.4.0.202007081208/tools/bin/../lib/gcc/arm-none-eabi/7.3.1/thumb/v7e-m/fpv5/hard/crti.o
 .ARM.attributes
                0x0000000000000020       0x32 /app/stm32cubeide/plugins/com.st.stm32cube.ide.mcu.externaltools.gnu-tools-for-stm32.7-2018-q2-update.linux64_1.4.0.202007081208/tools/bin/../lib/gcc/arm-none-eabi/7.3.1/thumb/v7e-m/fpv5/hard/crtbegin.o
 .ARM.attributes
                0x0000000000000052       0x37 Drivers/Src/stm32f767xx_gpio_driver.o
 .ARM.attributes
                0x0000000000000089       0x37 Drivers/Src/stm32f767xx_spi_driver.o
 .ARM.attributes
                0x00000000000000c0       0x37 Src/05_spi_tx_testing.o
 .ARM.attributes
                0x00000000000000f7       0x21 Startup/startup_stm32f767zitx.o
 .ARM.attributes
                0x0000000000000118       0x32 /app/stm32cubeide/plugins/com.st.stm32cube.ide.mcu.externaltools.gnu-tools-for-stm32.7-2018-q2-update.linux64_1.4.0.202007081208/tools/bin/../lib/gcc/arm-none-eabi/7.3.1/../../../../arm-none-eabi/lib/thumb/v7e-m/fpv5/hard/libc_nano.a(lib_a-init.o)
 .ARM.attributes
                0x000000000000014a       0x19 /app/stm32cubeide/plugins/com.st.stm32cube.ide.mcu.externaltools.gnu-tools-for-stm32.7-2018-q2-update.linux64_1.4.0.202007081208/tools/bin/../lib/gcc/arm-none-eabi/7.3.1/../../../../arm-none-eabi/lib/thumb/v7e-m/fpv5/hard/libc_nano.a(lib_a-strlen.o)
 .ARM.attributes
                0x0000000000000163       0x20 /app/stm32cubeide/plugins/com.st.stm32cube.ide.mcu.externaltools.gnu-tools-for-stm32.7-2018-q2-update.linux64_1.4.0.202007081208/tools/bin/../lib/gcc/arm-none-eabi/7.3.1/thumb/v7e-m/fpv5/hard/crtn.o
OUTPUT(stm32f7xx_drivers.elf elf32-littlearm)

.debug_info     0x0000000000000000     0x186d
 .debug_info    0x0000000000000000      0x719 Drivers/Src/stm32f767xx_gpio_driver.o
 .debug_info    0x0000000000000719      0x5c1 Drivers/Src/stm32f767xx_spi_driver.o
 .debug_info    0x0000000000000cda      0xb71 Src/05_spi_tx_testing.o
 .debug_info    0x000000000000184b       0x22 Startup/startup_stm32f767zitx.o

.debug_abbrev   0x0000000000000000      0x47b
 .debug_abbrev  0x0000000000000000      0x175 Drivers/Src/stm32f767xx_gpio_driver.o
 .debug_abbrev  0x0000000000000175      0x145 Drivers/Src/stm32f767xx_spi_driver.o
 .debug_abbrev  0x00000000000002ba      0x1af Src/05_spi_tx_testing.o
 .debug_abbrev  0x0000000000000469       0x12 Startup/startup_stm32f767zitx.o

.debug_aranges  0x0000000000000000      0x138
 .debug_aranges
                0x0000000000000000       0x70 Drivers/Src/stm32f767xx_gpio_driver.o
 .debug_aranges
                0x0000000000000070       0x70 Drivers/Src/stm32f767xx_spi_driver.o
 .debug_aranges
                0x00000000000000e0       0x30 Src/05_spi_tx_testing.o
 .debug_aranges
                0x0000000000000110       0x28 Startup/startup_stm32f767zitx.o

.debug_ranges   0x0000000000000000      0x100
 .debug_ranges  0x0000000000000000       0x60 Drivers/Src/stm32f767xx_gpio_driver.o
 .debug_ranges  0x0000000000000060       0x60 Drivers/Src/stm32f767xx_spi_driver.o
 .debug_ranges  0x00000000000000c0       0x20 Src/05_spi_tx_testing.o
 .debug_ranges  0x00000000000000e0       0x20 Startup/startup_stm32f767zitx.o

.debug_macro    0x0000000000000000     0x2158
 .debug_macro   0x0000000000000000       0x94 Drivers/Src/stm32f767xx_gpio_driver.o
 .debug_macro   0x0000000000000094      0xa72 Drivers/Src/stm32f767xx_gpio_driver.o
 .debug_macro   0x0000000000000b06       0x22 Drivers/Src/stm32f767xx_gpio_driver.o
 .debug_macro   0x0000000000000b28       0x8e Drivers/Src/stm32f767xx_gpio_driver.o
 .debug_macro   0x0000000000000bb6       0x51 Drivers/Src/stm32f767xx_gpio_driver.o
 .debug_macro   0x0000000000000c07       0xef Drivers/Src/stm32f767xx_gpio_driver.o
 .debug_macro   0x0000000000000cf6       0x6a Drivers/Src/stm32f767xx_gpio_driver.o
 .debug_macro   0x0000000000000d60      0x1df Drivers/Src/stm32f767xx_gpio_driver.o
 .debug_macro   0x0000000000000f3f      0x5a7 Drivers/Src/stm32f767xx_gpio_driver.o
 .debug_macro   0x00000000000014e6       0x94 Drivers/Src/stm32f767xx_gpio_driver.o
 .debug_macro   0x000000000000157a       0xc4 Drivers/Src/stm32f767xx_gpio_driver.o
 .debug_macro   0x000000000000163e       0x94 Drivers/Src/stm32f767xx_spi_driver.o
 .debug_macro   0x00000000000016d2      0x154 Src/05_spi_tx_testing.o
 .debug_macro   0x0000000000001826       0x40 Src/05_spi_tx_testing.o
 .debug_macro   0x0000000000001866       0x17 Src/05_spi_tx_testing.o
 .debug_macro   0x000000000000187d       0x94 Src/05_spi_tx_testing.o
 .debug_macro   0x0000000000001911       0x3c Src/05_spi_tx_testing.o
 .debug_macro   0x000000000000194d       0x34 Src/05_spi_tx_testing.o
 .debug_macro   0x0000000000001981      0x174 Src/05_spi_tx_testing.o
 .debug_macro   0x0000000000001af5       0x57 Src/05_spi_tx_testing.o
 .debug_macro   0x0000000000001b4c       0x52 Src/05_spi_tx_testing.o
 .debug_macro   0x0000000000001b9e       0x1f Src/05_spi_tx_testing.o
 .debug_macro   0x0000000000001bbd       0x43 Src/05_spi_tx_testing.o
 .debug_macro   0x0000000000001c00       0x20 Src/05_spi_tx_testing.o
 .debug_macro   0x0000000000001c20      0x1a3 Src/05_spi_tx_testing.o
 .debug_macro   0x0000000000001dc3      0x330 Src/05_spi_tx_testing.o
 .debug_macro   0x00000000000020f3       0x10 Src/05_spi_tx_testing.o
 .debug_macro   0x0000000000002103       0x35 Src/05_spi_tx_testing.o
 .debug_macro   0x0000000000002138       0x20 Src/05_spi_tx_testing.o

.debug_line     0x0000000000000000     0x1167
 .debug_line    0x0000000000000000      0x662 Drivers/Src/stm32f767xx_gpio_driver.o
 .debug_line    0x0000000000000662      0x515 Drivers/Src/stm32f767xx_spi_driver.o
 .debug_line    0x0000000000000b77      0x56c Src/05_spi_tx_testing.o
 .debug_line    0x00000000000010e3       0x84 Startup/startup_stm32f767zitx.o

.debug_str      0x0000000000000000     0x9665
 .debug_str     0x0000000000000000     0x6204 Drivers/Src/stm32f767xx_gpio_driver.o
                                       0x639a (size before relaxing)
 .debug_str     0x0000000000006204      0x1c8 Drivers/Src/stm32f767xx_spi_driver.o
                                       0x6306 (size before relaxing)
 .debug_str     0x00000000000063cc     0x3240 Src/05_spi_tx_testing.o
                                       0x9487 (size before relaxing)
 .debug_str     0x000000000000960c       0x59 Startup/startup_stm32f767zitx.o

.comment        0x0000000000000000       0x7b
 .comment       0x0000000000000000       0x7b Drivers/Src/stm32f767xx_gpio_driver.o
                                         0x7c (size before relaxing)
 .comment       0x000000000000007b       0x7c Drivers/Src/stm32f767xx_spi_driver.o
 .comment       0x000000000000007b       0x7c Src/05_spi_tx_testing.o

.debug_frame    0x0000000000000000      0x42c
 .debug_frame   0x0000000000000000      0x1c8 Drivers/Src/stm32f767xx_gpio_driver.o
 .debug_frame   0x00000000000001c8      0x1c0 Drivers/Src/stm32f767xx_spi_driver.o
 .debug_frame   0x0000000000000388       0x78 Src/05_spi_tx_testing.o
 .debug_frame   0x0000000000000400       0x2c /app/stm32cubeide/plugins/com.st.stm32cube.ide.mcu.externaltools.gnu-tools-for-stm32.7-2018-q2-update.linux64_1.4.0.202007081208/tools/bin/../lib/gcc/arm-none-eabi/7.3.1/../../../../arm-none-eabi/lib/thumb/v7e-m/fpv5/hard/libc_nano.a(lib_a-init.o)
