Archive member included to satisfy reference by file (symbol)

/app/stm32cubeide/plugins/com.st.stm32cube.ide.mcu.externaltools.gnu-tools-for-stm32.7-2018-q2-update.linux64_1.4.0.202007081208/tools/bin/../lib/gcc/arm-none-eabi/7.3.1/../../../../arm-none-eabi/lib/thumb/v7e-m/fpv5/hard/libc_nano.a(lib_a-exit.o)
                              /app/stm32cubeide/plugins/com.st.stm32cube.ide.mcu.externaltools.gnu-tools-for-stm32.7-2018-q2-update.linux64_1.4.0.202007081208/tools/bin/../lib/gcc/arm-none-eabi/7.3.1/../../../../arm-none-eabi/lib/thumb/v7e-m/fpv5/hard/crt0.o (exit)
/app/stm32cubeide/plugins/com.st.stm32cube.ide.mcu.externaltools.gnu-tools-for-stm32.7-2018-q2-update.linux64_1.4.0.202007081208/tools/bin/../lib/gcc/arm-none-eabi/7.3.1/../../../../arm-none-eabi/lib/thumb/v7e-m/fpv5/hard/libc_nano.a(lib_a-impure.o)
                              /app/stm32cubeide/plugins/com.st.stm32cube.ide.mcu.externaltools.gnu-tools-for-stm32.7-2018-q2-update.linux64_1.4.0.202007081208/tools/bin/../lib/gcc/arm-none-eabi/7.3.1/../../../../arm-none-eabi/lib/thumb/v7e-m/fpv5/hard/libc_nano.a(lib_a-exit.o) (_global_impure_ptr)
/app/stm32cubeide/plugins/com.st.stm32cube.ide.mcu.externaltools.gnu-tools-for-stm32.7-2018-q2-update.linux64_1.4.0.202007081208/tools/bin/../lib/gcc/arm-none-eabi/7.3.1/../../../../arm-none-eabi/lib/thumb/v7e-m/fpv5/hard/libc_nano.a(lib_a-init.o)
                              /app/stm32cubeide/plugins/com.st.stm32cube.ide.mcu.externaltools.gnu-tools-for-stm32.7-2018-q2-update.linux64_1.4.0.202007081208/tools/bin/../lib/gcc/arm-none-eabi/7.3.1/../../../../arm-none-eabi/lib/thumb/v7e-m/fpv5/hard/crt0.o (__libc_init_array)
/app/stm32cubeide/plugins/com.st.stm32cube.ide.mcu.externaltools.gnu-tools-for-stm32.7-2018-q2-update.linux64_1.4.0.202007081208/tools/bin/../lib/gcc/arm-none-eabi/7.3.1/../../../../arm-none-eabi/lib/thumb/v7e-m/fpv5/hard/libc_nano.a(lib_a-memset.o)
                              /app/stm32cubeide/plugins/com.st.stm32cube.ide.mcu.externaltools.gnu-tools-for-stm32.7-2018-q2-update.linux64_1.4.0.202007081208/tools/bin/../lib/gcc/arm-none-eabi/7.3.1/../../../../arm-none-eabi/lib/thumb/v7e-m/fpv5/hard/crt0.o (memset)
/app/stm32cubeide/plugins/com.st.stm32cube.ide.mcu.externaltools.gnu-tools-for-stm32.7-2018-q2-update.linux64_1.4.0.202007081208/tools/bin/../lib/gcc/arm-none-eabi/7.3.1/../../../../arm-none-eabi/lib/thumb/v7e-m/fpv5/hard/libnosys.a(_exit.o)
                              /app/stm32cubeide/plugins/com.st.stm32cube.ide.mcu.externaltools.gnu-tools-for-stm32.7-2018-q2-update.linux64_1.4.0.202007081208/tools/bin/../lib/gcc/arm-none-eabi/7.3.1/../../../../arm-none-eabi/lib/thumb/v7e-m/fpv5/hard/libc_nano.a(lib_a-exit.o) (_exit)

Discarded input sections

 .text          0x0000000000000000        0x0 /app/stm32cubeide/plugins/com.st.stm32cube.ide.mcu.externaltools.gnu-tools-for-stm32.7-2018-q2-update.linux64_1.4.0.202007081208/tools/bin/../lib/gcc/arm-none-eabi/7.3.1/thumb/v7e-m/fpv5/hard/crti.o
 .data          0x0000000000000000        0x0 /app/stm32cubeide/plugins/com.st.stm32cube.ide.mcu.externaltools.gnu-tools-for-stm32.7-2018-q2-update.linux64_1.4.0.202007081208/tools/bin/../lib/gcc/arm-none-eabi/7.3.1/thumb/v7e-m/fpv5/hard/crti.o
 .bss           0x0000000000000000        0x0 /app/stm32cubeide/plugins/com.st.stm32cube.ide.mcu.externaltools.gnu-tools-for-stm32.7-2018-q2-update.linux64_1.4.0.202007081208/tools/bin/../lib/gcc/arm-none-eabi/7.3.1/thumb/v7e-m/fpv5/hard/crti.o
 .data          0x0000000000000000        0x4 /app/stm32cubeide/plugins/com.st.stm32cube.ide.mcu.externaltools.gnu-tools-for-stm32.7-2018-q2-update.linux64_1.4.0.202007081208/tools/bin/../lib/gcc/arm-none-eabi/7.3.1/thumb/v7e-m/fpv5/hard/crtbegin.o
 .text          0x0000000000000000       0x74 /app/stm32cubeide/plugins/com.st.stm32cube.ide.mcu.externaltools.gnu-tools-for-stm32.7-2018-q2-update.linux64_1.4.0.202007081208/tools/bin/../lib/gcc/arm-none-eabi/7.3.1/../../../../arm-none-eabi/lib/thumb/v7e-m/fpv5/hard/crt0.o
 .data          0x0000000000000000        0x0 /app/stm32cubeide/plugins/com.st.stm32cube.ide.mcu.externaltools.gnu-tools-for-stm32.7-2018-q2-update.linux64_1.4.0.202007081208/tools/bin/../lib/gcc/arm-none-eabi/7.3.1/../../../../arm-none-eabi/lib/thumb/v7e-m/fpv5/hard/crt0.o
 .bss           0x0000000000000000        0x0 /app/stm32cubeide/plugins/com.st.stm32cube.ide.mcu.externaltools.gnu-tools-for-stm32.7-2018-q2-update.linux64_1.4.0.202007081208/tools/bin/../lib/gcc/arm-none-eabi/7.3.1/../../../../arm-none-eabi/lib/thumb/v7e-m/fpv5/hard/crt0.o
 .ARM.extab     0x0000000000000000        0x0 /app/stm32cubeide/plugins/com.st.stm32cube.ide.mcu.externaltools.gnu-tools-for-stm32.7-2018-q2-update.linux64_1.4.0.202007081208/tools/bin/../lib/gcc/arm-none-eabi/7.3.1/../../../../arm-none-eabi/lib/thumb/v7e-m/fpv5/hard/crt0.o
 .ARM.exidx     0x0000000000000000        0x8 /app/stm32cubeide/plugins/com.st.stm32cube.ide.mcu.externaltools.gnu-tools-for-stm32.7-2018-q2-update.linux64_1.4.0.202007081208/tools/bin/../lib/gcc/arm-none-eabi/7.3.1/../../../../arm-none-eabi/lib/thumb/v7e-m/fpv5/hard/crt0.o
 .ARM.attributes
                0x0000000000000000       0x1e /app/stm32cubeide/plugins/com.st.stm32cube.ide.mcu.externaltools.gnu-tools-for-stm32.7-2018-q2-update.linux64_1.4.0.202007081208/tools/bin/../lib/gcc/arm-none-eabi/7.3.1/../../../../arm-none-eabi/lib/thumb/v7e-m/fpv5/hard/crt0.o
 .group         0x0000000000000000        0xc Drivers/Src/stm32f767xx_gpio_driver.o
 .group         0x0000000000000000        0xc Drivers/Src/stm32f767xx_gpio_driver.o
 .group         0x0000000000000000        0xc Drivers/Src/stm32f767xx_gpio_driver.o
 .group         0x0000000000000000        0xc Drivers/Src/stm32f767xx_gpio_driver.o
 .group         0x0000000000000000        0xc Drivers/Src/stm32f767xx_gpio_driver.o
 .group         0x0000000000000000        0xc Drivers/Src/stm32f767xx_gpio_driver.o
 .group         0x0000000000000000        0xc Drivers/Src/stm32f767xx_gpio_driver.o
 .group         0x0000000000000000        0xc Drivers/Src/stm32f767xx_gpio_driver.o
 .group         0x0000000000000000        0xc Drivers/Src/stm32f767xx_gpio_driver.o
 .text          0x0000000000000000        0x0 Drivers/Src/stm32f767xx_gpio_driver.o
 .data          0x0000000000000000        0x0 Drivers/Src/stm32f767xx_gpio_driver.o
 .bss           0x0000000000000000        0x0 Drivers/Src/stm32f767xx_gpio_driver.o
 .text.GPIO_DeInit
                0x0000000000000000      0x1b0 Drivers/Src/stm32f767xx_gpio_driver.o
 .text.GPIO_ReadFromInputPin
                0x0000000000000000       0x2c Drivers/Src/stm32f767xx_gpio_driver.o
 .text.GPIO_ReadFromInputPort
                0x0000000000000000       0x1e Drivers/Src/stm32f767xx_gpio_driver.o
 .text.GPIO_WriteToOutputPin
                0x0000000000000000       0x4a Drivers/Src/stm32f767xx_gpio_driver.o
 .text.GPIO_WriteToOutputPort
                0x0000000000000000       0x1e Drivers/Src/stm32f767xx_gpio_driver.o
 .group         0x0000000000000000        0xc Drivers/Src/stm32f767xx_spi_driver.o
 .group         0x0000000000000000        0xc Drivers/Src/stm32f767xx_spi_driver.o
 .group         0x0000000000000000        0xc Drivers/Src/stm32f767xx_spi_driver.o
 .group         0x0000000000000000        0xc Drivers/Src/stm32f767xx_spi_driver.o
 .group         0x0000000000000000        0xc Drivers/Src/stm32f767xx_spi_driver.o
 .group         0x0000000000000000        0xc Drivers/Src/stm32f767xx_spi_driver.o
 .group         0x0000000000000000        0xc Drivers/Src/stm32f767xx_spi_driver.o
 .group         0x0000000000000000        0xc Drivers/Src/stm32f767xx_spi_driver.o
 .group         0x0000000000000000        0xc Drivers/Src/stm32f767xx_spi_driver.o
 .text          0x0000000000000000        0x0 Drivers/Src/stm32f767xx_spi_driver.o
 .data          0x0000000000000000        0x0 Drivers/Src/stm32f767xx_spi_driver.o
 .bss           0x0000000000000000        0x0 Drivers/Src/stm32f767xx_spi_driver.o
 .text.SPI_PeriClockControl
                0x0000000000000000      0x140 Drivers/Src/stm32f767xx_spi_driver.o
 .text.SPI_Init
                0x0000000000000000       0x14 Drivers/Src/stm32f767xx_spi_driver.o
 .text.SPI_DeInit
                0x0000000000000000       0x14 Drivers/Src/stm32f767xx_spi_driver.o
 .text.SPI_SendData
                0x0000000000000000       0x18 Drivers/Src/stm32f767xx_spi_driver.o
 .text.SPI_RecieveData
                0x0000000000000000       0x18 Drivers/Src/stm32f767xx_spi_driver.o
 .text.SPI_IRQInterruptConfig
                0x0000000000000000       0x1c Drivers/Src/stm32f767xx_spi_driver.o
 .text.SPI_IRQPriorityConfig
                0x0000000000000000       0x1c Drivers/Src/stm32f767xx_spi_driver.o
 .text.SPI_IRQHandle
                0x0000000000000000       0x14 Drivers/Src/stm32f767xx_spi_driver.o
 .debug_info    0x0000000000000000      0x4fb Drivers/Src/stm32f767xx_spi_driver.o
 .debug_abbrev  0x0000000000000000       0xd7 Drivers/Src/stm32f767xx_spi_driver.o
 .debug_aranges
                0x0000000000000000       0x58 Drivers/Src/stm32f767xx_spi_driver.o
 .debug_ranges  0x0000000000000000       0x48 Drivers/Src/stm32f767xx_spi_driver.o
 .debug_macro   0x0000000000000000       0x8f Drivers/Src/stm32f767xx_spi_driver.o
 .debug_macro   0x0000000000000000      0xa72 Drivers/Src/stm32f767xx_spi_driver.o
 .debug_macro   0x0000000000000000       0x22 Drivers/Src/stm32f767xx_spi_driver.o
 .debug_macro   0x0000000000000000       0x8e Drivers/Src/stm32f767xx_spi_driver.o
 .debug_macro   0x0000000000000000       0x51 Drivers/Src/stm32f767xx_spi_driver.o
 .debug_macro   0x0000000000000000       0xef Drivers/Src/stm32f767xx_spi_driver.o
 .debug_macro   0x0000000000000000       0x6a Drivers/Src/stm32f767xx_spi_driver.o
 .debug_macro   0x0000000000000000      0x1df Drivers/Src/stm32f767xx_spi_driver.o
 .debug_macro   0x0000000000000000      0x496 Drivers/Src/stm32f767xx_spi_driver.o
 .debug_macro   0x0000000000000000       0xc4 Drivers/Src/stm32f767xx_spi_driver.o
 .debug_line    0x0000000000000000      0x4b0 Drivers/Src/stm32f767xx_spi_driver.o
 .debug_str     0x0000000000000000     0x5e38 Drivers/Src/stm32f767xx_spi_driver.o
 .comment       0x0000000000000000       0x7c Drivers/Src/stm32f767xx_spi_driver.o
 .debug_frame   0x0000000000000000      0x150 Drivers/Src/stm32f767xx_spi_driver.o
 .ARM.attributes
                0x0000000000000000       0x37 Drivers/Src/stm32f767xx_spi_driver.o
 .group         0x0000000000000000        0xc Src/04_button_interrupt.o
 .group         0x0000000000000000        0xc Src/04_button_interrupt.o
 .group         0x0000000000000000        0xc Src/04_button_interrupt.o
 .group         0x0000000000000000        0xc Src/04_button_interrupt.o
 .group         0x0000000000000000        0xc Src/04_button_interrupt.o
 .group         0x0000000000000000        0xc Src/04_button_interrupt.o
 .group         0x0000000000000000        0xc Src/04_button_interrupt.o
 .group         0x0000000000000000        0xc Src/04_button_interrupt.o
 .group         0x0000000000000000        0xc Src/04_button_interrupt.o
 .group         0x0000000000000000        0xc Src/04_button_interrupt.o
 .group         0x0000000000000000        0xc Src/04_button_interrupt.o
 .group         0x0000000000000000        0xc Src/04_button_interrupt.o
 .group         0x0000000000000000        0xc Src/04_button_interrupt.o
 .group         0x0000000000000000        0xc Src/04_button_interrupt.o
 .group         0x0000000000000000        0xc Src/04_button_interrupt.o
 .group         0x0000000000000000        0xc Src/04_button_interrupt.o
 .group         0x0000000000000000        0xc Src/04_button_interrupt.o
 .group         0x0000000000000000        0xc Src/04_button_interrupt.o
 .group         0x0000000000000000        0xc Src/04_button_interrupt.o
 .group         0x0000000000000000        0xc Src/04_button_interrupt.o
 .group         0x0000000000000000        0xc Src/04_button_interrupt.o
 .group         0x0000000000000000        0xc Src/04_button_interrupt.o
 .group         0x0000000000000000        0xc Src/04_button_interrupt.o
 .text          0x0000000000000000        0x0 Src/04_button_interrupt.o
 .data          0x0000000000000000        0x0 Src/04_button_interrupt.o
 .bss           0x0000000000000000        0x0 Src/04_button_interrupt.o
 .debug_macro   0x0000000000000000      0xa72 Src/04_button_interrupt.o
 .debug_macro   0x0000000000000000       0x22 Src/04_button_interrupt.o
 .debug_macro   0x0000000000000000       0x8e Src/04_button_interrupt.o
 .debug_macro   0x0000000000000000       0x51 Src/04_button_interrupt.o
 .debug_macro   0x0000000000000000       0xef Src/04_button_interrupt.o
 .debug_macro   0x0000000000000000       0x6a Src/04_button_interrupt.o
 .debug_macro   0x0000000000000000      0x1df Src/04_button_interrupt.o
 .debug_macro   0x0000000000000000      0x496 Src/04_button_interrupt.o
 .debug_macro   0x0000000000000000       0xc4 Src/04_button_interrupt.o
 .text          0x0000000000000000       0x14 Startup/startup_stm32f767zitx.o
 .data          0x0000000000000000        0x0 Startup/startup_stm32f767zitx.o
 .bss           0x0000000000000000        0x0 Startup/startup_stm32f767zitx.o
 .text          0x0000000000000000        0x0 /app/stm32cubeide/plugins/com.st.stm32cube.ide.mcu.externaltools.gnu-tools-for-stm32.7-2018-q2-update.linux64_1.4.0.202007081208/tools/bin/../lib/gcc/arm-none-eabi/7.3.1/../../../../arm-none-eabi/lib/thumb/v7e-m/fpv5/hard/libc_nano.a(lib_a-exit.o)
 .data          0x0000000000000000        0x0 /app/stm32cubeide/plugins/com.st.stm32cube.ide.mcu.externaltools.gnu-tools-for-stm32.7-2018-q2-update.linux64_1.4.0.202007081208/tools/bin/../lib/gcc/arm-none-eabi/7.3.1/../../../../arm-none-eabi/lib/thumb/v7e-m/fpv5/hard/libc_nano.a(lib_a-exit.o)
 .bss           0x0000000000000000        0x0 /app/stm32cubeide/plugins/com.st.stm32cube.ide.mcu.externaltools.gnu-tools-for-stm32.7-2018-q2-update.linux64_1.4.0.202007081208/tools/bin/../lib/gcc/arm-none-eabi/7.3.1/../../../../arm-none-eabi/lib/thumb/v7e-m/fpv5/hard/libc_nano.a(lib_a-exit.o)
 .text.exit     0x0000000000000000       0x28 /app/stm32cubeide/plugins/com.st.stm32cube.ide.mcu.externaltools.gnu-tools-for-stm32.7-2018-q2-update.linux64_1.4.0.202007081208/tools/bin/../lib/gcc/arm-none-eabi/7.3.1/../../../../arm-none-eabi/lib/thumb/v7e-m/fpv5/hard/libc_nano.a(lib_a-exit.o)
 .debug_frame   0x0000000000000000       0x28 /app/stm32cubeide/plugins/com.st.stm32cube.ide.mcu.externaltools.gnu-tools-for-stm32.7-2018-q2-update.linux64_1.4.0.202007081208/tools/bin/../lib/gcc/arm-none-eabi/7.3.1/../../../../arm-none-eabi/lib/thumb/v7e-m/fpv5/hard/libc_nano.a(lib_a-exit.o)
 .ARM.attributes
                0x0000000000000000       0x32 /app/stm32cubeide/plugins/com.st.stm32cube.ide.mcu.externaltools.gnu-tools-for-stm32.7-2018-q2-update.linux64_1.4.0.202007081208/tools/bin/../lib/gcc/arm-none-eabi/7.3.1/../../../../arm-none-eabi/lib/thumb/v7e-m/fpv5/hard/libc_nano.a(lib_a-exit.o)
 .text          0x0000000000000000        0x0 /app/stm32cubeide/plugins/com.st.stm32cube.ide.mcu.externaltools.gnu-tools-for-stm32.7-2018-q2-update.linux64_1.4.0.202007081208/tools/bin/../lib/gcc/arm-none-eabi/7.3.1/../../../../arm-none-eabi/lib/thumb/v7e-m/fpv5/hard/libc_nano.a(lib_a-impure.o)
 .data          0x0000000000000000        0x0 /app/stm32cubeide/plugins/com.st.stm32cube.ide.mcu.externaltools.gnu-tools-for-stm32.7-2018-q2-update.linux64_1.4.0.202007081208/tools/bin/../lib/gcc/arm-none-eabi/7.3.1/../../../../arm-none-eabi/lib/thumb/v7e-m/fpv5/hard/libc_nano.a(lib_a-impure.o)
 .bss           0x0000000000000000        0x0 /app/stm32cubeide/plugins/com.st.stm32cube.ide.mcu.externaltools.gnu-tools-for-stm32.7-2018-q2-update.linux64_1.4.0.202007081208/tools/bin/../lib/gcc/arm-none-eabi/7.3.1/../../../../arm-none-eabi/lib/thumb/v7e-m/fpv5/hard/libc_nano.a(lib_a-impure.o)
 .data._impure_ptr
                0x0000000000000000        0x4 /app/stm32cubeide/plugins/com.st.stm32cube.ide.mcu.externaltools.gnu-tools-for-stm32.7-2018-q2-update.linux64_1.4.0.202007081208/tools/bin/../lib/gcc/arm-none-eabi/7.3.1/../../../../arm-none-eabi/lib/thumb/v7e-m/fpv5/hard/libc_nano.a(lib_a-impure.o)
 .data.impure_data
                0x0000000000000000       0x60 /app/stm32cubeide/plugins/com.st.stm32cube.ide.mcu.externaltools.gnu-tools-for-stm32.7-2018-q2-update.linux64_1.4.0.202007081208/tools/bin/../lib/gcc/arm-none-eabi/7.3.1/../../../../arm-none-eabi/lib/thumb/v7e-m/fpv5/hard/libc_nano.a(lib_a-impure.o)
 .rodata._global_impure_ptr
                0x0000000000000000        0x4 /app/stm32cubeide/plugins/com.st.stm32cube.ide.mcu.externaltools.gnu-tools-for-stm32.7-2018-q2-update.linux64_1.4.0.202007081208/tools/bin/../lib/gcc/arm-none-eabi/7.3.1/../../../../arm-none-eabi/lib/thumb/v7e-m/fpv5/hard/libc_nano.a(lib_a-impure.o)
 .ARM.attributes
                0x0000000000000000       0x32 /app/stm32cubeide/plugins/com.st.stm32cube.ide.mcu.externaltools.gnu-tools-for-stm32.7-2018-q2-update.linux64_1.4.0.202007081208/tools/bin/../lib/gcc/arm-none-eabi/7.3.1/../../../../arm-none-eabi/lib/thumb/v7e-m/fpv5/hard/libc_nano.a(lib_a-impure.o)
 .text          0x0000000000000000        0x0 /app/stm32cubeide/plugins/com.st.stm32cube.ide.mcu.externaltools.gnu-tools-for-stm32.7-2018-q2-update.linux64_1.4.0.202007081208/tools/bin/../lib/gcc/arm-none-eabi/7.3.1/../../../../arm-none-eabi/lib/thumb/v7e-m/fpv5/hard/libc_nano.a(lib_a-init.o)
 .data          0x0000000000000000        0x0 /app/stm32cubeide/plugins/com.st.stm32cube.ide.mcu.externaltools.gnu-tools-for-stm32.7-2018-q2-update.linux64_1.4.0.202007081208/tools/bin/../lib/gcc/arm-none-eabi/7.3.1/../../../../arm-none-eabi/lib/thumb/v7e-m/fpv5/hard/libc_nano.a(lib_a-init.o)
 .bss           0x0000000000000000        0x0 /app/stm32cubeide/plugins/com.st.stm32cube.ide.mcu.externaltools.gnu-tools-for-stm32.7-2018-q2-update.linux64_1.4.0.202007081208/tools/bin/../lib/gcc/arm-none-eabi/7.3.1/../../../../arm-none-eabi/lib/thumb/v7e-m/fpv5/hard/libc_nano.a(lib_a-init.o)
 .text          0x0000000000000000        0x0 /app/stm32cubeide/plugins/com.st.stm32cube.ide.mcu.externaltools.gnu-tools-for-stm32.7-2018-q2-update.linux64_1.4.0.202007081208/tools/bin/../lib/gcc/arm-none-eabi/7.3.1/../../../../arm-none-eabi/lib/thumb/v7e-m/fpv5/hard/libc_nano.a(lib_a-memset.o)
 .data          0x0000000000000000        0x0 /app/stm32cubeide/plugins/com.st.stm32cube.ide.mcu.externaltools.gnu-tools-for-stm32.7-2018-q2-update.linux64_1.4.0.202007081208/tools/bin/../lib/gcc/arm-none-eabi/7.3.1/../../../../arm-none-eabi/lib/thumb/v7e-m/fpv5/hard/libc_nano.a(lib_a-memset.o)
 .bss           0x0000000000000000        0x0 /app/stm32cubeide/plugins/com.st.stm32cube.ide.mcu.externaltools.gnu-tools-for-stm32.7-2018-q2-update.linux64_1.4.0.202007081208/tools/bin/../lib/gcc/arm-none-eabi/7.3.1/../../../../arm-none-eabi/lib/thumb/v7e-m/fpv5/hard/libc_nano.a(lib_a-memset.o)
 .text          0x0000000000000000        0x0 /app/stm32cubeide/plugins/com.st.stm32cube.ide.mcu.externaltools.gnu-tools-for-stm32.7-2018-q2-update.linux64_1.4.0.202007081208/tools/bin/../lib/gcc/arm-none-eabi/7.3.1/../../../../arm-none-eabi/lib/thumb/v7e-m/fpv5/hard/libnosys.a(_exit.o)
 .data          0x0000000000000000        0x0 /app/stm32cubeide/plugins/com.st.stm32cube.ide.mcu.externaltools.gnu-tools-for-stm32.7-2018-q2-update.linux64_1.4.0.202007081208/tools/bin/../lib/gcc/arm-none-eabi/7.3.1/../../../../arm-none-eabi/lib/thumb/v7e-m/fpv5/hard/libnosys.a(_exit.o)
 .bss           0x0000000000000000        0x0 /app/stm32cubeide/plugins/com.st.stm32cube.ide.mcu.externaltools.gnu-tools-for-stm32.7-2018-q2-update.linux64_1.4.0.202007081208/tools/bin/../lib/gcc/arm-none-eabi/7.3.1/../../../../arm-none-eabi/lib/thumb/v7e-m/fpv5/hard/libnosys.a(_exit.o)
 .text._exit    0x0000000000000000        0x2 /app/stm32cubeide/plugins/com.st.stm32cube.ide.mcu.externaltools.gnu-tools-for-stm32.7-2018-q2-update.linux64_1.4.0.202007081208/tools/bin/../lib/gcc/arm-none-eabi/7.3.1/../../../../arm-none-eabi/lib/thumb/v7e-m/fpv5/hard/libnosys.a(_exit.o)
 .debug_frame   0x0000000000000000       0x20 /app/stm32cubeide/plugins/com.st.stm32cube.ide.mcu.externaltools.gnu-tools-for-stm32.7-2018-q2-update.linux64_1.4.0.202007081208/tools/bin/../lib/gcc/arm-none-eabi/7.3.1/../../../../arm-none-eabi/lib/thumb/v7e-m/fpv5/hard/libnosys.a(_exit.o)
 .ARM.attributes
                0x0000000000000000       0x32 /app/stm32cubeide/plugins/com.st.stm32cube.ide.mcu.externaltools.gnu-tools-for-stm32.7-2018-q2-update.linux64_1.4.0.202007081208/tools/bin/../lib/gcc/arm-none-eabi/7.3.1/../../../../arm-none-eabi/lib/thumb/v7e-m/fpv5/hard/libnosys.a(_exit.o)
 .text          0x0000000000000000        0x0 /app/stm32cubeide/plugins/com.st.stm32cube.ide.mcu.externaltools.gnu-tools-for-stm32.7-2018-q2-update.linux64_1.4.0.202007081208/tools/bin/../lib/gcc/arm-none-eabi/7.3.1/thumb/v7e-m/fpv5/hard/crtend.o
 .data          0x0000000000000000        0x0 /app/stm32cubeide/plugins/com.st.stm32cube.ide.mcu.externaltools.gnu-tools-for-stm32.7-2018-q2-update.linux64_1.4.0.202007081208/tools/bin/../lib/gcc/arm-none-eabi/7.3.1/thumb/v7e-m/fpv5/hard/crtend.o
 .bss           0x0000000000000000        0x0 /app/stm32cubeide/plugins/com.st.stm32cube.ide.mcu.externaltools.gnu-tools-for-stm32.7-2018-q2-update.linux64_1.4.0.202007081208/tools/bin/../lib/gcc/arm-none-eabi/7.3.1/thumb/v7e-m/fpv5/hard/crtend.o
 .eh_frame      0x0000000000000000        0x4 /app/stm32cubeide/plugins/com.st.stm32cube.ide.mcu.externaltools.gnu-tools-for-stm32.7-2018-q2-update.linux64_1.4.0.202007081208/tools/bin/../lib/gcc/arm-none-eabi/7.3.1/thumb/v7e-m/fpv5/hard/crtend.o
 .ARM.attributes
                0x0000000000000000       0x32 /app/stm32cubeide/plugins/com.st.stm32cube.ide.mcu.externaltools.gnu-tools-for-stm32.7-2018-q2-update.linux64_1.4.0.202007081208/tools/bin/../lib/gcc/arm-none-eabi/7.3.1/thumb/v7e-m/fpv5/hard/crtend.o
 .text          0x0000000000000000        0x0 /app/stm32cubeide/plugins/com.st.stm32cube.ide.mcu.externaltools.gnu-tools-for-stm32.7-2018-q2-update.linux64_1.4.0.202007081208/tools/bin/../lib/gcc/arm-none-eabi/7.3.1/thumb/v7e-m/fpv5/hard/crtn.o
 .data          0x0000000000000000        0x0 /app/stm32cubeide/plugins/com.st.stm32cube.ide.mcu.externaltools.gnu-tools-for-stm32.7-2018-q2-update.linux64_1.4.0.202007081208/tools/bin/../lib/gcc/arm-none-eabi/7.3.1/thumb/v7e-m/fpv5/hard/crtn.o
 .bss           0x0000000000000000        0x0 /app/stm32cubeide/plugins/com.st.stm32cube.ide.mcu.externaltools.gnu-tools-for-stm32.7-2018-q2-update.linux64_1.4.0.202007081208/tools/bin/../lib/gcc/arm-none-eabi/7.3.1/thumb/v7e-m/fpv5/hard/crtn.o

Memory Configuration

Name             Origin             Length             Attributes
RAM              0x0000000020000000 0x0000000000080000 xrw
ROM              0x0000000008000000 0x0000000000200000 xr
*default*        0x0000000000000000 0xffffffffffffffff

Linker script and memory map

LOAD /app/stm32cubeide/plugins/com.st.stm32cube.ide.mcu.externaltools.gnu-tools-for-stm32.7-2018-q2-update.linux64_1.4.0.202007081208/tools/bin/../lib/gcc/arm-none-eabi/7.3.1/thumb/v7e-m/fpv5/hard/crti.o
LOAD /app/stm32cubeide/plugins/com.st.stm32cube.ide.mcu.externaltools.gnu-tools-for-stm32.7-2018-q2-update.linux64_1.4.0.202007081208/tools/bin/../lib/gcc/arm-none-eabi/7.3.1/thumb/v7e-m/fpv5/hard/crtbegin.o
LOAD /app/stm32cubeide/plugins/com.st.stm32cube.ide.mcu.externaltools.gnu-tools-for-stm32.7-2018-q2-update.linux64_1.4.0.202007081208/tools/bin/../lib/gcc/arm-none-eabi/7.3.1/../../../../arm-none-eabi/lib/thumb/v7e-m/fpv5/hard/crt0.o
LOAD Drivers/Src/stm32f767xx_gpio_driver.o
LOAD Drivers/Src/stm32f767xx_spi_driver.o
LOAD Src/04_button_interrupt.o
LOAD Startup/startup_stm32f767zitx.o
START GROUP
LOAD /app/stm32cubeide/plugins/com.st.stm32cube.ide.mcu.externaltools.gnu-tools-for-stm32.7-2018-q2-update.linux64_1.4.0.202007081208/tools/bin/../lib/gcc/arm-none-eabi/7.3.1/../../../../arm-none-eabi/lib/thumb/v7e-m/fpv5/hard/libc_nano.a
LOAD /app/stm32cubeide/plugins/com.st.stm32cube.ide.mcu.externaltools.gnu-tools-for-stm32.7-2018-q2-update.linux64_1.4.0.202007081208/tools/bin/../lib/gcc/arm-none-eabi/7.3.1/../../../../arm-none-eabi/lib/thumb/v7e-m/fpv5/hard/libm.a
END GROUP
START GROUP
LOAD /app/stm32cubeide/plugins/com.st.stm32cube.ide.mcu.externaltools.gnu-tools-for-stm32.7-2018-q2-update.linux64_1.4.0.202007081208/tools/bin/../lib/gcc/arm-none-eabi/7.3.1/thumb/v7e-m/fpv5/hard/libgcc.a
LOAD /app/stm32cubeide/plugins/com.st.stm32cube.ide.mcu.externaltools.gnu-tools-for-stm32.7-2018-q2-update.linux64_1.4.0.202007081208/tools/bin/../lib/gcc/arm-none-eabi/7.3.1/../../../../arm-none-eabi/lib/thumb/v7e-m/fpv5/hard/libc_nano.a
END GROUP
START GROUP
LOAD /app/stm32cubeide/plugins/com.st.stm32cube.ide.mcu.externaltools.gnu-tools-for-stm32.7-2018-q2-update.linux64_1.4.0.202007081208/tools/bin/../lib/gcc/arm-none-eabi/7.3.1/thumb/v7e-m/fpv5/hard/libgcc.a
LOAD /app/stm32cubeide/plugins/com.st.stm32cube.ide.mcu.externaltools.gnu-tools-for-stm32.7-2018-q2-update.linux64_1.4.0.202007081208/tools/bin/../lib/gcc/arm-none-eabi/7.3.1/../../../../arm-none-eabi/lib/thumb/v7e-m/fpv5/hard/libc_nano.a
LOAD /app/stm32cubeide/plugins/com.st.stm32cube.ide.mcu.externaltools.gnu-tools-for-stm32.7-2018-q2-update.linux64_1.4.0.202007081208/tools/bin/../lib/gcc/arm-none-eabi/7.3.1/../../../../arm-none-eabi/lib/thumb/v7e-m/fpv5/hard/libnosys.a
END GROUP
START GROUP
LOAD /app/stm32cubeide/plugins/com.st.stm32cube.ide.mcu.externaltools.gnu-tools-for-stm32.7-2018-q2-update.linux64_1.4.0.202007081208/tools/bin/../lib/gcc/arm-none-eabi/7.3.1/thumb/v7e-m/fpv5/hard/libgcc.a
LOAD /app/stm32cubeide/plugins/com.st.stm32cube.ide.mcu.externaltools.gnu-tools-for-stm32.7-2018-q2-update.linux64_1.4.0.202007081208/tools/bin/../lib/gcc/arm-none-eabi/7.3.1/../../../../arm-none-eabi/lib/thumb/v7e-m/fpv5/hard/libc_nano.a
LOAD /app/stm32cubeide/plugins/com.st.stm32cube.ide.mcu.externaltools.gnu-tools-for-stm32.7-2018-q2-update.linux64_1.4.0.202007081208/tools/bin/../lib/gcc/arm-none-eabi/7.3.1/../../../../arm-none-eabi/lib/thumb/v7e-m/fpv5/hard/libnosys.a
END GROUP
LOAD /app/stm32cubeide/plugins/com.st.stm32cube.ide.mcu.externaltools.gnu-tools-for-stm32.7-2018-q2-update.linux64_1.4.0.202007081208/tools/bin/../lib/gcc/arm-none-eabi/7.3.1/thumb/v7e-m/fpv5/hard/crtend.o
LOAD /app/stm32cubeide/plugins/com.st.stm32cube.ide.mcu.externaltools.gnu-tools-for-stm32.7-2018-q2-update.linux64_1.4.0.202007081208/tools/bin/../lib/gcc/arm-none-eabi/7.3.1/thumb/v7e-m/fpv5/hard/crtn.o
                0x0000000020080000                _estack = (ORIGIN (RAM) + LENGTH (RAM))
                0x0000000000000200                _Min_Heap_Size = 0x200
                0x0000000000000400                _Min_Stack_Size = 0x400

.isr_vector     0x0000000008000000      0x1f8
                0x0000000008000000                . = ALIGN (0x4)
 *(.isr_vector)
 .isr_vector    0x0000000008000000      0x1f8 Startup/startup_stm32f767zitx.o
                0x0000000008000000                g_pfnVectors
                0x00000000080001f8                . = ALIGN (0x4)

.text           0x00000000080001f8      0x93c
                0x00000000080001f8                . = ALIGN (0x4)
 *(.text)
 .text          0x00000000080001f8       0x40 /app/stm32cubeide/plugins/com.st.stm32cube.ide.mcu.externaltools.gnu-tools-for-stm32.7-2018-q2-update.linux64_1.4.0.202007081208/tools/bin/../lib/gcc/arm-none-eabi/7.3.1/thumb/v7e-m/fpv5/hard/crtbegin.o
 *(.text*)
 .text.GPIO_PeriClockControl
                0x0000000008000238      0x228 Drivers/Src/stm32f767xx_gpio_driver.o
                0x0000000008000238                GPIO_PeriClockControl
 .text.GPIO_Init
                0x0000000008000460      0x360 Drivers/Src/stm32f767xx_gpio_driver.o
                0x0000000008000460                GPIO_Init
 .text.GPIO_TogglePin
                0x00000000080007c0       0x2a Drivers/Src/stm32f767xx_gpio_driver.o
                0x00000000080007c0                GPIO_TogglePin
 *fill*         0x00000000080007ea        0x2 
 .text.GPIO_IRQInterruptConfig
                0x00000000080007ec      0x10c Drivers/Src/stm32f767xx_gpio_driver.o
                0x00000000080007ec                GPIO_IRQInterruptConfig
 .text.GPIO_IRQPriorityConfig
                0x00000000080008f8       0x5c Drivers/Src/stm32f767xx_gpio_driver.o
                0x00000000080008f8                GPIO_IRQPriorityConfig
 .text.GPIO_IRQHandle
                0x0000000008000954       0x40 Drivers/Src/stm32f767xx_gpio_driver.o
                0x0000000008000954                GPIO_IRQHandle
 .text.delay    0x0000000008000994       0x2c Src/04_button_interrupt.o
                0x0000000008000994                delay
 .text.main     0x00000000080009c0       0x90 Src/04_button_interrupt.o
                0x00000000080009c0                main
 .text.EXTI15_10_IRQHandler
                0x0000000008000a50       0x20 Src/04_button_interrupt.o
                0x0000000008000a50                EXTI15_10_IRQHandler
 .text.Reset_Handler
                0x0000000008000a70       0x50 Startup/startup_stm32f767zitx.o
                0x0000000008000a70                Reset_Handler
 .text.Default_Handler
                0x0000000008000ac0        0x2 Startup/startup_stm32f767zitx.o
                0x0000000008000ac0                HASH_RNG_IRQHandler
                0x0000000008000ac0                EXTI2_IRQHandler
                0x0000000008000ac0                TIM8_CC_IRQHandler
                0x0000000008000ac0                DebugMon_Handler
                0x0000000008000ac0                UART8_IRQHandler
                0x0000000008000ac0                LP_Timer1_IRQHandler
                0x0000000008000ac0                SPI4_IRQHandler
                0x0000000008000ac0                TIM1_CC_IRQHandler
                0x0000000008000ac0                QuadSPI_IRQHandler
                0x0000000008000ac0                DMA2_Stream5_IRQHandler
                0x0000000008000ac0                HardFault_Handler
                0x0000000008000ac0                JPEG_IRQHandler
                0x0000000008000ac0                DSIHOST_IRQHandler
                0x0000000008000ac0                DMA1_Stream5_IRQHandler
                0x0000000008000ac0                SysTick_Handler
                0x0000000008000ac0                CAN3_RX1_IRQHandler
                0x0000000008000ac0                PVD_IRQHandler
                0x0000000008000ac0                TAMP_STAMP_IRQHandler
                0x0000000008000ac0                PendSV_Handler
                0x0000000008000ac0                NMI_Handler
                0x0000000008000ac0                CAN2_RX1_IRQHandler
                0x0000000008000ac0                EXTI3_IRQHandler
                0x0000000008000ac0                TIM8_TRG_COM_TIM14_IRQHandler
                0x0000000008000ac0                DFSDM1_FLT1_IRQHandler
                0x0000000008000ac0                TIM1_UP_TIM10_IRQHandler
                0x0000000008000ac0                TIM8_UP_TIM13_IRQHandler
                0x0000000008000ac0                I2C3_ER_IRQHandler
                0x0000000008000ac0                DFSDM1_FLT2_IRQHandler
                0x0000000008000ac0                LCD_TFT_IRQHandler
                0x0000000008000ac0                EXTI0_IRQHandler
                0x0000000008000ac0                I2C2_EV_IRQHandler
                0x0000000008000ac0                DMA1_Stream2_IRQHandler
                0x0000000008000ac0                CAN1_RX0_IRQHandler
                0x0000000008000ac0                FPU_IRQHandler
                0x0000000008000ac0                OTG_HS_WKUP_IRQHandler
                0x0000000008000ac0                CAN3_SCE_IRQHandler
                0x0000000008000ac0                UsageFault_Handler
                0x0000000008000ac0                CAN2_SCE_IRQHandler
                0x0000000008000ac0                DMA2_Stream2_IRQHandler
                0x0000000008000ac0                SPI1_IRQHandler
                0x0000000008000ac0                TIM6_DAC_IRQHandler
                0x0000000008000ac0                TIM1_BRK_TIM9_IRQHandler
                0x0000000008000ac0                DCMI_IRQHandler
                0x0000000008000ac0                CAN2_RX0_IRQHandler
                0x0000000008000ac0                DMA2_Stream3_IRQHandler
                0x0000000008000ac0                RTC_ALARM_IRQHandler
                0x0000000008000ac0                SAI2_IRQHandler
                0x0000000008000ac0                DFSDM1_FLT3_IRQHandler
                0x0000000008000ac0                USART6_IRQHandler
                0x0000000008000ac0                CAN3_RX0_IRQHandler
                0x0000000008000ac0                USART3_IRQHandler
                0x0000000008000ac0                CRYP_IRQHandler
                0x0000000008000ac0                CAN1_RX1_IRQHandler
                0x0000000008000ac0                UART5_IRQHandler
                0x0000000008000ac0                DMA2_Stream0_IRQHandler
                0x0000000008000ac0                TIM4_IRQHandler
                0x0000000008000ac0                I2C1_EV_IRQHandler
                0x0000000008000ac0                DMA1_Stream6_IRQHandler
                0x0000000008000ac0                DMA1_Stream1_IRQHandler
                0x0000000008000ac0                UART4_IRQHandler
                0x0000000008000ac0                LCD_TFT_1_IRQHandler
                0x0000000008000ac0                TIM3_IRQHandler
                0x0000000008000ac0                RCC_IRQHandler
                0x0000000008000ac0                TIM8_BRK_TIM12_IRQHandler
                0x0000000008000ac0                Default_Handler
                0x0000000008000ac0                ADC_IRQHandler
                0x0000000008000ac0                DMA1_Stream7_IRQHandler
                0x0000000008000ac0                SPI5_IRQHandler
                0x0000000008000ac0                TIM7_IRQHandler
                0x0000000008000ac0                SDMMC1_IRQHandler
                0x0000000008000ac0                CAN2_TX_IRQHandler
                0x0000000008000ac0                TIM5_IRQHandler
                0x0000000008000ac0                DMA2_Stream7_IRQHandler
                0x0000000008000ac0                I2C3_EV_IRQHandler
                0x0000000008000ac0                EXTI9_5_IRQHandler
                0x0000000008000ac0                RTC_WKUP_IRQHandler
                0x0000000008000ac0                ETH_WKUP_IRQHandler
                0x0000000008000ac0                SPI2_IRQHandler
                0x0000000008000ac0                OTG_HS_EP1_IN_IRQHandler
                0x0000000008000ac0                MemManage_Handler
                0x0000000008000ac0                DMA1_Stream0_IRQHandler
                0x0000000008000ac0                CAN1_TX_IRQHandler
                0x0000000008000ac0                SVC_Handler
                0x0000000008000ac0                EXTI4_IRQHandler
                0x0000000008000ac0                ETH_IRQHandler
                0x0000000008000ac0                OTG_HS_EP1_OUT_IRQHandler
                0x0000000008000ac0                WWDG_IRQHandler
                0x0000000008000ac0                SPI6_IRQHandler
                0x0000000008000ac0                MDIOS_IRQHandler
                0x0000000008000ac0                I2C4_EV_IRQHandler
                0x0000000008000ac0                CAN3_TX_IRQHandler
                0x0000000008000ac0                TIM2_IRQHandler
                0x0000000008000ac0                OTG_FS_WKUP_IRQHandler
                0x0000000008000ac0                TIM1_TRG_COM_TIM11_IRQHandler
                0x0000000008000ac0                OTG_HS_IRQHandler
                0x0000000008000ac0                DMA2D_IRQHandler
                0x0000000008000ac0                EXTI1_IRQHandler
                0x0000000008000ac0                SDMMC2_IRQHandler
                0x0000000008000ac0                UART7_IRQHandler
                0x0000000008000ac0                USART2_IRQHandler
                0x0000000008000ac0                DFSDM1_FLT0_IRQHandler
                0x0000000008000ac0                I2C2_ER_IRQHandler
                0x0000000008000ac0                SPDIFRX_IRQHandler
                0x0000000008000ac0                DMA2_Stream1_IRQHandler
                0x0000000008000ac0                CAN1_SCE_IRQHandler
                0x0000000008000ac0                FLASH_IRQHandler
                0x0000000008000ac0                DMA2_Stream4_IRQHandler
                0x0000000008000ac0                BusFault_Handler
                0x0000000008000ac0                USART1_IRQHandler
                0x0000000008000ac0                OTG_FS_IRQHandler
                0x0000000008000ac0                SPI3_IRQHandler
                0x0000000008000ac0                DMA1_Stream4_IRQHandler
                0x0000000008000ac0                I2C1_ER_IRQHandler
                0x0000000008000ac0                FMC_IRQHandler
                0x0000000008000ac0                I2C4_ER_IRQHandler
                0x0000000008000ac0                DMA2_Stream6_IRQHandler
                0x0000000008000ac0                SAI1_IRQHandler
                0x0000000008000ac0                DMA1_Stream3_IRQHandler
 *fill*         0x0000000008000ac2        0x2 
 .text.__libc_init_array
                0x0000000008000ac4       0x48 /app/stm32cubeide/plugins/com.st.stm32cube.ide.mcu.externaltools.gnu-tools-for-stm32.7-2018-q2-update.linux64_1.4.0.202007081208/tools/bin/../lib/gcc/arm-none-eabi/7.3.1/../../../../arm-none-eabi/lib/thumb/v7e-m/fpv5/hard/libc_nano.a(lib_a-init.o)
                0x0000000008000ac4                __libc_init_array
 .text.memset   0x0000000008000b0c       0x10 /app/stm32cubeide/plugins/com.st.stm32cube.ide.mcu.externaltools.gnu-tools-for-stm32.7-2018-q2-update.linux64_1.4.0.202007081208/tools/bin/../lib/gcc/arm-none-eabi/7.3.1/../../../../arm-none-eabi/lib/thumb/v7e-m/fpv5/hard/libc_nano.a(lib_a-memset.o)
                0x0000000008000b0c                memset
 *(.glue_7)
 .glue_7        0x0000000008000b1c        0x0 linker stubs
 *(.glue_7t)
 .glue_7t       0x0000000008000b1c        0x0 linker stubs
 *(.eh_frame)
 .eh_frame      0x0000000008000b1c        0x0 /app/stm32cubeide/plugins/com.st.stm32cube.ide.mcu.externaltools.gnu-tools-for-stm32.7-2018-q2-update.linux64_1.4.0.202007081208/tools/bin/../lib/gcc/arm-none-eabi/7.3.1/thumb/v7e-m/fpv5/hard/crtbegin.o
 *(.init)
 .init          0x0000000008000b1c        0x4 /app/stm32cubeide/plugins/com.st.stm32cube.ide.mcu.externaltools.gnu-tools-for-stm32.7-2018-q2-update.linux64_1.4.0.202007081208/tools/bin/../lib/gcc/arm-none-eabi/7.3.1/thumb/v7e-m/fpv5/hard/crti.o
                0x0000000008000b1c                _init
 .init          0x0000000008000b20        0x8 /app/stm32cubeide/plugins/com.st.stm32cube.ide.mcu.externaltools.gnu-tools-for-stm32.7-2018-q2-update.linux64_1.4.0.202007081208/tools/bin/../lib/gcc/arm-none-eabi/7.3.1/thumb/v7e-m/fpv5/hard/crtn.o
 *(.fini)
 .fini          0x0000000008000b28        0x4 /app/stm32cubeide/plugins/com.st.stm32cube.ide.mcu.externaltools.gnu-tools-for-stm32.7-2018-q2-update.linux64_1.4.0.202007081208/tools/bin/../lib/gcc/arm-none-eabi/7.3.1/thumb/v7e-m/fpv5/hard/crti.o
                0x0000000008000b28                _fini
 .fini          0x0000000008000b2c        0x8 /app/stm32cubeide/plugins/com.st.stm32cube.ide.mcu.externaltools.gnu-tools-for-stm32.7-2018-q2-update.linux64_1.4.0.202007081208/tools/bin/../lib/gcc/arm-none-eabi/7.3.1/thumb/v7e-m/fpv5/hard/crtn.o
                0x0000000008000b34                . = ALIGN (0x4)
                0x0000000008000b34                _etext = .

.vfp11_veneer   0x0000000008000b34        0x0
 .vfp11_veneer  0x0000000008000b34        0x0 linker stubs

.v4_bx          0x0000000008000b34        0x0
 .v4_bx         0x0000000008000b34        0x0 linker stubs

.iplt           0x0000000008000b34        0x0
 .iplt          0x0000000008000b34        0x0 /app/stm32cubeide/plugins/com.st.stm32cube.ide.mcu.externaltools.gnu-tools-for-stm32.7-2018-q2-update.linux64_1.4.0.202007081208/tools/bin/../lib/gcc/arm-none-eabi/7.3.1/thumb/v7e-m/fpv5/hard/crtbegin.o

.rel.dyn        0x0000000008000b34        0x0
 .rel.iplt      0x0000000008000b34        0x0 /app/stm32cubeide/plugins/com.st.stm32cube.ide.mcu.externaltools.gnu-tools-for-stm32.7-2018-q2-update.linux64_1.4.0.202007081208/tools/bin/../lib/gcc/arm-none-eabi/7.3.1/thumb/v7e-m/fpv5/hard/crtbegin.o

.rodata         0x0000000008000b34        0x0
                0x0000000008000b34                . = ALIGN (0x4)
 *(.rodata)
 *(.rodata*)
                0x0000000008000b34                . = ALIGN (0x4)

.ARM.extab      0x0000000008000b34        0x0
                0x0000000008000b34                . = ALIGN (0x4)
 *(.ARM.extab* .gnu.linkonce.armextab.*)
                0x0000000008000b34                . = ALIGN (0x4)

.ARM            0x0000000008000b34        0x0
                0x0000000008000b34                . = ALIGN (0x4)
                0x0000000008000b34                __exidx_start = .
 *(.ARM.exidx*)
                0x0000000008000b34                __exidx_end = .
                0x0000000008000b34                . = ALIGN (0x4)

.preinit_array  0x0000000008000b34        0x0
                0x0000000008000b34                . = ALIGN (0x4)
                0x0000000008000b34                PROVIDE (__preinit_array_start = .)
 *(.preinit_array*)
                0x0000000008000b34                PROVIDE (__preinit_array_end = .)
                0x0000000008000b34                . = ALIGN (0x4)

.init_array     0x0000000008000b34        0x4
                0x0000000008000b34                . = ALIGN (0x4)
                0x0000000008000b34                PROVIDE (__init_array_start = .)
 *(SORT_BY_NAME(.init_array.*))
 *(.init_array*)
 .init_array    0x0000000008000b34        0x4 /app/stm32cubeide/plugins/com.st.stm32cube.ide.mcu.externaltools.gnu-tools-for-stm32.7-2018-q2-update.linux64_1.4.0.202007081208/tools/bin/../lib/gcc/arm-none-eabi/7.3.1/thumb/v7e-m/fpv5/hard/crtbegin.o
                0x0000000008000b38                PROVIDE (__init_array_end = .)
                0x0000000008000b38                . = ALIGN (0x4)

.fini_array     0x0000000008000b38        0x4
                0x0000000008000b38                . = ALIGN (0x4)
                [!provide]                        PROVIDE (__fini_array_start = .)
 *(SORT_BY_NAME(.fini_array.*))
 *(.fini_array*)
 .fini_array    0x0000000008000b38        0x4 /app/stm32cubeide/plugins/com.st.stm32cube.ide.mcu.externaltools.gnu-tools-for-stm32.7-2018-q2-update.linux64_1.4.0.202007081208/tools/bin/../lib/gcc/arm-none-eabi/7.3.1/thumb/v7e-m/fpv5/hard/crtbegin.o
                [!provide]                        PROVIDE (__fini_array_end = .)
                0x0000000008000b3c                . = ALIGN (0x4)
                0x0000000008000b3c                _sidata = LOADADDR (.data)

.data           0x0000000020000000        0x0 load address 0x0000000008000b3c
                0x0000000020000000                . = ALIGN (0x4)
                0x0000000020000000                _sdata = .
 *(.data)
 *(.data*)
                0x0000000020000000                . = ALIGN (0x4)
                0x0000000020000000                _edata = .

.igot.plt       0x0000000020000000        0x0 load address 0x0000000008000b3c
 .igot.plt      0x0000000020000000        0x0 /app/stm32cubeide/plugins/com.st.stm32cube.ide.mcu.externaltools.gnu-tools-for-stm32.7-2018-q2-update.linux64_1.4.0.202007081208/tools/bin/../lib/gcc/arm-none-eabi/7.3.1/thumb/v7e-m/fpv5/hard/crtbegin.o
                0x0000000020000000                . = ALIGN (0x4)

.bss            0x0000000020000000       0x1c load address 0x0000000008000b3c
                0x0000000020000000                _sbss = .
                0x0000000020000000                __bss_start__ = _sbss
 *(.bss)
 .bss           0x0000000020000000       0x1c /app/stm32cubeide/plugins/com.st.stm32cube.ide.mcu.externaltools.gnu-tools-for-stm32.7-2018-q2-update.linux64_1.4.0.202007081208/tools/bin/../lib/gcc/arm-none-eabi/7.3.1/thumb/v7e-m/fpv5/hard/crtbegin.o
 *(.bss*)
 *(COMMON)
                0x000000002000001c                . = ALIGN (0x4)
                0x000000002000001c                _ebss = .
                0x000000002000001c                __bss_end__ = _ebss

._user_heap_stack
                0x000000002000001c      0x604 load address 0x0000000008000b3c
                0x0000000020000020                . = ALIGN (0x8)
 *fill*         0x000000002000001c        0x4 
                [!provide]                        PROVIDE (end = .)
                [!provide]                        PROVIDE (_end = .)
                0x0000000020000220                . = (. + _Min_Heap_Size)
 *fill*         0x0000000020000020      0x200 
                0x0000000020000620                . = (. + _Min_Stack_Size)
 *fill*         0x0000000020000220      0x400 
                0x0000000020000620                . = ALIGN (0x8)

/DISCARD/
 libc.a(*)
 libm.a(*)
 libgcc.a(*)

.ARM.attributes
                0x0000000000000000       0x2e
 *(.ARM.attributes)
 .ARM.attributes
                0x0000000000000000       0x20 /app/stm32cubeide/plugins/com.st.stm32cube.ide.mcu.externaltools.gnu-tools-for-stm32.7-2018-q2-update.linux64_1.4.0.202007081208/tools/bin/../lib/gcc/arm-none-eabi/7.3.1/thumb/v7e-m/fpv5/hard/crti.o
 .ARM.attributes
                0x0000000000000020       0x32 /app/stm32cubeide/plugins/com.st.stm32cube.ide.mcu.externaltools.gnu-tools-for-stm32.7-2018-q2-update.linux64_1.4.0.202007081208/tools/bin/../lib/gcc/arm-none-eabi/7.3.1/thumb/v7e-m/fpv5/hard/crtbegin.o
 .ARM.attributes
                0x0000000000000052       0x37 Drivers/Src/stm32f767xx_gpio_driver.o
 .ARM.attributes
                0x0000000000000089       0x37 Src/04_button_interrupt.o
 .ARM.attributes
                0x00000000000000c0       0x21 Startup/startup_stm32f767zitx.o
 .ARM.attributes
                0x00000000000000e1       0x32 /app/stm32cubeide/plugins/com.st.stm32cube.ide.mcu.externaltools.gnu-tools-for-stm32.7-2018-q2-update.linux64_1.4.0.202007081208/tools/bin/../lib/gcc/arm-none-eabi/7.3.1/../../../../arm-none-eabi/lib/thumb/v7e-m/fpv5/hard/libc_nano.a(lib_a-init.o)
 .ARM.attributes
                0x0000000000000113       0x32 /app/stm32cubeide/plugins/com.st.stm32cube.ide.mcu.externaltools.gnu-tools-for-stm32.7-2018-q2-update.linux64_1.4.0.202007081208/tools/bin/../lib/gcc/arm-none-eabi/7.3.1/../../../../arm-none-eabi/lib/thumb/v7e-m/fpv5/hard/libc_nano.a(lib_a-memset.o)
 .ARM.attributes
                0x0000000000000145       0x20 /app/stm32cubeide/plugins/com.st.stm32cube.ide.mcu.externaltools.gnu-tools-for-stm32.7-2018-q2-update.linux64_1.4.0.202007081208/tools/bin/../lib/gcc/arm-none-eabi/7.3.1/thumb/v7e-m/fpv5/hard/crtn.o
OUTPUT(stm32f7xx_drivers.elf elf32-littlearm)

.debug_info     0x0000000000000000     0x1187
 .debug_info    0x0000000000000000      0x719 Drivers/Src/stm32f767xx_gpio_driver.o
 .debug_info    0x0000000000000719      0xa4c Src/04_button_interrupt.o
 .debug_info    0x0000000000001165       0x22 Startup/startup_stm32f767zitx.o

.debug_abbrev   0x0000000000000000      0x332
 .debug_abbrev  0x0000000000000000      0x15b Drivers/Src/stm32f767xx_gpio_driver.o
 .debug_abbrev  0x000000000000015b      0x1c5 Src/04_button_interrupt.o
 .debug_abbrev  0x0000000000000320       0x12 Startup/startup_stm32f767zitx.o

.debug_aranges  0x0000000000000000       0xc8
 .debug_aranges
                0x0000000000000000       0x70 Drivers/Src/stm32f767xx_gpio_driver.o
 .debug_aranges
                0x0000000000000070       0x30 Src/04_button_interrupt.o
 .debug_aranges
                0x00000000000000a0       0x28 Startup/startup_stm32f767zitx.o

.debug_ranges   0x0000000000000000       0xa0
 .debug_ranges  0x0000000000000000       0x60 Drivers/Src/stm32f767xx_gpio_driver.o
 .debug_ranges  0x0000000000000060       0x20 Src/04_button_interrupt.o
 .debug_ranges  0x0000000000000080       0x20 Startup/startup_stm32f767zitx.o

.debug_macro    0x0000000000000000     0x1e48
 .debug_macro   0x0000000000000000       0x8f Drivers/Src/stm32f767xx_gpio_driver.o
 .debug_macro   0x000000000000008f      0xa72 Drivers/Src/stm32f767xx_gpio_driver.o
 .debug_macro   0x0000000000000b01       0x22 Drivers/Src/stm32f767xx_gpio_driver.o
 .debug_macro   0x0000000000000b23       0x8e Drivers/Src/stm32f767xx_gpio_driver.o
 .debug_macro   0x0000000000000bb1       0x51 Drivers/Src/stm32f767xx_gpio_driver.o
 .debug_macro   0x0000000000000c02       0xef Drivers/Src/stm32f767xx_gpio_driver.o
 .debug_macro   0x0000000000000cf1       0x6a Drivers/Src/stm32f767xx_gpio_driver.o
 .debug_macro   0x0000000000000d5b      0x1df Drivers/Src/stm32f767xx_gpio_driver.o
 .debug_macro   0x0000000000000f3a      0x496 Drivers/Src/stm32f767xx_gpio_driver.o
 .debug_macro   0x00000000000013d0       0xc4 Drivers/Src/stm32f767xx_gpio_driver.o
 .debug_macro   0x0000000000001494      0x167 Src/04_button_interrupt.o
 .debug_macro   0x00000000000015fb       0x46 Src/04_button_interrupt.o
 .debug_macro   0x0000000000001641       0x17 Src/04_button_interrupt.o
 .debug_macro   0x0000000000001658       0x3c Src/04_button_interrupt.o
 .debug_macro   0x0000000000001694       0x34 Src/04_button_interrupt.o
 .debug_macro   0x00000000000016c8      0x174 Src/04_button_interrupt.o
 .debug_macro   0x000000000000183c       0x52 Src/04_button_interrupt.o
 .debug_macro   0x000000000000188e       0x1f Src/04_button_interrupt.o
 .debug_macro   0x00000000000018ad       0x43 Src/04_button_interrupt.o
 .debug_macro   0x00000000000018f0       0x20 Src/04_button_interrupt.o
 .debug_macro   0x0000000000001910      0x1a3 Src/04_button_interrupt.o
 .debug_macro   0x0000000000001ab3      0x330 Src/04_button_interrupt.o
 .debug_macro   0x0000000000001de3       0x10 Src/04_button_interrupt.o
 .debug_macro   0x0000000000001df3       0x35 Src/04_button_interrupt.o
 .debug_macro   0x0000000000001e28       0x20 Src/04_button_interrupt.o

.debug_line     0x0000000000000000      0xc58
 .debug_line    0x0000000000000000      0x661 Drivers/Src/stm32f767xx_gpio_driver.o
 .debug_line    0x0000000000000661      0x573 Src/04_button_interrupt.o
 .debug_line    0x0000000000000bd4       0x84 Startup/startup_stm32f767zitx.o

.debug_str      0x0000000000000000     0x901f
 .debug_str     0x0000000000000000     0x5d98 Drivers/Src/stm32f767xx_gpio_driver.o
                                       0x5f2e (size before relaxing)
 .debug_str     0x0000000000005d98     0x3256 Src/04_button_interrupt.o
                                       0x8f8b (size before relaxing)
 .debug_str     0x0000000000008fee       0x31 Startup/startup_stm32f767zitx.o
                                         0x7e (size before relaxing)

.comment        0x0000000000000000       0x7b
 .comment       0x0000000000000000       0x7b Drivers/Src/stm32f767xx_gpio_driver.o
                                         0x7c (size before relaxing)
 .comment       0x000000000000007b       0x7c Src/04_button_interrupt.o

.debug_frame    0x0000000000000000      0x28c
 .debug_frame   0x0000000000000000      0x1c8 Drivers/Src/stm32f767xx_gpio_driver.o
 .debug_frame   0x00000000000001c8       0x78 Src/04_button_interrupt.o
 .debug_frame   0x0000000000000240       0x2c /app/stm32cubeide/plugins/com.st.stm32cube.ide.mcu.externaltools.gnu-tools-for-stm32.7-2018-q2-update.linux64_1.4.0.202007081208/tools/bin/../lib/gcc/arm-none-eabi/7.3.1/../../../../arm-none-eabi/lib/thumb/v7e-m/fpv5/hard/libc_nano.a(lib_a-init.o)
 .debug_frame   0x000000000000026c       0x20 /app/stm32cubeide/plugins/com.st.stm32cube.ide.mcu.externaltools.gnu-tools-for-stm32.7-2018-q2-update.linux64_1.4.0.202007081208/tools/bin/../lib/gcc/arm-none-eabi/7.3.1/../../../../arm-none-eabi/lib/thumb/v7e-m/fpv5/hard/libc_nano.a(lib_a-memset.o)
