Archive member included to satisfy reference by file (symbol)

c:/st/stm32cubeide_1.3.0/stm32cubeide/plugins/com.st.stm32cube.ide.mcu.externaltools.gnu-tools-for-stm32.7-2018-q2-update.win32_1.4.0.202007081208/tools/bin/../lib/gcc/arm-none-eabi/7.3.1/../../../../arm-none-eabi/lib/thumb/v7e-m/fpv5/hard\libc_nano.a(lib_a-exit.o)
                              c:/st/stm32cubeide_1.3.0/stm32cubeide/plugins/com.st.stm32cube.ide.mcu.externaltools.gnu-tools-for-stm32.7-2018-q2-update.win32_1.4.0.202007081208/tools/bin/../lib/gcc/arm-none-eabi/7.3.1/../../../../arm-none-eabi/lib/thumb/v7e-m/fpv5/hard/crt0.o (exit)
c:/st/stm32cubeide_1.3.0/stm32cubeide/plugins/com.st.stm32cube.ide.mcu.externaltools.gnu-tools-for-stm32.7-2018-q2-update.win32_1.4.0.202007081208/tools/bin/../lib/gcc/arm-none-eabi/7.3.1/../../../../arm-none-eabi/lib/thumb/v7e-m/fpv5/hard\libc_nano.a(lib_a-impure.o)
                              c:/st/stm32cubeide_1.3.0/stm32cubeide/plugins/com.st.stm32cube.ide.mcu.externaltools.gnu-tools-for-stm32.7-2018-q2-update.win32_1.4.0.202007081208/tools/bin/../lib/gcc/arm-none-eabi/7.3.1/../../../../arm-none-eabi/lib/thumb/v7e-m/fpv5/hard\libc_nano.a(lib_a-exit.o) (_global_impure_ptr)
c:/st/stm32cubeide_1.3.0/stm32cubeide/plugins/com.st.stm32cube.ide.mcu.externaltools.gnu-tools-for-stm32.7-2018-q2-update.win32_1.4.0.202007081208/tools/bin/../lib/gcc/arm-none-eabi/7.3.1/../../../../arm-none-eabi/lib/thumb/v7e-m/fpv5/hard\libc_nano.a(lib_a-init.o)
                              c:/st/stm32cubeide_1.3.0/stm32cubeide/plugins/com.st.stm32cube.ide.mcu.externaltools.gnu-tools-for-stm32.7-2018-q2-update.win32_1.4.0.202007081208/tools/bin/../lib/gcc/arm-none-eabi/7.3.1/../../../../arm-none-eabi/lib/thumb/v7e-m/fpv5/hard/crt0.o (__libc_init_array)
c:/st/stm32cubeide_1.3.0/stm32cubeide/plugins/com.st.stm32cube.ide.mcu.externaltools.gnu-tools-for-stm32.7-2018-q2-update.win32_1.4.0.202007081208/tools/bin/../lib/gcc/arm-none-eabi/7.3.1/../../../../arm-none-eabi/lib/thumb/v7e-m/fpv5/hard\libc_nano.a(lib_a-memset.o)
                              c:/st/stm32cubeide_1.3.0/stm32cubeide/plugins/com.st.stm32cube.ide.mcu.externaltools.gnu-tools-for-stm32.7-2018-q2-update.win32_1.4.0.202007081208/tools/bin/../lib/gcc/arm-none-eabi/7.3.1/../../../../arm-none-eabi/lib/thumb/v7e-m/fpv5/hard/crt0.o (memset)
c:/st/stm32cubeide_1.3.0/stm32cubeide/plugins/com.st.stm32cube.ide.mcu.externaltools.gnu-tools-for-stm32.7-2018-q2-update.win32_1.4.0.202007081208/tools/bin/../lib/gcc/arm-none-eabi/7.3.1/../../../../arm-none-eabi/lib/thumb/v7e-m/fpv5/hard\libnosys.a(_exit.o)
                              c:/st/stm32cubeide_1.3.0/stm32cubeide/plugins/com.st.stm32cube.ide.mcu.externaltools.gnu-tools-for-stm32.7-2018-q2-update.win32_1.4.0.202007081208/tools/bin/../lib/gcc/arm-none-eabi/7.3.1/../../../../arm-none-eabi/lib/thumb/v7e-m/fpv5/hard\libc_nano.a(lib_a-exit.o) (_exit)

Discarded input sections

 .text          0x0000000000000000        0x0 c:/st/stm32cubeide_1.3.0/stm32cubeide/plugins/com.st.stm32cube.ide.mcu.externaltools.gnu-tools-for-stm32.7-2018-q2-update.win32_1.4.0.202007081208/tools/bin/../lib/gcc/arm-none-eabi/7.3.1/thumb/v7e-m/fpv5/hard/crti.o
 .data          0x0000000000000000        0x0 c:/st/stm32cubeide_1.3.0/stm32cubeide/plugins/com.st.stm32cube.ide.mcu.externaltools.gnu-tools-for-stm32.7-2018-q2-update.win32_1.4.0.202007081208/tools/bin/../lib/gcc/arm-none-eabi/7.3.1/thumb/v7e-m/fpv5/hard/crti.o
 .bss           0x0000000000000000        0x0 c:/st/stm32cubeide_1.3.0/stm32cubeide/plugins/com.st.stm32cube.ide.mcu.externaltools.gnu-tools-for-stm32.7-2018-q2-update.win32_1.4.0.202007081208/tools/bin/../lib/gcc/arm-none-eabi/7.3.1/thumb/v7e-m/fpv5/hard/crti.o
 .data          0x0000000000000000        0x4 c:/st/stm32cubeide_1.3.0/stm32cubeide/plugins/com.st.stm32cube.ide.mcu.externaltools.gnu-tools-for-stm32.7-2018-q2-update.win32_1.4.0.202007081208/tools/bin/../lib/gcc/arm-none-eabi/7.3.1/thumb/v7e-m/fpv5/hard/crtbegin.o
 .text          0x0000000000000000       0x74 c:/st/stm32cubeide_1.3.0/stm32cubeide/plugins/com.st.stm32cube.ide.mcu.externaltools.gnu-tools-for-stm32.7-2018-q2-update.win32_1.4.0.202007081208/tools/bin/../lib/gcc/arm-none-eabi/7.3.1/../../../../arm-none-eabi/lib/thumb/v7e-m/fpv5/hard/crt0.o
 .data          0x0000000000000000        0x0 c:/st/stm32cubeide_1.3.0/stm32cubeide/plugins/com.st.stm32cube.ide.mcu.externaltools.gnu-tools-for-stm32.7-2018-q2-update.win32_1.4.0.202007081208/tools/bin/../lib/gcc/arm-none-eabi/7.3.1/../../../../arm-none-eabi/lib/thumb/v7e-m/fpv5/hard/crt0.o
 .bss           0x0000000000000000        0x0 c:/st/stm32cubeide_1.3.0/stm32cubeide/plugins/com.st.stm32cube.ide.mcu.externaltools.gnu-tools-for-stm32.7-2018-q2-update.win32_1.4.0.202007081208/tools/bin/../lib/gcc/arm-none-eabi/7.3.1/../../../../arm-none-eabi/lib/thumb/v7e-m/fpv5/hard/crt0.o
 .ARM.extab     0x0000000000000000        0x0 c:/st/stm32cubeide_1.3.0/stm32cubeide/plugins/com.st.stm32cube.ide.mcu.externaltools.gnu-tools-for-stm32.7-2018-q2-update.win32_1.4.0.202007081208/tools/bin/../lib/gcc/arm-none-eabi/7.3.1/../../../../arm-none-eabi/lib/thumb/v7e-m/fpv5/hard/crt0.o
 .ARM.exidx     0x0000000000000000        0x8 c:/st/stm32cubeide_1.3.0/stm32cubeide/plugins/com.st.stm32cube.ide.mcu.externaltools.gnu-tools-for-stm32.7-2018-q2-update.win32_1.4.0.202007081208/tools/bin/../lib/gcc/arm-none-eabi/7.3.1/../../../../arm-none-eabi/lib/thumb/v7e-m/fpv5/hard/crt0.o
 .ARM.attributes
                0x0000000000000000       0x1e c:/st/stm32cubeide_1.3.0/stm32cubeide/plugins/com.st.stm32cube.ide.mcu.externaltools.gnu-tools-for-stm32.7-2018-q2-update.win32_1.4.0.202007081208/tools/bin/../lib/gcc/arm-none-eabi/7.3.1/../../../../arm-none-eabi/lib/thumb/v7e-m/fpv5/hard/crt0.o
 .group         0x0000000000000000        0xc Drivers/Src/stm32f767xx_gpio_driver.o
 .group         0x0000000000000000        0xc Drivers/Src/stm32f767xx_gpio_driver.o
 .group         0x0000000000000000        0xc Drivers/Src/stm32f767xx_gpio_driver.o
 .group         0x0000000000000000        0xc Drivers/Src/stm32f767xx_gpio_driver.o
 .group         0x0000000000000000        0xc Drivers/Src/stm32f767xx_gpio_driver.o
 .group         0x0000000000000000        0xc Drivers/Src/stm32f767xx_gpio_driver.o
 .group         0x0000000000000000        0xc Drivers/Src/stm32f767xx_gpio_driver.o
 .group         0x0000000000000000        0xc Drivers/Src/stm32f767xx_gpio_driver.o
 .group         0x0000000000000000        0xc Drivers/Src/stm32f767xx_gpio_driver.o
 .group         0x0000000000000000        0xc Drivers/Src/stm32f767xx_gpio_driver.o
 .text          0x0000000000000000        0x0 Drivers/Src/stm32f767xx_gpio_driver.o
 .data          0x0000000000000000        0x0 Drivers/Src/stm32f767xx_gpio_driver.o
 .bss           0x0000000000000000        0x0 Drivers/Src/stm32f767xx_gpio_driver.o
 .text.GPIO_PeriClockControl
                0x0000000000000000      0x228 Drivers/Src/stm32f767xx_gpio_driver.o
 .text.GPIO_Init
                0x0000000000000000      0x360 Drivers/Src/stm32f767xx_gpio_driver.o
 .text.GPIO_DeInit
                0x0000000000000000      0x1b0 Drivers/Src/stm32f767xx_gpio_driver.o
 .text.GPIO_ReadFromInputPin
                0x0000000000000000       0x2c Drivers/Src/stm32f767xx_gpio_driver.o
 .text.GPIO_ReadFromInputPort
                0x0000000000000000       0x1e Drivers/Src/stm32f767xx_gpio_driver.o
 .text.GPIO_WriteToOutputPin
                0x0000000000000000       0x4a Drivers/Src/stm32f767xx_gpio_driver.o
 .text.GPIO_WriteToOutputPort
                0x0000000000000000       0x1e Drivers/Src/stm32f767xx_gpio_driver.o
 .text.GPIO_TogglePin
                0x0000000000000000       0x2a Drivers/Src/stm32f767xx_gpio_driver.o
 .text.GPIO_IRQInterruptConfig
                0x0000000000000000      0x10c Drivers/Src/stm32f767xx_gpio_driver.o
 .text.GPIO_IRQPriorityConfig
                0x0000000000000000       0x5c Drivers/Src/stm32f767xx_gpio_driver.o
 .text.GPIO_IRQHandle
                0x0000000000000000       0x40 Drivers/Src/stm32f767xx_gpio_driver.o
 .debug_info    0x0000000000000000      0x719 Drivers/Src/stm32f767xx_gpio_driver.o
 .debug_abbrev  0x0000000000000000      0x15b Drivers/Src/stm32f767xx_gpio_driver.o
 .debug_aranges
                0x0000000000000000       0x70 Drivers/Src/stm32f767xx_gpio_driver.o
 .debug_ranges  0x0000000000000000       0x60 Drivers/Src/stm32f767xx_gpio_driver.o
 .debug_macro   0x0000000000000000       0x94 Drivers/Src/stm32f767xx_gpio_driver.o
 .debug_macro   0x0000000000000000      0xa72 Drivers/Src/stm32f767xx_gpio_driver.o
 .debug_macro   0x0000000000000000       0x22 Drivers/Src/stm32f767xx_gpio_driver.o
 .debug_macro   0x0000000000000000       0x8e Drivers/Src/stm32f767xx_gpio_driver.o
 .debug_macro   0x0000000000000000       0x51 Drivers/Src/stm32f767xx_gpio_driver.o
 .debug_macro   0x0000000000000000       0xef Drivers/Src/stm32f767xx_gpio_driver.o
 .debug_macro   0x0000000000000000       0x6a Drivers/Src/stm32f767xx_gpio_driver.o
 .debug_macro   0x0000000000000000      0x1df Drivers/Src/stm32f767xx_gpio_driver.o
 .debug_macro   0x0000000000000000      0x5a7 Drivers/Src/stm32f767xx_gpio_driver.o
 .debug_macro   0x0000000000000000       0x94 Drivers/Src/stm32f767xx_gpio_driver.o
 .debug_macro   0x0000000000000000       0xc4 Drivers/Src/stm32f767xx_gpio_driver.o
 .debug_line    0x0000000000000000      0x684 Drivers/Src/stm32f767xx_gpio_driver.o
 .debug_str     0x0000000000000000     0x6375 Drivers/Src/stm32f767xx_gpio_driver.o
 .comment       0x0000000000000000       0x7c Drivers/Src/stm32f767xx_gpio_driver.o
 .debug_frame   0x0000000000000000      0x1c8 Drivers/Src/stm32f767xx_gpio_driver.o
 .ARM.attributes
                0x0000000000000000       0x37 Drivers/Src/stm32f767xx_gpio_driver.o
 .group         0x0000000000000000        0xc Drivers/Src/stm32f767xx_spi_driver.o
 .group         0x0000000000000000        0xc Drivers/Src/stm32f767xx_spi_driver.o
 .group         0x0000000000000000        0xc Drivers/Src/stm32f767xx_spi_driver.o
 .group         0x0000000000000000        0xc Drivers/Src/stm32f767xx_spi_driver.o
 .group         0x0000000000000000        0xc Drivers/Src/stm32f767xx_spi_driver.o
 .group         0x0000000000000000        0xc Drivers/Src/stm32f767xx_spi_driver.o
 .group         0x0000000000000000        0xc Drivers/Src/stm32f767xx_spi_driver.o
 .group         0x0000000000000000        0xc Drivers/Src/stm32f767xx_spi_driver.o
 .group         0x0000000000000000        0xc Drivers/Src/stm32f767xx_spi_driver.o
 .group         0x0000000000000000        0xc Drivers/Src/stm32f767xx_spi_driver.o
 .text          0x0000000000000000        0x0 Drivers/Src/stm32f767xx_spi_driver.o
 .data          0x0000000000000000        0x0 Drivers/Src/stm32f767xx_spi_driver.o
 .bss           0x0000000000000000        0x0 Drivers/Src/stm32f767xx_spi_driver.o
 .text.SPI_PeriClockControl
                0x0000000000000000      0x140 Drivers/Src/stm32f767xx_spi_driver.o
 .text.SPI_Init
                0x0000000000000000       0xa0 Drivers/Src/stm32f767xx_spi_driver.o
 .text.SPI_DeInit
                0x0000000000000000       0x14 Drivers/Src/stm32f767xx_spi_driver.o
 .text.SPI_GetFlagStatus
                0x0000000000000000       0x28 Drivers/Src/stm32f767xx_spi_driver.o
 .text.SPI_SendData
                0x0000000000000000       0x72 Drivers/Src/stm32f767xx_spi_driver.o
 .text.SPI_RecieveData
                0x0000000000000000       0x18 Drivers/Src/stm32f767xx_spi_driver.o
 .text.SPI_IRQInterruptConfig
                0x0000000000000000       0x1c Drivers/Src/stm32f767xx_spi_driver.o
 .text.SPI_IRQPriorityConfig
                0x0000000000000000       0x1c Drivers/Src/stm32f767xx_spi_driver.o
 .text.SPI_IRQHandle
                0x0000000000000000       0x14 Drivers/Src/stm32f767xx_spi_driver.o
 .debug_info    0x0000000000000000      0x557 Drivers/Src/stm32f767xx_spi_driver.o
 .debug_abbrev  0x0000000000000000      0x145 Drivers/Src/stm32f767xx_spi_driver.o
 .debug_aranges
                0x0000000000000000       0x60 Drivers/Src/stm32f767xx_spi_driver.o
 .debug_ranges  0x0000000000000000       0x50 Drivers/Src/stm32f767xx_spi_driver.o
 .debug_macro   0x0000000000000000       0x94 Drivers/Src/stm32f767xx_spi_driver.o
 .debug_macro   0x0000000000000000      0xa72 Drivers/Src/stm32f767xx_spi_driver.o
 .debug_macro   0x0000000000000000       0x22 Drivers/Src/stm32f767xx_spi_driver.o
 .debug_macro   0x0000000000000000       0x8e Drivers/Src/stm32f767xx_spi_driver.o
 .debug_macro   0x0000000000000000       0x51 Drivers/Src/stm32f767xx_spi_driver.o
 .debug_macro   0x0000000000000000       0xef Drivers/Src/stm32f767xx_spi_driver.o
 .debug_macro   0x0000000000000000       0x6a Drivers/Src/stm32f767xx_spi_driver.o
 .debug_macro   0x0000000000000000      0x1df Drivers/Src/stm32f767xx_spi_driver.o
 .debug_macro   0x0000000000000000      0x5a7 Drivers/Src/stm32f767xx_spi_driver.o
 .debug_macro   0x0000000000000000       0xc4 Drivers/Src/stm32f767xx_spi_driver.o
 .debug_macro   0x0000000000000000       0x94 Drivers/Src/stm32f767xx_spi_driver.o
 .debug_line    0x0000000000000000      0x50d Drivers/Src/stm32f767xx_spi_driver.o
 .debug_str     0x0000000000000000     0x62b6 Drivers/Src/stm32f767xx_spi_driver.o
 .comment       0x0000000000000000       0x7c Drivers/Src/stm32f767xx_spi_driver.o
 .debug_frame   0x0000000000000000      0x174 Drivers/Src/stm32f767xx_spi_driver.o
 .ARM.attributes
                0x0000000000000000       0x37 Drivers/Src/stm32f767xx_spi_driver.o
 .group         0x0000000000000000        0xc Src/05_spi_tx_testing.o
 .text          0x0000000000000000        0x0 Src/05_spi_tx_testing.o
 .data          0x0000000000000000        0x0 Src/05_spi_tx_testing.o
 .bss           0x0000000000000000        0x0 Src/05_spi_tx_testing.o
 .debug_macro   0x0000000000000000      0xa72 Src/05_spi_tx_testing.o
 .text          0x0000000000000000       0x14 Startup/startup_stm32f767zitx.o
 .data          0x0000000000000000        0x0 Startup/startup_stm32f767zitx.o
 .bss           0x0000000000000000        0x0 Startup/startup_stm32f767zitx.o
 .text          0x0000000000000000        0x0 c:/st/stm32cubeide_1.3.0/stm32cubeide/plugins/com.st.stm32cube.ide.mcu.externaltools.gnu-tools-for-stm32.7-2018-q2-update.win32_1.4.0.202007081208/tools/bin/../lib/gcc/arm-none-eabi/7.3.1/../../../../arm-none-eabi/lib/thumb/v7e-m/fpv5/hard\libc_nano.a(lib_a-exit.o)
 .data          0x0000000000000000        0x0 c:/st/stm32cubeide_1.3.0/stm32cubeide/plugins/com.st.stm32cube.ide.mcu.externaltools.gnu-tools-for-stm32.7-2018-q2-update.win32_1.4.0.202007081208/tools/bin/../lib/gcc/arm-none-eabi/7.3.1/../../../../arm-none-eabi/lib/thumb/v7e-m/fpv5/hard\libc_nano.a(lib_a-exit.o)
 .bss           0x0000000000000000        0x0 c:/st/stm32cubeide_1.3.0/stm32cubeide/plugins/com.st.stm32cube.ide.mcu.externaltools.gnu-tools-for-stm32.7-2018-q2-update.win32_1.4.0.202007081208/tools/bin/../lib/gcc/arm-none-eabi/7.3.1/../../../../arm-none-eabi/lib/thumb/v7e-m/fpv5/hard\libc_nano.a(lib_a-exit.o)
 .text.exit     0x0000000000000000       0x28 c:/st/stm32cubeide_1.3.0/stm32cubeide/plugins/com.st.stm32cube.ide.mcu.externaltools.gnu-tools-for-stm32.7-2018-q2-update.win32_1.4.0.202007081208/tools/bin/../lib/gcc/arm-none-eabi/7.3.1/../../../../arm-none-eabi/lib/thumb/v7e-m/fpv5/hard\libc_nano.a(lib_a-exit.o)
 .debug_frame   0x0000000000000000       0x28 c:/st/stm32cubeide_1.3.0/stm32cubeide/plugins/com.st.stm32cube.ide.mcu.externaltools.gnu-tools-for-stm32.7-2018-q2-update.win32_1.4.0.202007081208/tools/bin/../lib/gcc/arm-none-eabi/7.3.1/../../../../arm-none-eabi/lib/thumb/v7e-m/fpv5/hard\libc_nano.a(lib_a-exit.o)
 .ARM.attributes
                0x0000000000000000       0x32 c:/st/stm32cubeide_1.3.0/stm32cubeide/plugins/com.st.stm32cube.ide.mcu.externaltools.gnu-tools-for-stm32.7-2018-q2-update.win32_1.4.0.202007081208/tools/bin/../lib/gcc/arm-none-eabi/7.3.1/../../../../arm-none-eabi/lib/thumb/v7e-m/fpv5/hard\libc_nano.a(lib_a-exit.o)
 .text          0x0000000000000000        0x0 c:/st/stm32cubeide_1.3.0/stm32cubeide/plugins/com.st.stm32cube.ide.mcu.externaltools.gnu-tools-for-stm32.7-2018-q2-update.win32_1.4.0.202007081208/tools/bin/../lib/gcc/arm-none-eabi/7.3.1/../../../../arm-none-eabi/lib/thumb/v7e-m/fpv5/hard\libc_nano.a(lib_a-impure.o)
 .data          0x0000000000000000        0x0 c:/st/stm32cubeide_1.3.0/stm32cubeide/plugins/com.st.stm32cube.ide.mcu.externaltools.gnu-tools-for-stm32.7-2018-q2-update.win32_1.4.0.202007081208/tools/bin/../lib/gcc/arm-none-eabi/7.3.1/../../../../arm-none-eabi/lib/thumb/v7e-m/fpv5/hard\libc_nano.a(lib_a-impure.o)
 .bss           0x0000000000000000        0x0 c:/st/stm32cubeide_1.3.0/stm32cubeide/plugins/com.st.stm32cube.ide.mcu.externaltools.gnu-tools-for-stm32.7-2018-q2-update.win32_1.4.0.202007081208/tools/bin/../lib/gcc/arm-none-eabi/7.3.1/../../../../arm-none-eabi/lib/thumb/v7e-m/fpv5/hard\libc_nano.a(lib_a-impure.o)
 .data._impure_ptr
                0x0000000000000000        0x4 c:/st/stm32cubeide_1.3.0/stm32cubeide/plugins/com.st.stm32cube.ide.mcu.externaltools.gnu-tools-for-stm32.7-2018-q2-update.win32_1.4.0.202007081208/tools/bin/../lib/gcc/arm-none-eabi/7.3.1/../../../../arm-none-eabi/lib/thumb/v7e-m/fpv5/hard\libc_nano.a(lib_a-impure.o)
 .data.impure_data
                0x0000000000000000       0x60 c:/st/stm32cubeide_1.3.0/stm32cubeide/plugins/com.st.stm32cube.ide.mcu.externaltools.gnu-tools-for-stm32.7-2018-q2-update.win32_1.4.0.202007081208/tools/bin/../lib/gcc/arm-none-eabi/7.3.1/../../../../arm-none-eabi/lib/thumb/v7e-m/fpv5/hard\libc_nano.a(lib_a-impure.o)
 .rodata._global_impure_ptr
                0x0000000000000000        0x4 c:/st/stm32cubeide_1.3.0/stm32cubeide/plugins/com.st.stm32cube.ide.mcu.externaltools.gnu-tools-for-stm32.7-2018-q2-update.win32_1.4.0.202007081208/tools/bin/../lib/gcc/arm-none-eabi/7.3.1/../../../../arm-none-eabi/lib/thumb/v7e-m/fpv5/hard\libc_nano.a(lib_a-impure.o)
 .ARM.attributes
                0x0000000000000000       0x32 c:/st/stm32cubeide_1.3.0/stm32cubeide/plugins/com.st.stm32cube.ide.mcu.externaltools.gnu-tools-for-stm32.7-2018-q2-update.win32_1.4.0.202007081208/tools/bin/../lib/gcc/arm-none-eabi/7.3.1/../../../../arm-none-eabi/lib/thumb/v7e-m/fpv5/hard\libc_nano.a(lib_a-impure.o)
 .text          0x0000000000000000        0x0 c:/st/stm32cubeide_1.3.0/stm32cubeide/plugins/com.st.stm32cube.ide.mcu.externaltools.gnu-tools-for-stm32.7-2018-q2-update.win32_1.4.0.202007081208/tools/bin/../lib/gcc/arm-none-eabi/7.3.1/../../../../arm-none-eabi/lib/thumb/v7e-m/fpv5/hard\libc_nano.a(lib_a-init.o)
 .data          0x0000000000000000        0x0 c:/st/stm32cubeide_1.3.0/stm32cubeide/plugins/com.st.stm32cube.ide.mcu.externaltools.gnu-tools-for-stm32.7-2018-q2-update.win32_1.4.0.202007081208/tools/bin/../lib/gcc/arm-none-eabi/7.3.1/../../../../arm-none-eabi/lib/thumb/v7e-m/fpv5/hard\libc_nano.a(lib_a-init.o)
 .bss           0x0000000000000000        0x0 c:/st/stm32cubeide_1.3.0/stm32cubeide/plugins/com.st.stm32cube.ide.mcu.externaltools.gnu-tools-for-stm32.7-2018-q2-update.win32_1.4.0.202007081208/tools/bin/../lib/gcc/arm-none-eabi/7.3.1/../../../../arm-none-eabi/lib/thumb/v7e-m/fpv5/hard\libc_nano.a(lib_a-init.o)
 .text          0x0000000000000000        0x0 c:/st/stm32cubeide_1.3.0/stm32cubeide/plugins/com.st.stm32cube.ide.mcu.externaltools.gnu-tools-for-stm32.7-2018-q2-update.win32_1.4.0.202007081208/tools/bin/../lib/gcc/arm-none-eabi/7.3.1/../../../../arm-none-eabi/lib/thumb/v7e-m/fpv5/hard\libc_nano.a(lib_a-memset.o)
 .data          0x0000000000000000        0x0 c:/st/stm32cubeide_1.3.0/stm32cubeide/plugins/com.st.stm32cube.ide.mcu.externaltools.gnu-tools-for-stm32.7-2018-q2-update.win32_1.4.0.202007081208/tools/bin/../lib/gcc/arm-none-eabi/7.3.1/../../../../arm-none-eabi/lib/thumb/v7e-m/fpv5/hard\libc_nano.a(lib_a-memset.o)
 .bss           0x0000000000000000        0x0 c:/st/stm32cubeide_1.3.0/stm32cubeide/plugins/com.st.stm32cube.ide.mcu.externaltools.gnu-tools-for-stm32.7-2018-q2-update.win32_1.4.0.202007081208/tools/bin/../lib/gcc/arm-none-eabi/7.3.1/../../../../arm-none-eabi/lib/thumb/v7e-m/fpv5/hard\libc_nano.a(lib_a-memset.o)
 .text.memset   0x0000000000000000       0x10 c:/st/stm32cubeide_1.3.0/stm32cubeide/plugins/com.st.stm32cube.ide.mcu.externaltools.gnu-tools-for-stm32.7-2018-q2-update.win32_1.4.0.202007081208/tools/bin/../lib/gcc/arm-none-eabi/7.3.1/../../../../arm-none-eabi/lib/thumb/v7e-m/fpv5/hard\libc_nano.a(lib_a-memset.o)
 .debug_frame   0x0000000000000000       0x20 c:/st/stm32cubeide_1.3.0/stm32cubeide/plugins/com.st.stm32cube.ide.mcu.externaltools.gnu-tools-for-stm32.7-2018-q2-update.win32_1.4.0.202007081208/tools/bin/../lib/gcc/arm-none-eabi/7.3.1/../../../../arm-none-eabi/lib/thumb/v7e-m/fpv5/hard\libc_nano.a(lib_a-memset.o)
 .ARM.attributes
                0x0000000000000000       0x32 c:/st/stm32cubeide_1.3.0/stm32cubeide/plugins/com.st.stm32cube.ide.mcu.externaltools.gnu-tools-for-stm32.7-2018-q2-update.win32_1.4.0.202007081208/tools/bin/../lib/gcc/arm-none-eabi/7.3.1/../../../../arm-none-eabi/lib/thumb/v7e-m/fpv5/hard\libc_nano.a(lib_a-memset.o)
 .text          0x0000000000000000        0x0 c:/st/stm32cubeide_1.3.0/stm32cubeide/plugins/com.st.stm32cube.ide.mcu.externaltools.gnu-tools-for-stm32.7-2018-q2-update.win32_1.4.0.202007081208/tools/bin/../lib/gcc/arm-none-eabi/7.3.1/../../../../arm-none-eabi/lib/thumb/v7e-m/fpv5/hard\libnosys.a(_exit.o)
 .data          0x0000000000000000        0x0 c:/st/stm32cubeide_1.3.0/stm32cubeide/plugins/com.st.stm32cube.ide.mcu.externaltools.gnu-tools-for-stm32.7-2018-q2-update.win32_1.4.0.202007081208/tools/bin/../lib/gcc/arm-none-eabi/7.3.1/../../../../arm-none-eabi/lib/thumb/v7e-m/fpv5/hard\libnosys.a(_exit.o)
 .bss           0x0000000000000000        0x0 c:/st/stm32cubeide_1.3.0/stm32cubeide/plugins/com.st.stm32cube.ide.mcu.externaltools.gnu-tools-for-stm32.7-2018-q2-update.win32_1.4.0.202007081208/tools/bin/../lib/gcc/arm-none-eabi/7.3.1/../../../../arm-none-eabi/lib/thumb/v7e-m/fpv5/hard\libnosys.a(_exit.o)
 .text._exit    0x0000000000000000        0x2 c:/st/stm32cubeide_1.3.0/stm32cubeide/plugins/com.st.stm32cube.ide.mcu.externaltools.gnu-tools-for-stm32.7-2018-q2-update.win32_1.4.0.202007081208/tools/bin/../lib/gcc/arm-none-eabi/7.3.1/../../../../arm-none-eabi/lib/thumb/v7e-m/fpv5/hard\libnosys.a(_exit.o)
 .debug_frame   0x0000000000000000       0x20 c:/st/stm32cubeide_1.3.0/stm32cubeide/plugins/com.st.stm32cube.ide.mcu.externaltools.gnu-tools-for-stm32.7-2018-q2-update.win32_1.4.0.202007081208/tools/bin/../lib/gcc/arm-none-eabi/7.3.1/../../../../arm-none-eabi/lib/thumb/v7e-m/fpv5/hard\libnosys.a(_exit.o)
 .ARM.attributes
                0x0000000000000000       0x32 c:/st/stm32cubeide_1.3.0/stm32cubeide/plugins/com.st.stm32cube.ide.mcu.externaltools.gnu-tools-for-stm32.7-2018-q2-update.win32_1.4.0.202007081208/tools/bin/../lib/gcc/arm-none-eabi/7.3.1/../../../../arm-none-eabi/lib/thumb/v7e-m/fpv5/hard\libnosys.a(_exit.o)
 .text          0x0000000000000000        0x0 c:/st/stm32cubeide_1.3.0/stm32cubeide/plugins/com.st.stm32cube.ide.mcu.externaltools.gnu-tools-for-stm32.7-2018-q2-update.win32_1.4.0.202007081208/tools/bin/../lib/gcc/arm-none-eabi/7.3.1/thumb/v7e-m/fpv5/hard/crtend.o
 .data          0x0000000000000000        0x0 c:/st/stm32cubeide_1.3.0/stm32cubeide/plugins/com.st.stm32cube.ide.mcu.externaltools.gnu-tools-for-stm32.7-2018-q2-update.win32_1.4.0.202007081208/tools/bin/../lib/gcc/arm-none-eabi/7.3.1/thumb/v7e-m/fpv5/hard/crtend.o
 .bss           0x0000000000000000        0x0 c:/st/stm32cubeide_1.3.0/stm32cubeide/plugins/com.st.stm32cube.ide.mcu.externaltools.gnu-tools-for-stm32.7-2018-q2-update.win32_1.4.0.202007081208/tools/bin/../lib/gcc/arm-none-eabi/7.3.1/thumb/v7e-m/fpv5/hard/crtend.o
 .eh_frame      0x0000000000000000        0x4 c:/st/stm32cubeide_1.3.0/stm32cubeide/plugins/com.st.stm32cube.ide.mcu.externaltools.gnu-tools-for-stm32.7-2018-q2-update.win32_1.4.0.202007081208/tools/bin/../lib/gcc/arm-none-eabi/7.3.1/thumb/v7e-m/fpv5/hard/crtend.o
 .ARM.attributes
                0x0000000000000000       0x32 c:/st/stm32cubeide_1.3.0/stm32cubeide/plugins/com.st.stm32cube.ide.mcu.externaltools.gnu-tools-for-stm32.7-2018-q2-update.win32_1.4.0.202007081208/tools/bin/../lib/gcc/arm-none-eabi/7.3.1/thumb/v7e-m/fpv5/hard/crtend.o
 .text          0x0000000000000000        0x0 c:/st/stm32cubeide_1.3.0/stm32cubeide/plugins/com.st.stm32cube.ide.mcu.externaltools.gnu-tools-for-stm32.7-2018-q2-update.win32_1.4.0.202007081208/tools/bin/../lib/gcc/arm-none-eabi/7.3.1/thumb/v7e-m/fpv5/hard/crtn.o
 .data          0x0000000000000000        0x0 c:/st/stm32cubeide_1.3.0/stm32cubeide/plugins/com.st.stm32cube.ide.mcu.externaltools.gnu-tools-for-stm32.7-2018-q2-update.win32_1.4.0.202007081208/tools/bin/../lib/gcc/arm-none-eabi/7.3.1/thumb/v7e-m/fpv5/hard/crtn.o
 .bss           0x0000000000000000        0x0 c:/st/stm32cubeide_1.3.0/stm32cubeide/plugins/com.st.stm32cube.ide.mcu.externaltools.gnu-tools-for-stm32.7-2018-q2-update.win32_1.4.0.202007081208/tools/bin/../lib/gcc/arm-none-eabi/7.3.1/thumb/v7e-m/fpv5/hard/crtn.o

Memory Configuration

Name             Origin             Length             Attributes
RAM              0x0000000020000000 0x0000000000080000 xrw
ROM              0x0000000008000000 0x0000000000200000 xr
*default*        0x0000000000000000 0xffffffffffffffff

Linker script and memory map

LOAD c:/st/stm32cubeide_1.3.0/stm32cubeide/plugins/com.st.stm32cube.ide.mcu.externaltools.gnu-tools-for-stm32.7-2018-q2-update.win32_1.4.0.202007081208/tools/bin/../lib/gcc/arm-none-eabi/7.3.1/thumb/v7e-m/fpv5/hard/crti.o
LOAD c:/st/stm32cubeide_1.3.0/stm32cubeide/plugins/com.st.stm32cube.ide.mcu.externaltools.gnu-tools-for-stm32.7-2018-q2-update.win32_1.4.0.202007081208/tools/bin/../lib/gcc/arm-none-eabi/7.3.1/thumb/v7e-m/fpv5/hard/crtbegin.o
LOAD c:/st/stm32cubeide_1.3.0/stm32cubeide/plugins/com.st.stm32cube.ide.mcu.externaltools.gnu-tools-for-stm32.7-2018-q2-update.win32_1.4.0.202007081208/tools/bin/../lib/gcc/arm-none-eabi/7.3.1/../../../../arm-none-eabi/lib/thumb/v7e-m/fpv5/hard/crt0.o
LOAD Drivers/Src/stm32f767xx_gpio_driver.o
LOAD Drivers/Src/stm32f767xx_spi_driver.o
LOAD Src/05_spi_tx_testing.o
LOAD Startup/startup_stm32f767zitx.o
START GROUP
LOAD c:/st/stm32cubeide_1.3.0/stm32cubeide/plugins/com.st.stm32cube.ide.mcu.externaltools.gnu-tools-for-stm32.7-2018-q2-update.win32_1.4.0.202007081208/tools/bin/../lib/gcc/arm-none-eabi/7.3.1/../../../../arm-none-eabi/lib/thumb/v7e-m/fpv5/hard\libc_nano.a
LOAD c:/st/stm32cubeide_1.3.0/stm32cubeide/plugins/com.st.stm32cube.ide.mcu.externaltools.gnu-tools-for-stm32.7-2018-q2-update.win32_1.4.0.202007081208/tools/bin/../lib/gcc/arm-none-eabi/7.3.1/../../../../arm-none-eabi/lib/thumb/v7e-m/fpv5/hard\libm.a
END GROUP
START GROUP
LOAD c:/st/stm32cubeide_1.3.0/stm32cubeide/plugins/com.st.stm32cube.ide.mcu.externaltools.gnu-tools-for-stm32.7-2018-q2-update.win32_1.4.0.202007081208/tools/bin/../lib/gcc/arm-none-eabi/7.3.1/thumb/v7e-m/fpv5/hard\libgcc.a
LOAD c:/st/stm32cubeide_1.3.0/stm32cubeide/plugins/com.st.stm32cube.ide.mcu.externaltools.gnu-tools-for-stm32.7-2018-q2-update.win32_1.4.0.202007081208/tools/bin/../lib/gcc/arm-none-eabi/7.3.1/../../../../arm-none-eabi/lib/thumb/v7e-m/fpv5/hard\libc_nano.a
END GROUP
START GROUP
LOAD c:/st/stm32cubeide_1.3.0/stm32cubeide/plugins/com.st.stm32cube.ide.mcu.externaltools.gnu-tools-for-stm32.7-2018-q2-update.win32_1.4.0.202007081208/tools/bin/../lib/gcc/arm-none-eabi/7.3.1/thumb/v7e-m/fpv5/hard\libgcc.a
LOAD c:/st/stm32cubeide_1.3.0/stm32cubeide/plugins/com.st.stm32cube.ide.mcu.externaltools.gnu-tools-for-stm32.7-2018-q2-update.win32_1.4.0.202007081208/tools/bin/../lib/gcc/arm-none-eabi/7.3.1/../../../../arm-none-eabi/lib/thumb/v7e-m/fpv5/hard\libc_nano.a
LOAD c:/st/stm32cubeide_1.3.0/stm32cubeide/plugins/com.st.stm32cube.ide.mcu.externaltools.gnu-tools-for-stm32.7-2018-q2-update.win32_1.4.0.202007081208/tools/bin/../lib/gcc/arm-none-eabi/7.3.1/../../../../arm-none-eabi/lib/thumb/v7e-m/fpv5/hard\libnosys.a
END GROUP
START GROUP
LOAD c:/st/stm32cubeide_1.3.0/stm32cubeide/plugins/com.st.stm32cube.ide.mcu.externaltools.gnu-tools-for-stm32.7-2018-q2-update.win32_1.4.0.202007081208/tools/bin/../lib/gcc/arm-none-eabi/7.3.1/thumb/v7e-m/fpv5/hard\libgcc.a
LOAD c:/st/stm32cubeide_1.3.0/stm32cubeide/plugins/com.st.stm32cube.ide.mcu.externaltools.gnu-tools-for-stm32.7-2018-q2-update.win32_1.4.0.202007081208/tools/bin/../lib/gcc/arm-none-eabi/7.3.1/../../../../arm-none-eabi/lib/thumb/v7e-m/fpv5/hard\libc_nano.a
LOAD c:/st/stm32cubeide_1.3.0/stm32cubeide/plugins/com.st.stm32cube.ide.mcu.externaltools.gnu-tools-for-stm32.7-2018-q2-update.win32_1.4.0.202007081208/tools/bin/../lib/gcc/arm-none-eabi/7.3.1/../../../../arm-none-eabi/lib/thumb/v7e-m/fpv5/hard\libnosys.a
END GROUP
LOAD c:/st/stm32cubeide_1.3.0/stm32cubeide/plugins/com.st.stm32cube.ide.mcu.externaltools.gnu-tools-for-stm32.7-2018-q2-update.win32_1.4.0.202007081208/tools/bin/../lib/gcc/arm-none-eabi/7.3.1/thumb/v7e-m/fpv5/hard/crtend.o
LOAD c:/st/stm32cubeide_1.3.0/stm32cubeide/plugins/com.st.stm32cube.ide.mcu.externaltools.gnu-tools-for-stm32.7-2018-q2-update.win32_1.4.0.202007081208/tools/bin/../lib/gcc/arm-none-eabi/7.3.1/thumb/v7e-m/fpv5/hard/crtn.o
                0x0000000020080000                _estack = (ORIGIN (RAM) + LENGTH (RAM))
                0x0000000000000200                _Min_Heap_Size = 0x200
                0x0000000000000400                _Min_Stack_Size = 0x400

.isr_vector     0x0000000008000000      0x1f8
                0x0000000008000000                . = ALIGN (0x4)
 *(.isr_vector)
 .isr_vector    0x0000000008000000      0x1f8 Startup/startup_stm32f767zitx.o
                0x0000000008000000                g_pfnVectors
                0x00000000080001f8                . = ALIGN (0x4)

.text           0x00000000080001f8      0x104
                0x00000000080001f8                . = ALIGN (0x4)
 *(.text)
 .text          0x00000000080001f8       0x40 c:/st/stm32cubeide_1.3.0/stm32cubeide/plugins/com.st.stm32cube.ide.mcu.externaltools.gnu-tools-for-stm32.7-2018-q2-update.win32_1.4.0.202007081208/tools/bin/../lib/gcc/arm-none-eabi/7.3.1/thumb/v7e-m/fpv5/hard/crtbegin.o
 *(.text*)
 .text.main     0x0000000008000238       0x10 Src/05_spi_tx_testing.o
                0x0000000008000238                main
 .text.Reset_Handler
                0x0000000008000248       0x50 Startup/startup_stm32f767zitx.o
                0x0000000008000248                Reset_Handler
 .text.Default_Handler
                0x0000000008000298        0x2 Startup/startup_stm32f767zitx.o
                0x0000000008000298                HASH_RNG_IRQHandler
                0x0000000008000298                EXTI2_IRQHandler
                0x0000000008000298                TIM8_CC_IRQHandler
                0x0000000008000298                DebugMon_Handler
                0x0000000008000298                UART8_IRQHandler
                0x0000000008000298                LP_Timer1_IRQHandler
                0x0000000008000298                SPI4_IRQHandler
                0x0000000008000298                TIM1_CC_IRQHandler
                0x0000000008000298                QuadSPI_IRQHandler
                0x0000000008000298                DMA2_Stream5_IRQHandler
                0x0000000008000298                HardFault_Handler
                0x0000000008000298                JPEG_IRQHandler
                0x0000000008000298                DSIHOST_IRQHandler
                0x0000000008000298                DMA1_Stream5_IRQHandler
                0x0000000008000298                SysTick_Handler
                0x0000000008000298                CAN3_RX1_IRQHandler
                0x0000000008000298                PVD_IRQHandler
                0x0000000008000298                TAMP_STAMP_IRQHandler
                0x0000000008000298                PendSV_Handler
                0x0000000008000298                NMI_Handler
                0x0000000008000298                CAN2_RX1_IRQHandler
                0x0000000008000298                EXTI3_IRQHandler
                0x0000000008000298                TIM8_TRG_COM_TIM14_IRQHandler
                0x0000000008000298                DFSDM1_FLT1_IRQHandler
                0x0000000008000298                TIM1_UP_TIM10_IRQHandler
                0x0000000008000298                TIM8_UP_TIM13_IRQHandler
                0x0000000008000298                I2C3_ER_IRQHandler
                0x0000000008000298                DFSDM1_FLT2_IRQHandler
                0x0000000008000298                LCD_TFT_IRQHandler
                0x0000000008000298                EXTI0_IRQHandler
                0x0000000008000298                I2C2_EV_IRQHandler
                0x0000000008000298                DMA1_Stream2_IRQHandler
                0x0000000008000298                CAN1_RX0_IRQHandler
                0x0000000008000298                FPU_IRQHandler
                0x0000000008000298                OTG_HS_WKUP_IRQHandler
                0x0000000008000298                CAN3_SCE_IRQHandler
                0x0000000008000298                UsageFault_Handler
                0x0000000008000298                CAN2_SCE_IRQHandler
                0x0000000008000298                DMA2_Stream2_IRQHandler
                0x0000000008000298                SPI1_IRQHandler
                0x0000000008000298                TIM6_DAC_IRQHandler
                0x0000000008000298                TIM1_BRK_TIM9_IRQHandler
                0x0000000008000298                DCMI_IRQHandler
                0x0000000008000298                CAN2_RX0_IRQHandler
                0x0000000008000298                DMA2_Stream3_IRQHandler
                0x0000000008000298                RTC_ALARM_IRQHandler
                0x0000000008000298                SAI2_IRQHandler
                0x0000000008000298                DFSDM1_FLT3_IRQHandler
                0x0000000008000298                USART6_IRQHandler
                0x0000000008000298                CAN3_RX0_IRQHandler
                0x0000000008000298                USART3_IRQHandler
                0x0000000008000298                CRYP_IRQHandler
                0x0000000008000298                CAN1_RX1_IRQHandler
                0x0000000008000298                UART5_IRQHandler
                0x0000000008000298                DMA2_Stream0_IRQHandler
                0x0000000008000298                TIM4_IRQHandler
                0x0000000008000298                I2C1_EV_IRQHandler
                0x0000000008000298                DMA1_Stream6_IRQHandler
                0x0000000008000298                DMA1_Stream1_IRQHandler
                0x0000000008000298                UART4_IRQHandler
                0x0000000008000298                LCD_TFT_1_IRQHandler
                0x0000000008000298                TIM3_IRQHandler
                0x0000000008000298                RCC_IRQHandler
                0x0000000008000298                TIM8_BRK_TIM12_IRQHandler
                0x0000000008000298                Default_Handler
                0x0000000008000298                EXTI15_10_IRQHandler
                0x0000000008000298                ADC_IRQHandler
                0x0000000008000298                DMA1_Stream7_IRQHandler
                0x0000000008000298                SPI5_IRQHandler
                0x0000000008000298                TIM7_IRQHandler
                0x0000000008000298                SDMMC1_IRQHandler
                0x0000000008000298                CAN2_TX_IRQHandler
                0x0000000008000298                TIM5_IRQHandler
                0x0000000008000298                DMA2_Stream7_IRQHandler
                0x0000000008000298                I2C3_EV_IRQHandler
                0x0000000008000298                EXTI9_5_IRQHandler
                0x0000000008000298                RTC_WKUP_IRQHandler
                0x0000000008000298                ETH_WKUP_IRQHandler
                0x0000000008000298                SPI2_IRQHandler
                0x0000000008000298                OTG_HS_EP1_IN_IRQHandler
                0x0000000008000298                MemManage_Handler
                0x0000000008000298                DMA1_Stream0_IRQHandler
                0x0000000008000298                CAN1_TX_IRQHandler
                0x0000000008000298                SVC_Handler
                0x0000000008000298                EXTI4_IRQHandler
                0x0000000008000298                ETH_IRQHandler
                0x0000000008000298                OTG_HS_EP1_OUT_IRQHandler
                0x0000000008000298                WWDG_IRQHandler
                0x0000000008000298                SPI6_IRQHandler
                0x0000000008000298                MDIOS_IRQHandler
                0x0000000008000298                I2C4_EV_IRQHandler
                0x0000000008000298                CAN3_TX_IRQHandler
                0x0000000008000298                TIM2_IRQHandler
                0x0000000008000298                OTG_FS_WKUP_IRQHandler
                0x0000000008000298                TIM1_TRG_COM_TIM11_IRQHandler
                0x0000000008000298                OTG_HS_IRQHandler
                0x0000000008000298                DMA2D_IRQHandler
                0x0000000008000298                EXTI1_IRQHandler
                0x0000000008000298                SDMMC2_IRQHandler
                0x0000000008000298                UART7_IRQHandler
                0x0000000008000298                USART2_IRQHandler
                0x0000000008000298                DFSDM1_FLT0_IRQHandler
                0x0000000008000298                I2C2_ER_IRQHandler
                0x0000000008000298                SPDIFRX_IRQHandler
                0x0000000008000298                DMA2_Stream1_IRQHandler
                0x0000000008000298                CAN1_SCE_IRQHandler
                0x0000000008000298                FLASH_IRQHandler
                0x0000000008000298                DMA2_Stream4_IRQHandler
                0x0000000008000298                BusFault_Handler
                0x0000000008000298                USART1_IRQHandler
                0x0000000008000298                OTG_FS_IRQHandler
                0x0000000008000298                SPI3_IRQHandler
                0x0000000008000298                DMA1_Stream4_IRQHandler
                0x0000000008000298                I2C1_ER_IRQHandler
                0x0000000008000298                FMC_IRQHandler
                0x0000000008000298                I2C4_ER_IRQHandler
                0x0000000008000298                DMA2_Stream6_IRQHandler
                0x0000000008000298                SAI1_IRQHandler
                0x0000000008000298                DMA1_Stream3_IRQHandler
 *fill*         0x000000000800029a        0x2 
 .text.__libc_init_array
                0x000000000800029c       0x48 c:/st/stm32cubeide_1.3.0/stm32cubeide/plugins/com.st.stm32cube.ide.mcu.externaltools.gnu-tools-for-stm32.7-2018-q2-update.win32_1.4.0.202007081208/tools/bin/../lib/gcc/arm-none-eabi/7.3.1/../../../../arm-none-eabi/lib/thumb/v7e-m/fpv5/hard\libc_nano.a(lib_a-init.o)
                0x000000000800029c                __libc_init_array
 *(.glue_7)
 .glue_7        0x00000000080002e4        0x0 linker stubs
 *(.glue_7t)
 .glue_7t       0x00000000080002e4        0x0 linker stubs
 *(.eh_frame)
 .eh_frame      0x00000000080002e4        0x0 c:/st/stm32cubeide_1.3.0/stm32cubeide/plugins/com.st.stm32cube.ide.mcu.externaltools.gnu-tools-for-stm32.7-2018-q2-update.win32_1.4.0.202007081208/tools/bin/../lib/gcc/arm-none-eabi/7.3.1/thumb/v7e-m/fpv5/hard/crtbegin.o
 *(.init)
 .init          0x00000000080002e4        0x4 c:/st/stm32cubeide_1.3.0/stm32cubeide/plugins/com.st.stm32cube.ide.mcu.externaltools.gnu-tools-for-stm32.7-2018-q2-update.win32_1.4.0.202007081208/tools/bin/../lib/gcc/arm-none-eabi/7.3.1/thumb/v7e-m/fpv5/hard/crti.o
                0x00000000080002e4                _init
 .init          0x00000000080002e8        0x8 c:/st/stm32cubeide_1.3.0/stm32cubeide/plugins/com.st.stm32cube.ide.mcu.externaltools.gnu-tools-for-stm32.7-2018-q2-update.win32_1.4.0.202007081208/tools/bin/../lib/gcc/arm-none-eabi/7.3.1/thumb/v7e-m/fpv5/hard/crtn.o
 *(.fini)
 .fini          0x00000000080002f0        0x4 c:/st/stm32cubeide_1.3.0/stm32cubeide/plugins/com.st.stm32cube.ide.mcu.externaltools.gnu-tools-for-stm32.7-2018-q2-update.win32_1.4.0.202007081208/tools/bin/../lib/gcc/arm-none-eabi/7.3.1/thumb/v7e-m/fpv5/hard/crti.o
                0x00000000080002f0                _fini
 .fini          0x00000000080002f4        0x8 c:/st/stm32cubeide_1.3.0/stm32cubeide/plugins/com.st.stm32cube.ide.mcu.externaltools.gnu-tools-for-stm32.7-2018-q2-update.win32_1.4.0.202007081208/tools/bin/../lib/gcc/arm-none-eabi/7.3.1/thumb/v7e-m/fpv5/hard/crtn.o
                0x00000000080002fc                . = ALIGN (0x4)
                0x00000000080002fc                _etext = .

.vfp11_veneer   0x00000000080002fc        0x0
 .vfp11_veneer  0x00000000080002fc        0x0 linker stubs

.v4_bx          0x00000000080002fc        0x0
 .v4_bx         0x00000000080002fc        0x0 linker stubs

.iplt           0x00000000080002fc        0x0
 .iplt          0x00000000080002fc        0x0 c:/st/stm32cubeide_1.3.0/stm32cubeide/plugins/com.st.stm32cube.ide.mcu.externaltools.gnu-tools-for-stm32.7-2018-q2-update.win32_1.4.0.202007081208/tools/bin/../lib/gcc/arm-none-eabi/7.3.1/thumb/v7e-m/fpv5/hard/crtbegin.o

.rel.dyn        0x00000000080002fc        0x0
 .rel.iplt      0x00000000080002fc        0x0 c:/st/stm32cubeide_1.3.0/stm32cubeide/plugins/com.st.stm32cube.ide.mcu.externaltools.gnu-tools-for-stm32.7-2018-q2-update.win32_1.4.0.202007081208/tools/bin/../lib/gcc/arm-none-eabi/7.3.1/thumb/v7e-m/fpv5/hard/crtbegin.o

.rodata         0x00000000080002fc        0x0
                0x00000000080002fc                . = ALIGN (0x4)
 *(.rodata)
 *(.rodata*)
                0x00000000080002fc                . = ALIGN (0x4)

.ARM.extab      0x00000000080002fc        0x0
                0x00000000080002fc                . = ALIGN (0x4)
 *(.ARM.extab* .gnu.linkonce.armextab.*)
                0x00000000080002fc                . = ALIGN (0x4)

.ARM            0x00000000080002fc        0x0
                0x00000000080002fc                . = ALIGN (0x4)
                0x00000000080002fc                __exidx_start = .
 *(.ARM.exidx*)
                0x00000000080002fc                __exidx_end = .
                0x00000000080002fc                . = ALIGN (0x4)

.preinit_array  0x00000000080002fc        0x0
                0x00000000080002fc                . = ALIGN (0x4)
                0x00000000080002fc                PROVIDE (__preinit_array_start = .)
 *(.preinit_array*)
                0x00000000080002fc                PROVIDE (__preinit_array_end = .)
                0x00000000080002fc                . = ALIGN (0x4)

.init_array     0x00000000080002fc        0x4
                0x00000000080002fc                . = ALIGN (0x4)
                0x00000000080002fc                PROVIDE (__init_array_start = .)
 *(SORT_BY_NAME(.init_array.*))
 *(.init_array*)
 .init_array    0x00000000080002fc        0x4 c:/st/stm32cubeide_1.3.0/stm32cubeide/plugins/com.st.stm32cube.ide.mcu.externaltools.gnu-tools-for-stm32.7-2018-q2-update.win32_1.4.0.202007081208/tools/bin/../lib/gcc/arm-none-eabi/7.3.1/thumb/v7e-m/fpv5/hard/crtbegin.o
                0x0000000008000300                PROVIDE (__init_array_end = .)
                0x0000000008000300                . = ALIGN (0x4)

.fini_array     0x0000000008000300        0x4
                0x0000000008000300                . = ALIGN (0x4)
                [!provide]                        PROVIDE (__fini_array_start = .)
 *(SORT_BY_NAME(.fini_array.*))
 *(.fini_array*)
 .fini_array    0x0000000008000300        0x4 c:/st/stm32cubeide_1.3.0/stm32cubeide/plugins/com.st.stm32cube.ide.mcu.externaltools.gnu-tools-for-stm32.7-2018-q2-update.win32_1.4.0.202007081208/tools/bin/../lib/gcc/arm-none-eabi/7.3.1/thumb/v7e-m/fpv5/hard/crtbegin.o
                [!provide]                        PROVIDE (__fini_array_end = .)
                0x0000000008000304                . = ALIGN (0x4)
                0x0000000008000304                _sidata = LOADADDR (.data)

.data           0x0000000020000000        0x0 load address 0x0000000008000304
                0x0000000020000000                . = ALIGN (0x4)
                0x0000000020000000                _sdata = .
 *(.data)
 *(.data*)
                0x0000000020000000                . = ALIGN (0x4)
                0x0000000020000000                _edata = .

.igot.plt       0x0000000020000000        0x0 load address 0x0000000008000304
 .igot.plt      0x0000000020000000        0x0 c:/st/stm32cubeide_1.3.0/stm32cubeide/plugins/com.st.stm32cube.ide.mcu.externaltools.gnu-tools-for-stm32.7-2018-q2-update.win32_1.4.0.202007081208/tools/bin/../lib/gcc/arm-none-eabi/7.3.1/thumb/v7e-m/fpv5/hard/crtbegin.o
                0x0000000020000000                . = ALIGN (0x4)

.bss            0x0000000020000000       0x1c load address 0x0000000008000304
                0x0000000020000000                _sbss = .
                0x0000000020000000                __bss_start__ = _sbss
 *(.bss)
 .bss           0x0000000020000000       0x1c c:/st/stm32cubeide_1.3.0/stm32cubeide/plugins/com.st.stm32cube.ide.mcu.externaltools.gnu-tools-for-stm32.7-2018-q2-update.win32_1.4.0.202007081208/tools/bin/../lib/gcc/arm-none-eabi/7.3.1/thumb/v7e-m/fpv5/hard/crtbegin.o
 *(.bss*)
 *(COMMON)
                0x000000002000001c                . = ALIGN (0x4)
                0x000000002000001c                _ebss = .
                0x000000002000001c                __bss_end__ = _ebss

._user_heap_stack
                0x000000002000001c      0x604 load address 0x0000000008000304
                0x0000000020000020                . = ALIGN (0x8)
 *fill*         0x000000002000001c        0x4 
                [!provide]                        PROVIDE (end = .)
                [!provide]                        PROVIDE (_end = .)
                0x0000000020000220                . = (. + _Min_Heap_Size)
 *fill*         0x0000000020000020      0x200 
                0x0000000020000620                . = (. + _Min_Stack_Size)
 *fill*         0x0000000020000220      0x400 
                0x0000000020000620                . = ALIGN (0x8)

/DISCARD/
 libc.a(*)
 libm.a(*)
 libgcc.a(*)

.ARM.attributes
                0x0000000000000000       0x2e
 *(.ARM.attributes)
 .ARM.attributes
                0x0000000000000000       0x20 c:/st/stm32cubeide_1.3.0/stm32cubeide/plugins/com.st.stm32cube.ide.mcu.externaltools.gnu-tools-for-stm32.7-2018-q2-update.win32_1.4.0.202007081208/tools/bin/../lib/gcc/arm-none-eabi/7.3.1/thumb/v7e-m/fpv5/hard/crti.o
 .ARM.attributes
                0x0000000000000020       0x32 c:/st/stm32cubeide_1.3.0/stm32cubeide/plugins/com.st.stm32cube.ide.mcu.externaltools.gnu-tools-for-stm32.7-2018-q2-update.win32_1.4.0.202007081208/tools/bin/../lib/gcc/arm-none-eabi/7.3.1/thumb/v7e-m/fpv5/hard/crtbegin.o
 .ARM.attributes
                0x0000000000000052       0x37 Src/05_spi_tx_testing.o
 .ARM.attributes
                0x0000000000000089       0x21 Startup/startup_stm32f767zitx.o
 .ARM.attributes
                0x00000000000000aa       0x32 c:/st/stm32cubeide_1.3.0/stm32cubeide/plugins/com.st.stm32cube.ide.mcu.externaltools.gnu-tools-for-stm32.7-2018-q2-update.win32_1.4.0.202007081208/tools/bin/../lib/gcc/arm-none-eabi/7.3.1/../../../../arm-none-eabi/lib/thumb/v7e-m/fpv5/hard\libc_nano.a(lib_a-init.o)
 .ARM.attributes
                0x00000000000000dc       0x20 c:/st/stm32cubeide_1.3.0/stm32cubeide/plugins/com.st.stm32cube.ide.mcu.externaltools.gnu-tools-for-stm32.7-2018-q2-update.win32_1.4.0.202007081208/tools/bin/../lib/gcc/arm-none-eabi/7.3.1/thumb/v7e-m/fpv5/hard/crtn.o
OUTPUT(stm32f7xx_drivers.elf elf32-littlearm)

.debug_info     0x0000000000000000       0x68
 .debug_info    0x0000000000000000       0x46 Src/05_spi_tx_testing.o
 .debug_info    0x0000000000000046       0x22 Startup/startup_stm32f767zitx.o

.debug_abbrev   0x0000000000000000       0x4e
 .debug_abbrev  0x0000000000000000       0x3c Src/05_spi_tx_testing.o
 .debug_abbrev  0x000000000000003c       0x12 Startup/startup_stm32f767zitx.o

.debug_aranges  0x0000000000000000       0x48
 .debug_aranges
                0x0000000000000000       0x20 Src/05_spi_tx_testing.o
 .debug_aranges
                0x0000000000000020       0x28 Startup/startup_stm32f767zitx.o

.debug_ranges   0x0000000000000000       0x30
 .debug_ranges  0x0000000000000000       0x10 Src/05_spi_tx_testing.o
 .debug_ranges  0x0000000000000010       0x20 Startup/startup_stm32f767zitx.o

.debug_macro    0x0000000000000000       0x11
 .debug_macro   0x0000000000000000       0x11 Src/05_spi_tx_testing.o

.debug_line     0x0000000000000000       0xce
 .debug_line    0x0000000000000000       0x4a Src/05_spi_tx_testing.o
 .debug_line    0x000000000000004a       0x84 Startup/startup_stm32f767zitx.o

.debug_str      0x0000000000000000     0x2d4c
 .debug_str     0x0000000000000000     0x2d1b Src/05_spi_tx_testing.o
 .debug_str     0x0000000000002d1b       0x31 Startup/startup_stm32f767zitx.o
                                         0x59 (size before relaxing)

.comment        0x0000000000000000       0x7b
 .comment       0x0000000000000000       0x7b Src/05_spi_tx_testing.o
                                         0x7c (size before relaxing)

.debug_frame    0x0000000000000000       0x5c
 .debug_frame   0x0000000000000000       0x30 Src/05_spi_tx_testing.o
 .debug_frame   0x0000000000000030       0x2c c:/st/stm32cubeide_1.3.0/stm32cubeide/plugins/com.st.stm32cube.ide.mcu.externaltools.gnu-tools-for-stm32.7-2018-q2-update.win32_1.4.0.202007081208/tools/bin/../lib/gcc/arm-none-eabi/7.3.1/../../../../arm-none-eabi/lib/thumb/v7e-m/fpv5/hard\libc_nano.a(lib_a-init.o)
