Archive member included to satisfy reference by file (symbol)

c:/st/stm32cubeide_1.3.0/stm32cubeide/plugins/com.st.stm32cube.ide.mcu.externaltools.gnu-tools-for-stm32.7-2018-q2-update.win32_1.4.0.202007081208/tools/bin/../lib/gcc/arm-none-eabi/7.3.1/../../../../arm-none-eabi/lib/thumb/v7e-m/fpv5/hard\libc_nano.a(lib_a-exit.o)
                              c:/st/stm32cubeide_1.3.0/stm32cubeide/plugins/com.st.stm32cube.ide.mcu.externaltools.gnu-tools-for-stm32.7-2018-q2-update.win32_1.4.0.202007081208/tools/bin/../lib/gcc/arm-none-eabi/7.3.1/../../../../arm-none-eabi/lib/thumb/v7e-m/fpv5/hard/crt0.o (exit)
c:/st/stm32cubeide_1.3.0/stm32cubeide/plugins/com.st.stm32cube.ide.mcu.externaltools.gnu-tools-for-stm32.7-2018-q2-update.win32_1.4.0.202007081208/tools/bin/../lib/gcc/arm-none-eabi/7.3.1/../../../../arm-none-eabi/lib/thumb/v7e-m/fpv5/hard\libc_nano.a(lib_a-impure.o)
                              c:/st/stm32cubeide_1.3.0/stm32cubeide/plugins/com.st.stm32cube.ide.mcu.externaltools.gnu-tools-for-stm32.7-2018-q2-update.win32_1.4.0.202007081208/tools/bin/../lib/gcc/arm-none-eabi/7.3.1/../../../../arm-none-eabi/lib/thumb/v7e-m/fpv5/hard\libc_nano.a(lib_a-exit.o) (_global_impure_ptr)
c:/st/stm32cubeide_1.3.0/stm32cubeide/plugins/com.st.stm32cube.ide.mcu.externaltools.gnu-tools-for-stm32.7-2018-q2-update.win32_1.4.0.202007081208/tools/bin/../lib/gcc/arm-none-eabi/7.3.1/../../../../arm-none-eabi/lib/thumb/v7e-m/fpv5/hard\libc_nano.a(lib_a-init.o)
                              c:/st/stm32cubeide_1.3.0/stm32cubeide/plugins/com.st.stm32cube.ide.mcu.externaltools.gnu-tools-for-stm32.7-2018-q2-update.win32_1.4.0.202007081208/tools/bin/../lib/gcc/arm-none-eabi/7.3.1/../../../../arm-none-eabi/lib/thumb/v7e-m/fpv5/hard/crt0.o (__libc_init_array)
c:/st/stm32cubeide_1.3.0/stm32cubeide/plugins/com.st.stm32cube.ide.mcu.externaltools.gnu-tools-for-stm32.7-2018-q2-update.win32_1.4.0.202007081208/tools/bin/../lib/gcc/arm-none-eabi/7.3.1/../../../../arm-none-eabi/lib/thumb/v7e-m/fpv5/hard\libc_nano.a(lib_a-memcpy-stub.o)
                              Src/06_spi_txonly_arduino.o (memcpy)
c:/st/stm32cubeide_1.3.0/stm32cubeide/plugins/com.st.stm32cube.ide.mcu.externaltools.gnu-tools-for-stm32.7-2018-q2-update.win32_1.4.0.202007081208/tools/bin/../lib/gcc/arm-none-eabi/7.3.1/../../../../arm-none-eabi/lib/thumb/v7e-m/fpv5/hard\libc_nano.a(lib_a-memset.o)
                              c:/st/stm32cubeide_1.3.0/stm32cubeide/plugins/com.st.stm32cube.ide.mcu.externaltools.gnu-tools-for-stm32.7-2018-q2-update.win32_1.4.0.202007081208/tools/bin/../lib/gcc/arm-none-eabi/7.3.1/../../../../arm-none-eabi/lib/thumb/v7e-m/fpv5/hard/crt0.o (memset)
c:/st/stm32cubeide_1.3.0/stm32cubeide/plugins/com.st.stm32cube.ide.mcu.externaltools.gnu-tools-for-stm32.7-2018-q2-update.win32_1.4.0.202007081208/tools/bin/../lib/gcc/arm-none-eabi/7.3.1/../../../../arm-none-eabi/lib/thumb/v7e-m/fpv5/hard\libc_nano.a(lib_a-strlen.o)
                              Src/06_spi_txonly_arduino.o (strlen)
c:/st/stm32cubeide_1.3.0/stm32cubeide/plugins/com.st.stm32cube.ide.mcu.externaltools.gnu-tools-for-stm32.7-2018-q2-update.win32_1.4.0.202007081208/tools/bin/../lib/gcc/arm-none-eabi/7.3.1/../../../../arm-none-eabi/lib/thumb/v7e-m/fpv5/hard\libnosys.a(_exit.o)
                              c:/st/stm32cubeide_1.3.0/stm32cubeide/plugins/com.st.stm32cube.ide.mcu.externaltools.gnu-tools-for-stm32.7-2018-q2-update.win32_1.4.0.202007081208/tools/bin/../lib/gcc/arm-none-eabi/7.3.1/../../../../arm-none-eabi/lib/thumb/v7e-m/fpv5/hard\libc_nano.a(lib_a-exit.o) (_exit)

Discarded input sections

 .text          0x0000000000000000        0x0 c:/st/stm32cubeide_1.3.0/stm32cubeide/plugins/com.st.stm32cube.ide.mcu.externaltools.gnu-tools-for-stm32.7-2018-q2-update.win32_1.4.0.202007081208/tools/bin/../lib/gcc/arm-none-eabi/7.3.1/thumb/v7e-m/fpv5/hard/crti.o
 .data          0x0000000000000000        0x0 c:/st/stm32cubeide_1.3.0/stm32cubeide/plugins/com.st.stm32cube.ide.mcu.externaltools.gnu-tools-for-stm32.7-2018-q2-update.win32_1.4.0.202007081208/tools/bin/../lib/gcc/arm-none-eabi/7.3.1/thumb/v7e-m/fpv5/hard/crti.o
 .bss           0x0000000000000000        0x0 c:/st/stm32cubeide_1.3.0/stm32cubeide/plugins/com.st.stm32cube.ide.mcu.externaltools.gnu-tools-for-stm32.7-2018-q2-update.win32_1.4.0.202007081208/tools/bin/../lib/gcc/arm-none-eabi/7.3.1/thumb/v7e-m/fpv5/hard/crti.o
 .data          0x0000000000000000        0x4 c:/st/stm32cubeide_1.3.0/stm32cubeide/plugins/com.st.stm32cube.ide.mcu.externaltools.gnu-tools-for-stm32.7-2018-q2-update.win32_1.4.0.202007081208/tools/bin/../lib/gcc/arm-none-eabi/7.3.1/thumb/v7e-m/fpv5/hard/crtbegin.o
 .text          0x0000000000000000       0x74 c:/st/stm32cubeide_1.3.0/stm32cubeide/plugins/com.st.stm32cube.ide.mcu.externaltools.gnu-tools-for-stm32.7-2018-q2-update.win32_1.4.0.202007081208/tools/bin/../lib/gcc/arm-none-eabi/7.3.1/../../../../arm-none-eabi/lib/thumb/v7e-m/fpv5/hard/crt0.o
 .data          0x0000000000000000        0x0 c:/st/stm32cubeide_1.3.0/stm32cubeide/plugins/com.st.stm32cube.ide.mcu.externaltools.gnu-tools-for-stm32.7-2018-q2-update.win32_1.4.0.202007081208/tools/bin/../lib/gcc/arm-none-eabi/7.3.1/../../../../arm-none-eabi/lib/thumb/v7e-m/fpv5/hard/crt0.o
 .bss           0x0000000000000000        0x0 c:/st/stm32cubeide_1.3.0/stm32cubeide/plugins/com.st.stm32cube.ide.mcu.externaltools.gnu-tools-for-stm32.7-2018-q2-update.win32_1.4.0.202007081208/tools/bin/../lib/gcc/arm-none-eabi/7.3.1/../../../../arm-none-eabi/lib/thumb/v7e-m/fpv5/hard/crt0.o
 .ARM.extab     0x0000000000000000        0x0 c:/st/stm32cubeide_1.3.0/stm32cubeide/plugins/com.st.stm32cube.ide.mcu.externaltools.gnu-tools-for-stm32.7-2018-q2-update.win32_1.4.0.202007081208/tools/bin/../lib/gcc/arm-none-eabi/7.3.1/../../../../arm-none-eabi/lib/thumb/v7e-m/fpv5/hard/crt0.o
 .ARM.exidx     0x0000000000000000        0x8 c:/st/stm32cubeide_1.3.0/stm32cubeide/plugins/com.st.stm32cube.ide.mcu.externaltools.gnu-tools-for-stm32.7-2018-q2-update.win32_1.4.0.202007081208/tools/bin/../lib/gcc/arm-none-eabi/7.3.1/../../../../arm-none-eabi/lib/thumb/v7e-m/fpv5/hard/crt0.o
 .ARM.attributes
                0x0000000000000000       0x1e c:/st/stm32cubeide_1.3.0/stm32cubeide/plugins/com.st.stm32cube.ide.mcu.externaltools.gnu-tools-for-stm32.7-2018-q2-update.win32_1.4.0.202007081208/tools/bin/../lib/gcc/arm-none-eabi/7.3.1/../../../../arm-none-eabi/lib/thumb/v7e-m/fpv5/hard/crt0.o
 .group         0x0000000000000000        0xc Drivers/Src/stm32f767xx_gpio_driver.o
 .group         0x0000000000000000        0xc Drivers/Src/stm32f767xx_gpio_driver.o
 .group         0x0000000000000000        0xc Drivers/Src/stm32f767xx_gpio_driver.o
 .group         0x0000000000000000        0xc Drivers/Src/stm32f767xx_gpio_driver.o
 .group         0x0000000000000000        0xc Drivers/Src/stm32f767xx_gpio_driver.o
 .group         0x0000000000000000        0xc Drivers/Src/stm32f767xx_gpio_driver.o
 .group         0x0000000000000000        0xc Drivers/Src/stm32f767xx_gpio_driver.o
 .group         0x0000000000000000        0xc Drivers/Src/stm32f767xx_gpio_driver.o
 .group         0x0000000000000000        0xc Drivers/Src/stm32f767xx_gpio_driver.o
 .group         0x0000000000000000        0xc Drivers/Src/stm32f767xx_gpio_driver.o
 .text          0x0000000000000000        0x0 Drivers/Src/stm32f767xx_gpio_driver.o
 .data          0x0000000000000000        0x0 Drivers/Src/stm32f767xx_gpio_driver.o
 .bss           0x0000000000000000        0x0 Drivers/Src/stm32f767xx_gpio_driver.o
 .text.GPIO_DeInit
                0x0000000000000000      0x1b0 Drivers/Src/stm32f767xx_gpio_driver.o
 .text.GPIO_ReadFromInputPort
                0x0000000000000000       0x1e Drivers/Src/stm32f767xx_gpio_driver.o
 .text.GPIO_WriteToOutputPin
                0x0000000000000000       0x4a Drivers/Src/stm32f767xx_gpio_driver.o
 .text.GPIO_WriteToOutputPort
                0x0000000000000000       0x1e Drivers/Src/stm32f767xx_gpio_driver.o
 .text.GPIO_TogglePin
                0x0000000000000000       0x2a Drivers/Src/stm32f767xx_gpio_driver.o
 .text.GPIO_IRQInterruptConfig
                0x0000000000000000      0x10c Drivers/Src/stm32f767xx_gpio_driver.o
 .text.GPIO_IRQPriorityConfig
                0x0000000000000000       0x5c Drivers/Src/stm32f767xx_gpio_driver.o
 .text.GPIO_IRQHandle
                0x0000000000000000       0x40 Drivers/Src/stm32f767xx_gpio_driver.o
 .group         0x0000000000000000        0xc Drivers/Src/stm32f767xx_spi_driver.o
 .group         0x0000000000000000        0xc Drivers/Src/stm32f767xx_spi_driver.o
 .group         0x0000000000000000        0xc Drivers/Src/stm32f767xx_spi_driver.o
 .group         0x0000000000000000        0xc Drivers/Src/stm32f767xx_spi_driver.o
 .group         0x0000000000000000        0xc Drivers/Src/stm32f767xx_spi_driver.o
 .group         0x0000000000000000        0xc Drivers/Src/stm32f767xx_spi_driver.o
 .group         0x0000000000000000        0xc Drivers/Src/stm32f767xx_spi_driver.o
 .group         0x0000000000000000        0xc Drivers/Src/stm32f767xx_spi_driver.o
 .group         0x0000000000000000        0xc Drivers/Src/stm32f767xx_spi_driver.o
 .group         0x0000000000000000        0xc Drivers/Src/stm32f767xx_spi_driver.o
 .text          0x0000000000000000        0x0 Drivers/Src/stm32f767xx_spi_driver.o
 .data          0x0000000000000000        0x0 Drivers/Src/stm32f767xx_spi_driver.o
 .bss           0x0000000000000000        0x0 Drivers/Src/stm32f767xx_spi_driver.o
 .text.SPI_DeInit
                0x0000000000000000       0x14 Drivers/Src/stm32f767xx_spi_driver.o
 .text.SPI_RecieveData
                0x0000000000000000       0x18 Drivers/Src/stm32f767xx_spi_driver.o
 .text.SPI_IRQInterruptConfig
                0x0000000000000000       0x1c Drivers/Src/stm32f767xx_spi_driver.o
 .text.SPI_IRQPriorityConfig
                0x0000000000000000       0x1c Drivers/Src/stm32f767xx_spi_driver.o
 .text.SPI_IRQHandle
                0x0000000000000000       0x14 Drivers/Src/stm32f767xx_spi_driver.o
 .text.SPI_SSIConfig
                0x0000000000000000       0x38 Drivers/Src/stm32f767xx_spi_driver.o
 .debug_macro   0x0000000000000000      0xa72 Drivers/Src/stm32f767xx_spi_driver.o
 .debug_macro   0x0000000000000000       0x22 Drivers/Src/stm32f767xx_spi_driver.o
 .debug_macro   0x0000000000000000       0x8e Drivers/Src/stm32f767xx_spi_driver.o
 .debug_macro   0x0000000000000000       0x51 Drivers/Src/stm32f767xx_spi_driver.o
 .debug_macro   0x0000000000000000       0xef Drivers/Src/stm32f767xx_spi_driver.o
 .debug_macro   0x0000000000000000       0x6a Drivers/Src/stm32f767xx_spi_driver.o
 .debug_macro   0x0000000000000000      0x1df Drivers/Src/stm32f767xx_spi_driver.o
 .debug_macro   0x0000000000000000      0x5a7 Drivers/Src/stm32f767xx_spi_driver.o
 .debug_macro   0x0000000000000000       0xc4 Drivers/Src/stm32f767xx_spi_driver.o
 .debug_macro   0x0000000000000000       0x94 Drivers/Src/stm32f767xx_spi_driver.o
 .group         0x0000000000000000        0xc Src/06_spi_txonly_arduino.o
 .group         0x0000000000000000        0xc Src/06_spi_txonly_arduino.o
 .group         0x0000000000000000        0xc Src/06_spi_txonly_arduino.o
 .group         0x0000000000000000        0xc Src/06_spi_txonly_arduino.o
 .group         0x0000000000000000        0xc Src/06_spi_txonly_arduino.o
 .group         0x0000000000000000        0xc Src/06_spi_txonly_arduino.o
 .group         0x0000000000000000        0xc Src/06_spi_txonly_arduino.o
 .group         0x0000000000000000        0xc Src/06_spi_txonly_arduino.o
 .group         0x0000000000000000        0xc Src/06_spi_txonly_arduino.o
 .group         0x0000000000000000        0xc Src/06_spi_txonly_arduino.o
 .group         0x0000000000000000        0xc Src/06_spi_txonly_arduino.o
 .group         0x0000000000000000        0xc Src/06_spi_txonly_arduino.o
 .group         0x0000000000000000        0xc Src/06_spi_txonly_arduino.o
 .group         0x0000000000000000        0xc Src/06_spi_txonly_arduino.o
 .group         0x0000000000000000        0xc Src/06_spi_txonly_arduino.o
 .group         0x0000000000000000        0xc Src/06_spi_txonly_arduino.o
 .group         0x0000000000000000        0xc Src/06_spi_txonly_arduino.o
 .group         0x0000000000000000        0xc Src/06_spi_txonly_arduino.o
 .group         0x0000000000000000        0xc Src/06_spi_txonly_arduino.o
 .group         0x0000000000000000        0xc Src/06_spi_txonly_arduino.o
 .group         0x0000000000000000        0xc Src/06_spi_txonly_arduino.o
 .group         0x0000000000000000        0xc Src/06_spi_txonly_arduino.o
 .group         0x0000000000000000        0xc Src/06_spi_txonly_arduino.o
 .group         0x0000000000000000        0xc Src/06_spi_txonly_arduino.o
 .text          0x0000000000000000        0x0 Src/06_spi_txonly_arduino.o
 .data          0x0000000000000000        0x0 Src/06_spi_txonly_arduino.o
 .bss           0x0000000000000000        0x0 Src/06_spi_txonly_arduino.o
 .debug_macro   0x0000000000000000      0xa72 Src/06_spi_txonly_arduino.o
 .debug_macro   0x0000000000000000       0x22 Src/06_spi_txonly_arduino.o
 .debug_macro   0x0000000000000000       0xef Src/06_spi_txonly_arduino.o
 .debug_macro   0x0000000000000000       0x6a Src/06_spi_txonly_arduino.o
 .debug_macro   0x0000000000000000      0x1df Src/06_spi_txonly_arduino.o
 .debug_macro   0x0000000000000000      0x5a7 Src/06_spi_txonly_arduino.o
 .debug_macro   0x0000000000000000       0xc4 Src/06_spi_txonly_arduino.o
 .debug_macro   0x0000000000000000       0x94 Src/06_spi_txonly_arduino.o
 .text          0x0000000000000000       0x14 Startup/startup_stm32f767zitx.o
 .data          0x0000000000000000        0x0 Startup/startup_stm32f767zitx.o
 .bss           0x0000000000000000        0x0 Startup/startup_stm32f767zitx.o
 .text          0x0000000000000000        0x0 c:/st/stm32cubeide_1.3.0/stm32cubeide/plugins/com.st.stm32cube.ide.mcu.externaltools.gnu-tools-for-stm32.7-2018-q2-update.win32_1.4.0.202007081208/tools/bin/../lib/gcc/arm-none-eabi/7.3.1/../../../../arm-none-eabi/lib/thumb/v7e-m/fpv5/hard\libc_nano.a(lib_a-exit.o)
 .data          0x0000000000000000        0x0 c:/st/stm32cubeide_1.3.0/stm32cubeide/plugins/com.st.stm32cube.ide.mcu.externaltools.gnu-tools-for-stm32.7-2018-q2-update.win32_1.4.0.202007081208/tools/bin/../lib/gcc/arm-none-eabi/7.3.1/../../../../arm-none-eabi/lib/thumb/v7e-m/fpv5/hard\libc_nano.a(lib_a-exit.o)
 .bss           0x0000000000000000        0x0 c:/st/stm32cubeide_1.3.0/stm32cubeide/plugins/com.st.stm32cube.ide.mcu.externaltools.gnu-tools-for-stm32.7-2018-q2-update.win32_1.4.0.202007081208/tools/bin/../lib/gcc/arm-none-eabi/7.3.1/../../../../arm-none-eabi/lib/thumb/v7e-m/fpv5/hard\libc_nano.a(lib_a-exit.o)
 .text.exit     0x0000000000000000       0x28 c:/st/stm32cubeide_1.3.0/stm32cubeide/plugins/com.st.stm32cube.ide.mcu.externaltools.gnu-tools-for-stm32.7-2018-q2-update.win32_1.4.0.202007081208/tools/bin/../lib/gcc/arm-none-eabi/7.3.1/../../../../arm-none-eabi/lib/thumb/v7e-m/fpv5/hard\libc_nano.a(lib_a-exit.o)
 .debug_frame   0x0000000000000000       0x28 c:/st/stm32cubeide_1.3.0/stm32cubeide/plugins/com.st.stm32cube.ide.mcu.externaltools.gnu-tools-for-stm32.7-2018-q2-update.win32_1.4.0.202007081208/tools/bin/../lib/gcc/arm-none-eabi/7.3.1/../../../../arm-none-eabi/lib/thumb/v7e-m/fpv5/hard\libc_nano.a(lib_a-exit.o)
 .ARM.attributes
                0x0000000000000000       0x32 c:/st/stm32cubeide_1.3.0/stm32cubeide/plugins/com.st.stm32cube.ide.mcu.externaltools.gnu-tools-for-stm32.7-2018-q2-update.win32_1.4.0.202007081208/tools/bin/../lib/gcc/arm-none-eabi/7.3.1/../../../../arm-none-eabi/lib/thumb/v7e-m/fpv5/hard\libc_nano.a(lib_a-exit.o)
 .text          0x0000000000000000        0x0 c:/st/stm32cubeide_1.3.0/stm32cubeide/plugins/com.st.stm32cube.ide.mcu.externaltools.gnu-tools-for-stm32.7-2018-q2-update.win32_1.4.0.202007081208/tools/bin/../lib/gcc/arm-none-eabi/7.3.1/../../../../arm-none-eabi/lib/thumb/v7e-m/fpv5/hard\libc_nano.a(lib_a-impure.o)
 .data          0x0000000000000000        0x0 c:/st/stm32cubeide_1.3.0/stm32cubeide/plugins/com.st.stm32cube.ide.mcu.externaltools.gnu-tools-for-stm32.7-2018-q2-update.win32_1.4.0.202007081208/tools/bin/../lib/gcc/arm-none-eabi/7.3.1/../../../../arm-none-eabi/lib/thumb/v7e-m/fpv5/hard\libc_nano.a(lib_a-impure.o)
 .bss           0x0000000000000000        0x0 c:/st/stm32cubeide_1.3.0/stm32cubeide/plugins/com.st.stm32cube.ide.mcu.externaltools.gnu-tools-for-stm32.7-2018-q2-update.win32_1.4.0.202007081208/tools/bin/../lib/gcc/arm-none-eabi/7.3.1/../../../../arm-none-eabi/lib/thumb/v7e-m/fpv5/hard\libc_nano.a(lib_a-impure.o)
 .data._impure_ptr
                0x0000000000000000        0x4 c:/st/stm32cubeide_1.3.0/stm32cubeide/plugins/com.st.stm32cube.ide.mcu.externaltools.gnu-tools-for-stm32.7-2018-q2-update.win32_1.4.0.202007081208/tools/bin/../lib/gcc/arm-none-eabi/7.3.1/../../../../arm-none-eabi/lib/thumb/v7e-m/fpv5/hard\libc_nano.a(lib_a-impure.o)
 .data.impure_data
                0x0000000000000000       0x60 c:/st/stm32cubeide_1.3.0/stm32cubeide/plugins/com.st.stm32cube.ide.mcu.externaltools.gnu-tools-for-stm32.7-2018-q2-update.win32_1.4.0.202007081208/tools/bin/../lib/gcc/arm-none-eabi/7.3.1/../../../../arm-none-eabi/lib/thumb/v7e-m/fpv5/hard\libc_nano.a(lib_a-impure.o)
 .rodata._global_impure_ptr
                0x0000000000000000        0x4 c:/st/stm32cubeide_1.3.0/stm32cubeide/plugins/com.st.stm32cube.ide.mcu.externaltools.gnu-tools-for-stm32.7-2018-q2-update.win32_1.4.0.202007081208/tools/bin/../lib/gcc/arm-none-eabi/7.3.1/../../../../arm-none-eabi/lib/thumb/v7e-m/fpv5/hard\libc_nano.a(lib_a-impure.o)
 .ARM.attributes
                0x0000000000000000       0x32 c:/st/stm32cubeide_1.3.0/stm32cubeide/plugins/com.st.stm32cube.ide.mcu.externaltools.gnu-tools-for-stm32.7-2018-q2-update.win32_1.4.0.202007081208/tools/bin/../lib/gcc/arm-none-eabi/7.3.1/../../../../arm-none-eabi/lib/thumb/v7e-m/fpv5/hard\libc_nano.a(lib_a-impure.o)
 .text          0x0000000000000000        0x0 c:/st/stm32cubeide_1.3.0/stm32cubeide/plugins/com.st.stm32cube.ide.mcu.externaltools.gnu-tools-for-stm32.7-2018-q2-update.win32_1.4.0.202007081208/tools/bin/../lib/gcc/arm-none-eabi/7.3.1/../../../../arm-none-eabi/lib/thumb/v7e-m/fpv5/hard\libc_nano.a(lib_a-init.o)
 .data          0x0000000000000000        0x0 c:/st/stm32cubeide_1.3.0/stm32cubeide/plugins/com.st.stm32cube.ide.mcu.externaltools.gnu-tools-for-stm32.7-2018-q2-update.win32_1.4.0.202007081208/tools/bin/../lib/gcc/arm-none-eabi/7.3.1/../../../../arm-none-eabi/lib/thumb/v7e-m/fpv5/hard\libc_nano.a(lib_a-init.o)
 .bss           0x0000000000000000        0x0 c:/st/stm32cubeide_1.3.0/stm32cubeide/plugins/com.st.stm32cube.ide.mcu.externaltools.gnu-tools-for-stm32.7-2018-q2-update.win32_1.4.0.202007081208/tools/bin/../lib/gcc/arm-none-eabi/7.3.1/../../../../arm-none-eabi/lib/thumb/v7e-m/fpv5/hard\libc_nano.a(lib_a-init.o)
 .text          0x0000000000000000        0x0 c:/st/stm32cubeide_1.3.0/stm32cubeide/plugins/com.st.stm32cube.ide.mcu.externaltools.gnu-tools-for-stm32.7-2018-q2-update.win32_1.4.0.202007081208/tools/bin/../lib/gcc/arm-none-eabi/7.3.1/../../../../arm-none-eabi/lib/thumb/v7e-m/fpv5/hard\libc_nano.a(lib_a-memcpy-stub.o)
 .data          0x0000000000000000        0x0 c:/st/stm32cubeide_1.3.0/stm32cubeide/plugins/com.st.stm32cube.ide.mcu.externaltools.gnu-tools-for-stm32.7-2018-q2-update.win32_1.4.0.202007081208/tools/bin/../lib/gcc/arm-none-eabi/7.3.1/../../../../arm-none-eabi/lib/thumb/v7e-m/fpv5/hard\libc_nano.a(lib_a-memcpy-stub.o)
 .bss           0x0000000000000000        0x0 c:/st/stm32cubeide_1.3.0/stm32cubeide/plugins/com.st.stm32cube.ide.mcu.externaltools.gnu-tools-for-stm32.7-2018-q2-update.win32_1.4.0.202007081208/tools/bin/../lib/gcc/arm-none-eabi/7.3.1/../../../../arm-none-eabi/lib/thumb/v7e-m/fpv5/hard\libc_nano.a(lib_a-memcpy-stub.o)
 .text          0x0000000000000000        0x0 c:/st/stm32cubeide_1.3.0/stm32cubeide/plugins/com.st.stm32cube.ide.mcu.externaltools.gnu-tools-for-stm32.7-2018-q2-update.win32_1.4.0.202007081208/tools/bin/../lib/gcc/arm-none-eabi/7.3.1/../../../../arm-none-eabi/lib/thumb/v7e-m/fpv5/hard\libc_nano.a(lib_a-memset.o)
 .data          0x0000000000000000        0x0 c:/st/stm32cubeide_1.3.0/stm32cubeide/plugins/com.st.stm32cube.ide.mcu.externaltools.gnu-tools-for-stm32.7-2018-q2-update.win32_1.4.0.202007081208/tools/bin/../lib/gcc/arm-none-eabi/7.3.1/../../../../arm-none-eabi/lib/thumb/v7e-m/fpv5/hard\libc_nano.a(lib_a-memset.o)
 .bss           0x0000000000000000        0x0 c:/st/stm32cubeide_1.3.0/stm32cubeide/plugins/com.st.stm32cube.ide.mcu.externaltools.gnu-tools-for-stm32.7-2018-q2-update.win32_1.4.0.202007081208/tools/bin/../lib/gcc/arm-none-eabi/7.3.1/../../../../arm-none-eabi/lib/thumb/v7e-m/fpv5/hard\libc_nano.a(lib_a-memset.o)
 .text.memset   0x0000000000000000       0x10 c:/st/stm32cubeide_1.3.0/stm32cubeide/plugins/com.st.stm32cube.ide.mcu.externaltools.gnu-tools-for-stm32.7-2018-q2-update.win32_1.4.0.202007081208/tools/bin/../lib/gcc/arm-none-eabi/7.3.1/../../../../arm-none-eabi/lib/thumb/v7e-m/fpv5/hard\libc_nano.a(lib_a-memset.o)
 .debug_frame   0x0000000000000000       0x20 c:/st/stm32cubeide_1.3.0/stm32cubeide/plugins/com.st.stm32cube.ide.mcu.externaltools.gnu-tools-for-stm32.7-2018-q2-update.win32_1.4.0.202007081208/tools/bin/../lib/gcc/arm-none-eabi/7.3.1/../../../../arm-none-eabi/lib/thumb/v7e-m/fpv5/hard\libc_nano.a(lib_a-memset.o)
 .ARM.attributes
                0x0000000000000000       0x32 c:/st/stm32cubeide_1.3.0/stm32cubeide/plugins/com.st.stm32cube.ide.mcu.externaltools.gnu-tools-for-stm32.7-2018-q2-update.win32_1.4.0.202007081208/tools/bin/../lib/gcc/arm-none-eabi/7.3.1/../../../../arm-none-eabi/lib/thumb/v7e-m/fpv5/hard\libc_nano.a(lib_a-memset.o)
 .data          0x0000000000000000        0x0 c:/st/stm32cubeide_1.3.0/stm32cubeide/plugins/com.st.stm32cube.ide.mcu.externaltools.gnu-tools-for-stm32.7-2018-q2-update.win32_1.4.0.202007081208/tools/bin/../lib/gcc/arm-none-eabi/7.3.1/../../../../arm-none-eabi/lib/thumb/v7e-m/fpv5/hard\libc_nano.a(lib_a-strlen.o)
 .bss           0x0000000000000000        0x0 c:/st/stm32cubeide_1.3.0/stm32cubeide/plugins/com.st.stm32cube.ide.mcu.externaltools.gnu-tools-for-stm32.7-2018-q2-update.win32_1.4.0.202007081208/tools/bin/../lib/gcc/arm-none-eabi/7.3.1/../../../../arm-none-eabi/lib/thumb/v7e-m/fpv5/hard\libc_nano.a(lib_a-strlen.o)
 .text          0x0000000000000000        0x0 c:/st/stm32cubeide_1.3.0/stm32cubeide/plugins/com.st.stm32cube.ide.mcu.externaltools.gnu-tools-for-stm32.7-2018-q2-update.win32_1.4.0.202007081208/tools/bin/../lib/gcc/arm-none-eabi/7.3.1/../../../../arm-none-eabi/lib/thumb/v7e-m/fpv5/hard\libnosys.a(_exit.o)
 .data          0x0000000000000000        0x0 c:/st/stm32cubeide_1.3.0/stm32cubeide/plugins/com.st.stm32cube.ide.mcu.externaltools.gnu-tools-for-stm32.7-2018-q2-update.win32_1.4.0.202007081208/tools/bin/../lib/gcc/arm-none-eabi/7.3.1/../../../../arm-none-eabi/lib/thumb/v7e-m/fpv5/hard\libnosys.a(_exit.o)
 .bss           0x0000000000000000        0x0 c:/st/stm32cubeide_1.3.0/stm32cubeide/plugins/com.st.stm32cube.ide.mcu.externaltools.gnu-tools-for-stm32.7-2018-q2-update.win32_1.4.0.202007081208/tools/bin/../lib/gcc/arm-none-eabi/7.3.1/../../../../arm-none-eabi/lib/thumb/v7e-m/fpv5/hard\libnosys.a(_exit.o)
 .text._exit    0x0000000000000000        0x2 c:/st/stm32cubeide_1.3.0/stm32cubeide/plugins/com.st.stm32cube.ide.mcu.externaltools.gnu-tools-for-stm32.7-2018-q2-update.win32_1.4.0.202007081208/tools/bin/../lib/gcc/arm-none-eabi/7.3.1/../../../../arm-none-eabi/lib/thumb/v7e-m/fpv5/hard\libnosys.a(_exit.o)
 .debug_frame   0x0000000000000000       0x20 c:/st/stm32cubeide_1.3.0/stm32cubeide/plugins/com.st.stm32cube.ide.mcu.externaltools.gnu-tools-for-stm32.7-2018-q2-update.win32_1.4.0.202007081208/tools/bin/../lib/gcc/arm-none-eabi/7.3.1/../../../../arm-none-eabi/lib/thumb/v7e-m/fpv5/hard\libnosys.a(_exit.o)
 .ARM.attributes
                0x0000000000000000       0x32 c:/st/stm32cubeide_1.3.0/stm32cubeide/plugins/com.st.stm32cube.ide.mcu.externaltools.gnu-tools-for-stm32.7-2018-q2-update.win32_1.4.0.202007081208/tools/bin/../lib/gcc/arm-none-eabi/7.3.1/../../../../arm-none-eabi/lib/thumb/v7e-m/fpv5/hard\libnosys.a(_exit.o)
 .text          0x0000000000000000        0x0 c:/st/stm32cubeide_1.3.0/stm32cubeide/plugins/com.st.stm32cube.ide.mcu.externaltools.gnu-tools-for-stm32.7-2018-q2-update.win32_1.4.0.202007081208/tools/bin/../lib/gcc/arm-none-eabi/7.3.1/thumb/v7e-m/fpv5/hard/crtend.o
 .data          0x0000000000000000        0x0 c:/st/stm32cubeide_1.3.0/stm32cubeide/plugins/com.st.stm32cube.ide.mcu.externaltools.gnu-tools-for-stm32.7-2018-q2-update.win32_1.4.0.202007081208/tools/bin/../lib/gcc/arm-none-eabi/7.3.1/thumb/v7e-m/fpv5/hard/crtend.o
 .bss           0x0000000000000000        0x0 c:/st/stm32cubeide_1.3.0/stm32cubeide/plugins/com.st.stm32cube.ide.mcu.externaltools.gnu-tools-for-stm32.7-2018-q2-update.win32_1.4.0.202007081208/tools/bin/../lib/gcc/arm-none-eabi/7.3.1/thumb/v7e-m/fpv5/hard/crtend.o
 .eh_frame      0x0000000000000000        0x4 c:/st/stm32cubeide_1.3.0/stm32cubeide/plugins/com.st.stm32cube.ide.mcu.externaltools.gnu-tools-for-stm32.7-2018-q2-update.win32_1.4.0.202007081208/tools/bin/../lib/gcc/arm-none-eabi/7.3.1/thumb/v7e-m/fpv5/hard/crtend.o
 .ARM.attributes
                0x0000000000000000       0x32 c:/st/stm32cubeide_1.3.0/stm32cubeide/plugins/com.st.stm32cube.ide.mcu.externaltools.gnu-tools-for-stm32.7-2018-q2-update.win32_1.4.0.202007081208/tools/bin/../lib/gcc/arm-none-eabi/7.3.1/thumb/v7e-m/fpv5/hard/crtend.o
 .text          0x0000000000000000        0x0 c:/st/stm32cubeide_1.3.0/stm32cubeide/plugins/com.st.stm32cube.ide.mcu.externaltools.gnu-tools-for-stm32.7-2018-q2-update.win32_1.4.0.202007081208/tools/bin/../lib/gcc/arm-none-eabi/7.3.1/thumb/v7e-m/fpv5/hard/crtn.o
 .data          0x0000000000000000        0x0 c:/st/stm32cubeide_1.3.0/stm32cubeide/plugins/com.st.stm32cube.ide.mcu.externaltools.gnu-tools-for-stm32.7-2018-q2-update.win32_1.4.0.202007081208/tools/bin/../lib/gcc/arm-none-eabi/7.3.1/thumb/v7e-m/fpv5/hard/crtn.o
 .bss           0x0000000000000000        0x0 c:/st/stm32cubeide_1.3.0/stm32cubeide/plugins/com.st.stm32cube.ide.mcu.externaltools.gnu-tools-for-stm32.7-2018-q2-update.win32_1.4.0.202007081208/tools/bin/../lib/gcc/arm-none-eabi/7.3.1/thumb/v7e-m/fpv5/hard/crtn.o

Memory Configuration

Name             Origin             Length             Attributes
RAM              0x0000000020000000 0x0000000000080000 xrw
ROM              0x0000000008000000 0x0000000000200000 xr
*default*        0x0000000000000000 0xffffffffffffffff

Linker script and memory map

LOAD c:/st/stm32cubeide_1.3.0/stm32cubeide/plugins/com.st.stm32cube.ide.mcu.externaltools.gnu-tools-for-stm32.7-2018-q2-update.win32_1.4.0.202007081208/tools/bin/../lib/gcc/arm-none-eabi/7.3.1/thumb/v7e-m/fpv5/hard/crti.o
LOAD c:/st/stm32cubeide_1.3.0/stm32cubeide/plugins/com.st.stm32cube.ide.mcu.externaltools.gnu-tools-for-stm32.7-2018-q2-update.win32_1.4.0.202007081208/tools/bin/../lib/gcc/arm-none-eabi/7.3.1/thumb/v7e-m/fpv5/hard/crtbegin.o
LOAD c:/st/stm32cubeide_1.3.0/stm32cubeide/plugins/com.st.stm32cube.ide.mcu.externaltools.gnu-tools-for-stm32.7-2018-q2-update.win32_1.4.0.202007081208/tools/bin/../lib/gcc/arm-none-eabi/7.3.1/../../../../arm-none-eabi/lib/thumb/v7e-m/fpv5/hard/crt0.o
LOAD Drivers/Src/stm32f767xx_gpio_driver.o
LOAD Drivers/Src/stm32f767xx_spi_driver.o
LOAD Src/06_spi_txonly_arduino.o
LOAD Startup/startup_stm32f767zitx.o
START GROUP
LOAD c:/st/stm32cubeide_1.3.0/stm32cubeide/plugins/com.st.stm32cube.ide.mcu.externaltools.gnu-tools-for-stm32.7-2018-q2-update.win32_1.4.0.202007081208/tools/bin/../lib/gcc/arm-none-eabi/7.3.1/../../../../arm-none-eabi/lib/thumb/v7e-m/fpv5/hard\libc_nano.a
LOAD c:/st/stm32cubeide_1.3.0/stm32cubeide/plugins/com.st.stm32cube.ide.mcu.externaltools.gnu-tools-for-stm32.7-2018-q2-update.win32_1.4.0.202007081208/tools/bin/../lib/gcc/arm-none-eabi/7.3.1/../../../../arm-none-eabi/lib/thumb/v7e-m/fpv5/hard\libm.a
END GROUP
START GROUP
LOAD c:/st/stm32cubeide_1.3.0/stm32cubeide/plugins/com.st.stm32cube.ide.mcu.externaltools.gnu-tools-for-stm32.7-2018-q2-update.win32_1.4.0.202007081208/tools/bin/../lib/gcc/arm-none-eabi/7.3.1/thumb/v7e-m/fpv5/hard\libgcc.a
LOAD c:/st/stm32cubeide_1.3.0/stm32cubeide/plugins/com.st.stm32cube.ide.mcu.externaltools.gnu-tools-for-stm32.7-2018-q2-update.win32_1.4.0.202007081208/tools/bin/../lib/gcc/arm-none-eabi/7.3.1/../../../../arm-none-eabi/lib/thumb/v7e-m/fpv5/hard\libc_nano.a
END GROUP
START GROUP
LOAD c:/st/stm32cubeide_1.3.0/stm32cubeide/plugins/com.st.stm32cube.ide.mcu.externaltools.gnu-tools-for-stm32.7-2018-q2-update.win32_1.4.0.202007081208/tools/bin/../lib/gcc/arm-none-eabi/7.3.1/thumb/v7e-m/fpv5/hard\libgcc.a
LOAD c:/st/stm32cubeide_1.3.0/stm32cubeide/plugins/com.st.stm32cube.ide.mcu.externaltools.gnu-tools-for-stm32.7-2018-q2-update.win32_1.4.0.202007081208/tools/bin/../lib/gcc/arm-none-eabi/7.3.1/../../../../arm-none-eabi/lib/thumb/v7e-m/fpv5/hard\libc_nano.a
LOAD c:/st/stm32cubeide_1.3.0/stm32cubeide/plugins/com.st.stm32cube.ide.mcu.externaltools.gnu-tools-for-stm32.7-2018-q2-update.win32_1.4.0.202007081208/tools/bin/../lib/gcc/arm-none-eabi/7.3.1/../../../../arm-none-eabi/lib/thumb/v7e-m/fpv5/hard\libnosys.a
END GROUP
START GROUP
LOAD c:/st/stm32cubeide_1.3.0/stm32cubeide/plugins/com.st.stm32cube.ide.mcu.externaltools.gnu-tools-for-stm32.7-2018-q2-update.win32_1.4.0.202007081208/tools/bin/../lib/gcc/arm-none-eabi/7.3.1/thumb/v7e-m/fpv5/hard\libgcc.a
LOAD c:/st/stm32cubeide_1.3.0/stm32cubeide/plugins/com.st.stm32cube.ide.mcu.externaltools.gnu-tools-for-stm32.7-2018-q2-update.win32_1.4.0.202007081208/tools/bin/../lib/gcc/arm-none-eabi/7.3.1/../../../../arm-none-eabi/lib/thumb/v7e-m/fpv5/hard\libc_nano.a
LOAD c:/st/stm32cubeide_1.3.0/stm32cubeide/plugins/com.st.stm32cube.ide.mcu.externaltools.gnu-tools-for-stm32.7-2018-q2-update.win32_1.4.0.202007081208/tools/bin/../lib/gcc/arm-none-eabi/7.3.1/../../../../arm-none-eabi/lib/thumb/v7e-m/fpv5/hard\libnosys.a
END GROUP
LOAD c:/st/stm32cubeide_1.3.0/stm32cubeide/plugins/com.st.stm32cube.ide.mcu.externaltools.gnu-tools-for-stm32.7-2018-q2-update.win32_1.4.0.202007081208/tools/bin/../lib/gcc/arm-none-eabi/7.3.1/thumb/v7e-m/fpv5/hard/crtend.o
LOAD c:/st/stm32cubeide_1.3.0/stm32cubeide/plugins/com.st.stm32cube.ide.mcu.externaltools.gnu-tools-for-stm32.7-2018-q2-update.win32_1.4.0.202007081208/tools/bin/../lib/gcc/arm-none-eabi/7.3.1/thumb/v7e-m/fpv5/hard/crtn.o
                0x0000000020080000                _estack = (ORIGIN (RAM) + LENGTH (RAM))
                0x0000000000000200                _Min_Heap_Size = 0x200
                0x0000000000000400                _Min_Stack_Size = 0x400

.isr_vector     0x0000000008000000      0x1f8
                0x0000000008000000                . = ALIGN (0x4)
 *(.isr_vector)
 .isr_vector    0x0000000008000000      0x1f8 Startup/startup_stm32f767zitx.o
                0x0000000008000000                g_pfnVectors
                0x00000000080001f8                . = ALIGN (0x4)

.text           0x00000000080001f8      0xb5c
                0x00000000080001f8                . = ALIGN (0x4)
 *(.text)
 .text          0x00000000080001f8       0x40 c:/st/stm32cubeide_1.3.0/stm32cubeide/plugins/com.st.stm32cube.ide.mcu.externaltools.gnu-tools-for-stm32.7-2018-q2-update.win32_1.4.0.202007081208/tools/bin/../lib/gcc/arm-none-eabi/7.3.1/thumb/v7e-m/fpv5/hard/crtbegin.o
 .text          0x0000000008000238       0x10 c:/st/stm32cubeide_1.3.0/stm32cubeide/plugins/com.st.stm32cube.ide.mcu.externaltools.gnu-tools-for-stm32.7-2018-q2-update.win32_1.4.0.202007081208/tools/bin/../lib/gcc/arm-none-eabi/7.3.1/../../../../arm-none-eabi/lib/thumb/v7e-m/fpv5/hard\libc_nano.a(lib_a-strlen.o)
                0x0000000008000238                strlen
 *(.text*)
 .text.GPIO_PeriClockControl
                0x0000000008000248      0x228 Drivers/Src/stm32f767xx_gpio_driver.o
                0x0000000008000248                GPIO_PeriClockControl
 .text.GPIO_Init
                0x0000000008000470      0x368 Drivers/Src/stm32f767xx_gpio_driver.o
                0x0000000008000470                GPIO_Init
 .text.GPIO_ReadFromInputPin
                0x00000000080007d8       0x2c Drivers/Src/stm32f767xx_gpio_driver.o
                0x00000000080007d8                GPIO_ReadFromInputPin
 .text.SPI_PeriClockControl
                0x0000000008000804      0x140 Drivers/Src/stm32f767xx_spi_driver.o
                0x0000000008000804                SPI_PeriClockControl
 .text.SPI_Init
                0x0000000008000944       0xb6 Drivers/Src/stm32f767xx_spi_driver.o
                0x0000000008000944                SPI_Init
 .text.SPI_GetFlagStatus
                0x00000000080009fa       0x28 Drivers/Src/stm32f767xx_spi_driver.o
                0x00000000080009fa                SPI_GetFlagStatus
 .text.SPI_SendData
                0x0000000008000a22       0x6c Drivers/Src/stm32f767xx_spi_driver.o
                0x0000000008000a22                SPI_SendData
 .text.SPI_PeripheralControl
                0x0000000008000a8e       0x38 Drivers/Src/stm32f767xx_spi_driver.o
                0x0000000008000a8e                SPI_PeripheralControl
 .text.SPI_SSOEConfig
                0x0000000008000ac6       0x38 Drivers/Src/stm32f767xx_spi_driver.o
                0x0000000008000ac6                SPI_SSOEConfig
 *fill*         0x0000000008000afe        0x2 
 .text.delay    0x0000000008000b00       0x2c Src/06_spi_txonly_arduino.o
                0x0000000008000b00                delay
 .text.SPI2_GPIOInits
                0x0000000008000b2c       0x50 Src/06_spi_txonly_arduino.o
                0x0000000008000b2c                SPI2_GPIOInits
 .text.SPI2_Inits
                0x0000000008000b7c       0x3c Src/06_spi_txonly_arduino.o
                0x0000000008000b7c                SPI2_Inits
 .text.GPIO_ButtonInit
                0x0000000008000bb8       0x38 Src/06_spi_txonly_arduino.o
                0x0000000008000bb8                GPIO_ButtonInit
 .text.main     0x0000000008000bf0       0x98 Src/06_spi_txonly_arduino.o
                0x0000000008000bf0                main
 .text.Reset_Handler
                0x0000000008000c88       0x50 Startup/startup_stm32f767zitx.o
                0x0000000008000c88                Reset_Handler
 .text.Default_Handler
                0x0000000008000cd8        0x2 Startup/startup_stm32f767zitx.o
                0x0000000008000cd8                HASH_RNG_IRQHandler
                0x0000000008000cd8                EXTI2_IRQHandler
                0x0000000008000cd8                TIM8_CC_IRQHandler
                0x0000000008000cd8                DebugMon_Handler
                0x0000000008000cd8                UART8_IRQHandler
                0x0000000008000cd8                LP_Timer1_IRQHandler
                0x0000000008000cd8                SPI4_IRQHandler
                0x0000000008000cd8                TIM1_CC_IRQHandler
                0x0000000008000cd8                QuadSPI_IRQHandler
                0x0000000008000cd8                DMA2_Stream5_IRQHandler
                0x0000000008000cd8                HardFault_Handler
                0x0000000008000cd8                JPEG_IRQHandler
                0x0000000008000cd8                DSIHOST_IRQHandler
                0x0000000008000cd8                DMA1_Stream5_IRQHandler
                0x0000000008000cd8                SysTick_Handler
                0x0000000008000cd8                CAN3_RX1_IRQHandler
                0x0000000008000cd8                PVD_IRQHandler
                0x0000000008000cd8                TAMP_STAMP_IRQHandler
                0x0000000008000cd8                PendSV_Handler
                0x0000000008000cd8                NMI_Handler
                0x0000000008000cd8                CAN2_RX1_IRQHandler
                0x0000000008000cd8                EXTI3_IRQHandler
                0x0000000008000cd8                TIM8_TRG_COM_TIM14_IRQHandler
                0x0000000008000cd8                DFSDM1_FLT1_IRQHandler
                0x0000000008000cd8                TIM1_UP_TIM10_IRQHandler
                0x0000000008000cd8                TIM8_UP_TIM13_IRQHandler
                0x0000000008000cd8                I2C3_ER_IRQHandler
                0x0000000008000cd8                DFSDM1_FLT2_IRQHandler
                0x0000000008000cd8                LCD_TFT_IRQHandler
                0x0000000008000cd8                EXTI0_IRQHandler
                0x0000000008000cd8                I2C2_EV_IRQHandler
                0x0000000008000cd8                DMA1_Stream2_IRQHandler
                0x0000000008000cd8                CAN1_RX0_IRQHandler
                0x0000000008000cd8                FPU_IRQHandler
                0x0000000008000cd8                OTG_HS_WKUP_IRQHandler
                0x0000000008000cd8                CAN3_SCE_IRQHandler
                0x0000000008000cd8                UsageFault_Handler
                0x0000000008000cd8                CAN2_SCE_IRQHandler
                0x0000000008000cd8                DMA2_Stream2_IRQHandler
                0x0000000008000cd8                SPI1_IRQHandler
                0x0000000008000cd8                TIM6_DAC_IRQHandler
                0x0000000008000cd8                TIM1_BRK_TIM9_IRQHandler
                0x0000000008000cd8                DCMI_IRQHandler
                0x0000000008000cd8                CAN2_RX0_IRQHandler
                0x0000000008000cd8                DMA2_Stream3_IRQHandler
                0x0000000008000cd8                RTC_ALARM_IRQHandler
                0x0000000008000cd8                SAI2_IRQHandler
                0x0000000008000cd8                DFSDM1_FLT3_IRQHandler
                0x0000000008000cd8                USART6_IRQHandler
                0x0000000008000cd8                CAN3_RX0_IRQHandler
                0x0000000008000cd8                USART3_IRQHandler
                0x0000000008000cd8                CRYP_IRQHandler
                0x0000000008000cd8                CAN1_RX1_IRQHandler
                0x0000000008000cd8                UART5_IRQHandler
                0x0000000008000cd8                DMA2_Stream0_IRQHandler
                0x0000000008000cd8                TIM4_IRQHandler
                0x0000000008000cd8                I2C1_EV_IRQHandler
                0x0000000008000cd8                DMA1_Stream6_IRQHandler
                0x0000000008000cd8                DMA1_Stream1_IRQHandler
                0x0000000008000cd8                UART4_IRQHandler
                0x0000000008000cd8                LCD_TFT_1_IRQHandler
                0x0000000008000cd8                TIM3_IRQHandler
                0x0000000008000cd8                RCC_IRQHandler
                0x0000000008000cd8                TIM8_BRK_TIM12_IRQHandler
                0x0000000008000cd8                Default_Handler
                0x0000000008000cd8                EXTI15_10_IRQHandler
                0x0000000008000cd8                ADC_IRQHandler
                0x0000000008000cd8                DMA1_Stream7_IRQHandler
                0x0000000008000cd8                SPI5_IRQHandler
                0x0000000008000cd8                TIM7_IRQHandler
                0x0000000008000cd8                SDMMC1_IRQHandler
                0x0000000008000cd8                CAN2_TX_IRQHandler
                0x0000000008000cd8                TIM5_IRQHandler
                0x0000000008000cd8                DMA2_Stream7_IRQHandler
                0x0000000008000cd8                I2C3_EV_IRQHandler
                0x0000000008000cd8                EXTI9_5_IRQHandler
                0x0000000008000cd8                RTC_WKUP_IRQHandler
                0x0000000008000cd8                ETH_WKUP_IRQHandler
                0x0000000008000cd8                SPI2_IRQHandler
                0x0000000008000cd8                OTG_HS_EP1_IN_IRQHandler
                0x0000000008000cd8                MemManage_Handler
                0x0000000008000cd8                DMA1_Stream0_IRQHandler
                0x0000000008000cd8                CAN1_TX_IRQHandler
                0x0000000008000cd8                SVC_Handler
                0x0000000008000cd8                EXTI4_IRQHandler
                0x0000000008000cd8                ETH_IRQHandler
                0x0000000008000cd8                OTG_HS_EP1_OUT_IRQHandler
                0x0000000008000cd8                WWDG_IRQHandler
                0x0000000008000cd8                SPI6_IRQHandler
                0x0000000008000cd8                MDIOS_IRQHandler
                0x0000000008000cd8                I2C4_EV_IRQHandler
                0x0000000008000cd8                CAN3_TX_IRQHandler
                0x0000000008000cd8                TIM2_IRQHandler
                0x0000000008000cd8                OTG_FS_WKUP_IRQHandler
                0x0000000008000cd8                TIM1_TRG_COM_TIM11_IRQHandler
                0x0000000008000cd8                OTG_HS_IRQHandler
                0x0000000008000cd8                DMA2D_IRQHandler
                0x0000000008000cd8                EXTI1_IRQHandler
                0x0000000008000cd8                SDMMC2_IRQHandler
                0x0000000008000cd8                UART7_IRQHandler
                0x0000000008000cd8                USART2_IRQHandler
                0x0000000008000cd8                DFSDM1_FLT0_IRQHandler
                0x0000000008000cd8                I2C2_ER_IRQHandler
                0x0000000008000cd8                SPDIFRX_IRQHandler
                0x0000000008000cd8                DMA2_Stream1_IRQHandler
                0x0000000008000cd8                CAN1_SCE_IRQHandler
                0x0000000008000cd8                FLASH_IRQHandler
                0x0000000008000cd8                DMA2_Stream4_IRQHandler
                0x0000000008000cd8                BusFault_Handler
                0x0000000008000cd8                USART1_IRQHandler
                0x0000000008000cd8                OTG_FS_IRQHandler
                0x0000000008000cd8                SPI3_IRQHandler
                0x0000000008000cd8                DMA1_Stream4_IRQHandler
                0x0000000008000cd8                I2C1_ER_IRQHandler
                0x0000000008000cd8                FMC_IRQHandler
                0x0000000008000cd8                I2C4_ER_IRQHandler
                0x0000000008000cd8                DMA2_Stream6_IRQHandler
                0x0000000008000cd8                SAI1_IRQHandler
                0x0000000008000cd8                DMA1_Stream3_IRQHandler
 *fill*         0x0000000008000cda        0x2 
 .text.__libc_init_array
                0x0000000008000cdc       0x48 c:/st/stm32cubeide_1.3.0/stm32cubeide/plugins/com.st.stm32cube.ide.mcu.externaltools.gnu-tools-for-stm32.7-2018-q2-update.win32_1.4.0.202007081208/tools/bin/../lib/gcc/arm-none-eabi/7.3.1/../../../../arm-none-eabi/lib/thumb/v7e-m/fpv5/hard\libc_nano.a(lib_a-init.o)
                0x0000000008000cdc                __libc_init_array
 .text.memcpy   0x0000000008000d24       0x16 c:/st/stm32cubeide_1.3.0/stm32cubeide/plugins/com.st.stm32cube.ide.mcu.externaltools.gnu-tools-for-stm32.7-2018-q2-update.win32_1.4.0.202007081208/tools/bin/../lib/gcc/arm-none-eabi/7.3.1/../../../../arm-none-eabi/lib/thumb/v7e-m/fpv5/hard\libc_nano.a(lib_a-memcpy-stub.o)
                0x0000000008000d24                memcpy
 *(.glue_7)
 .glue_7        0x0000000008000d3a        0x0 linker stubs
 *(.glue_7t)
 .glue_7t       0x0000000008000d3a        0x0 linker stubs
 *(.eh_frame)
 *fill*         0x0000000008000d3a        0x2 
 .eh_frame      0x0000000008000d3c        0x0 c:/st/stm32cubeide_1.3.0/stm32cubeide/plugins/com.st.stm32cube.ide.mcu.externaltools.gnu-tools-for-stm32.7-2018-q2-update.win32_1.4.0.202007081208/tools/bin/../lib/gcc/arm-none-eabi/7.3.1/thumb/v7e-m/fpv5/hard/crtbegin.o
 *(.init)
 .init          0x0000000008000d3c        0x4 c:/st/stm32cubeide_1.3.0/stm32cubeide/plugins/com.st.stm32cube.ide.mcu.externaltools.gnu-tools-for-stm32.7-2018-q2-update.win32_1.4.0.202007081208/tools/bin/../lib/gcc/arm-none-eabi/7.3.1/thumb/v7e-m/fpv5/hard/crti.o
                0x0000000008000d3c                _init
 .init          0x0000000008000d40        0x8 c:/st/stm32cubeide_1.3.0/stm32cubeide/plugins/com.st.stm32cube.ide.mcu.externaltools.gnu-tools-for-stm32.7-2018-q2-update.win32_1.4.0.202007081208/tools/bin/../lib/gcc/arm-none-eabi/7.3.1/thumb/v7e-m/fpv5/hard/crtn.o
 *(.fini)
 .fini          0x0000000008000d48        0x4 c:/st/stm32cubeide_1.3.0/stm32cubeide/plugins/com.st.stm32cube.ide.mcu.externaltools.gnu-tools-for-stm32.7-2018-q2-update.win32_1.4.0.202007081208/tools/bin/../lib/gcc/arm-none-eabi/7.3.1/thumb/v7e-m/fpv5/hard/crti.o
                0x0000000008000d48                _fini
 .fini          0x0000000008000d4c        0x8 c:/st/stm32cubeide_1.3.0/stm32cubeide/plugins/com.st.stm32cube.ide.mcu.externaltools.gnu-tools-for-stm32.7-2018-q2-update.win32_1.4.0.202007081208/tools/bin/../lib/gcc/arm-none-eabi/7.3.1/thumb/v7e-m/fpv5/hard/crtn.o
                0x0000000008000d54                . = ALIGN (0x4)
                0x0000000008000d54                _etext = .

.vfp11_veneer   0x0000000008000d54        0x0
 .vfp11_veneer  0x0000000008000d54        0x0 linker stubs

.v4_bx          0x0000000008000d54        0x0
 .v4_bx         0x0000000008000d54        0x0 linker stubs

.iplt           0x0000000008000d54        0x0
 .iplt          0x0000000008000d54        0x0 c:/st/stm32cubeide_1.3.0/stm32cubeide/plugins/com.st.stm32cube.ide.mcu.externaltools.gnu-tools-for-stm32.7-2018-q2-update.win32_1.4.0.202007081208/tools/bin/../lib/gcc/arm-none-eabi/7.3.1/thumb/v7e-m/fpv5/hard/crtbegin.o

.rodata         0x0000000008000d54       0x6c
                0x0000000008000d54                . = ALIGN (0x4)
 *(.rodata)
 .rodata        0x0000000008000d54       0x69 Src/06_spi_txonly_arduino.o
 *(.rodata*)
                0x0000000008000dc0                . = ALIGN (0x4)
 *fill*         0x0000000008000dbd        0x3 

.rel.dyn        0x0000000008000dc0        0x0
 .rel.iplt      0x0000000008000dc0        0x0 c:/st/stm32cubeide_1.3.0/stm32cubeide/plugins/com.st.stm32cube.ide.mcu.externaltools.gnu-tools-for-stm32.7-2018-q2-update.win32_1.4.0.202007081208/tools/bin/../lib/gcc/arm-none-eabi/7.3.1/thumb/v7e-m/fpv5/hard/crtbegin.o

.ARM.extab      0x0000000008000dc0        0x0
                0x0000000008000dc0                . = ALIGN (0x4)
 *(.ARM.extab* .gnu.linkonce.armextab.*)
                0x0000000008000dc0                . = ALIGN (0x4)

.ARM            0x0000000008000dc0        0x0
                0x0000000008000dc0                . = ALIGN (0x4)
                0x0000000008000dc0                __exidx_start = .
 *(.ARM.exidx*)
                0x0000000008000dc0                __exidx_end = .
                0x0000000008000dc0                . = ALIGN (0x4)

.preinit_array  0x0000000008000dc0        0x0
                0x0000000008000dc0                . = ALIGN (0x4)
                0x0000000008000dc0                PROVIDE (__preinit_array_start = .)
 *(.preinit_array*)
                0x0000000008000dc0                PROVIDE (__preinit_array_end = .)
                0x0000000008000dc0                . = ALIGN (0x4)

.init_array     0x0000000008000dc0        0x4
                0x0000000008000dc0                . = ALIGN (0x4)
                0x0000000008000dc0                PROVIDE (__init_array_start = .)
 *(SORT_BY_NAME(.init_array.*))
 *(.init_array*)
 .init_array    0x0000000008000dc0        0x4 c:/st/stm32cubeide_1.3.0/stm32cubeide/plugins/com.st.stm32cube.ide.mcu.externaltools.gnu-tools-for-stm32.7-2018-q2-update.win32_1.4.0.202007081208/tools/bin/../lib/gcc/arm-none-eabi/7.3.1/thumb/v7e-m/fpv5/hard/crtbegin.o
                0x0000000008000dc4                PROVIDE (__init_array_end = .)
                0x0000000008000dc4                . = ALIGN (0x4)

.fini_array     0x0000000008000dc4        0x4
                0x0000000008000dc4                . = ALIGN (0x4)
                [!provide]                        PROVIDE (__fini_array_start = .)
 *(SORT_BY_NAME(.fini_array.*))
 *(.fini_array*)
 .fini_array    0x0000000008000dc4        0x4 c:/st/stm32cubeide_1.3.0/stm32cubeide/plugins/com.st.stm32cube.ide.mcu.externaltools.gnu-tools-for-stm32.7-2018-q2-update.win32_1.4.0.202007081208/tools/bin/../lib/gcc/arm-none-eabi/7.3.1/thumb/v7e-m/fpv5/hard/crtbegin.o
                [!provide]                        PROVIDE (__fini_array_end = .)
                0x0000000008000dc8                . = ALIGN (0x4)
                0x0000000008000dc8                _sidata = LOADADDR (.data)

.data           0x0000000020000000        0x0 load address 0x0000000008000dc8
                0x0000000020000000                . = ALIGN (0x4)
                0x0000000020000000                _sdata = .
 *(.data)
 *(.data*)
                0x0000000020000000                . = ALIGN (0x4)
                0x0000000020000000                _edata = .

.igot.plt       0x0000000020000000        0x0 load address 0x0000000008000dc8
 .igot.plt      0x0000000020000000        0x0 c:/st/stm32cubeide_1.3.0/stm32cubeide/plugins/com.st.stm32cube.ide.mcu.externaltools.gnu-tools-for-stm32.7-2018-q2-update.win32_1.4.0.202007081208/tools/bin/../lib/gcc/arm-none-eabi/7.3.1/thumb/v7e-m/fpv5/hard/crtbegin.o
                0x0000000020000000                . = ALIGN (0x4)

.bss            0x0000000020000000       0x1c load address 0x0000000008000dc8
                0x0000000020000000                _sbss = .
                0x0000000020000000                __bss_start__ = _sbss
 *(.bss)
 .bss           0x0000000020000000       0x1c c:/st/stm32cubeide_1.3.0/stm32cubeide/plugins/com.st.stm32cube.ide.mcu.externaltools.gnu-tools-for-stm32.7-2018-q2-update.win32_1.4.0.202007081208/tools/bin/../lib/gcc/arm-none-eabi/7.3.1/thumb/v7e-m/fpv5/hard/crtbegin.o
 *(.bss*)
 *(COMMON)
                0x000000002000001c                . = ALIGN (0x4)
                0x000000002000001c                _ebss = .
                0x000000002000001c                __bss_end__ = _ebss

._user_heap_stack
                0x000000002000001c      0x604 load address 0x0000000008000dc8
                0x0000000020000020                . = ALIGN (0x8)
 *fill*         0x000000002000001c        0x4 
                [!provide]                        PROVIDE (end = .)
                [!provide]                        PROVIDE (_end = .)
                0x0000000020000220                . = (. + _Min_Heap_Size)
 *fill*         0x0000000020000020      0x200 
                0x0000000020000620                . = (. + _Min_Stack_Size)
 *fill*         0x0000000020000220      0x400 
                0x0000000020000620                . = ALIGN (0x8)

/DISCARD/
 libc.a(*)
 libm.a(*)
 libgcc.a(*)

.ARM.attributes
                0x0000000000000000       0x2e
 *(.ARM.attributes)
 .ARM.attributes
                0x0000000000000000       0x20 c:/st/stm32cubeide_1.3.0/stm32cubeide/plugins/com.st.stm32cube.ide.mcu.externaltools.gnu-tools-for-stm32.7-2018-q2-update.win32_1.4.0.202007081208/tools/bin/../lib/gcc/arm-none-eabi/7.3.1/thumb/v7e-m/fpv5/hard/crti.o
 .ARM.attributes
                0x0000000000000020       0x32 c:/st/stm32cubeide_1.3.0/stm32cubeide/plugins/com.st.stm32cube.ide.mcu.externaltools.gnu-tools-for-stm32.7-2018-q2-update.win32_1.4.0.202007081208/tools/bin/../lib/gcc/arm-none-eabi/7.3.1/thumb/v7e-m/fpv5/hard/crtbegin.o
 .ARM.attributes
                0x0000000000000052       0x37 Drivers/Src/stm32f767xx_gpio_driver.o
 .ARM.attributes
                0x0000000000000089       0x37 Drivers/Src/stm32f767xx_spi_driver.o
 .ARM.attributes
                0x00000000000000c0       0x37 Src/06_spi_txonly_arduino.o
 .ARM.attributes
                0x00000000000000f7       0x21 Startup/startup_stm32f767zitx.o
 .ARM.attributes
                0x0000000000000118       0x32 c:/st/stm32cubeide_1.3.0/stm32cubeide/plugins/com.st.stm32cube.ide.mcu.externaltools.gnu-tools-for-stm32.7-2018-q2-update.win32_1.4.0.202007081208/tools/bin/../lib/gcc/arm-none-eabi/7.3.1/../../../../arm-none-eabi/lib/thumb/v7e-m/fpv5/hard\libc_nano.a(lib_a-init.o)
 .ARM.attributes
                0x000000000000014a       0x32 c:/st/stm32cubeide_1.3.0/stm32cubeide/plugins/com.st.stm32cube.ide.mcu.externaltools.gnu-tools-for-stm32.7-2018-q2-update.win32_1.4.0.202007081208/tools/bin/../lib/gcc/arm-none-eabi/7.3.1/../../../../arm-none-eabi/lib/thumb/v7e-m/fpv5/hard\libc_nano.a(lib_a-memcpy-stub.o)
 .ARM.attributes
                0x000000000000017c       0x19 c:/st/stm32cubeide_1.3.0/stm32cubeide/plugins/com.st.stm32cube.ide.mcu.externaltools.gnu-tools-for-stm32.7-2018-q2-update.win32_1.4.0.202007081208/tools/bin/../lib/gcc/arm-none-eabi/7.3.1/../../../../arm-none-eabi/lib/thumb/v7e-m/fpv5/hard\libc_nano.a(lib_a-strlen.o)
 .ARM.attributes
                0x0000000000000195       0x20 c:/st/stm32cubeide_1.3.0/stm32cubeide/plugins/com.st.stm32cube.ide.mcu.externaltools.gnu-tools-for-stm32.7-2018-q2-update.win32_1.4.0.202007081208/tools/bin/../lib/gcc/arm-none-eabi/7.3.1/thumb/v7e-m/fpv5/hard/crtn.o
OUTPUT(stm32f7xx_drivers.elf elf32-littlearm)

.debug_info     0x0000000000000000     0x1923
 .debug_info    0x0000000000000000      0x719 Drivers/Src/stm32f767xx_gpio_driver.o
 .debug_info    0x0000000000000719      0x5f6 Drivers/Src/stm32f767xx_spi_driver.o
 .debug_info    0x0000000000000d0f      0xbf2 Src/06_spi_txonly_arduino.o
 .debug_info    0x0000000000001901       0x22 Startup/startup_stm32f767zitx.o

.debug_abbrev   0x0000000000000000      0x4a9
 .debug_abbrev  0x0000000000000000      0x175 Drivers/Src/stm32f767xx_gpio_driver.o
 .debug_abbrev  0x0000000000000175      0x145 Drivers/Src/stm32f767xx_spi_driver.o
 .debug_abbrev  0x00000000000002ba      0x1dd Src/06_spi_txonly_arduino.o
 .debug_abbrev  0x0000000000000497       0x12 Startup/startup_stm32f767zitx.o

.debug_aranges  0x0000000000000000      0x150
 .debug_aranges
                0x0000000000000000       0x70 Drivers/Src/stm32f767xx_gpio_driver.o
 .debug_aranges
                0x0000000000000070       0x78 Drivers/Src/stm32f767xx_spi_driver.o
 .debug_aranges
                0x00000000000000e8       0x40 Src/06_spi_txonly_arduino.o
 .debug_aranges
                0x0000000000000128       0x28 Startup/startup_stm32f767zitx.o

.debug_ranges   0x0000000000000000      0x118
 .debug_ranges  0x0000000000000000       0x60 Drivers/Src/stm32f767xx_gpio_driver.o
 .debug_ranges  0x0000000000000060       0x68 Drivers/Src/stm32f767xx_spi_driver.o
 .debug_ranges  0x00000000000000c8       0x30 Src/06_spi_txonly_arduino.o
 .debug_ranges  0x00000000000000f8       0x20 Startup/startup_stm32f767zitx.o

.debug_macro    0x0000000000000000     0x2158
 .debug_macro   0x0000000000000000       0x94 Drivers/Src/stm32f767xx_gpio_driver.o
 .debug_macro   0x0000000000000094      0xa72 Drivers/Src/stm32f767xx_gpio_driver.o
 .debug_macro   0x0000000000000b06       0x22 Drivers/Src/stm32f767xx_gpio_driver.o
 .debug_macro   0x0000000000000b28       0x8e Drivers/Src/stm32f767xx_gpio_driver.o
 .debug_macro   0x0000000000000bb6       0x51 Drivers/Src/stm32f767xx_gpio_driver.o
 .debug_macro   0x0000000000000c07       0xef Drivers/Src/stm32f767xx_gpio_driver.o
 .debug_macro   0x0000000000000cf6       0x6a Drivers/Src/stm32f767xx_gpio_driver.o
 .debug_macro   0x0000000000000d60      0x1df Drivers/Src/stm32f767xx_gpio_driver.o
 .debug_macro   0x0000000000000f3f      0x5a7 Drivers/Src/stm32f767xx_gpio_driver.o
 .debug_macro   0x00000000000014e6       0x94 Drivers/Src/stm32f767xx_gpio_driver.o
 .debug_macro   0x000000000000157a       0xc4 Drivers/Src/stm32f767xx_gpio_driver.o
 .debug_macro   0x000000000000163e       0x94 Drivers/Src/stm32f767xx_spi_driver.o
 .debug_macro   0x00000000000016d2      0x154 Src/06_spi_txonly_arduino.o
 .debug_macro   0x0000000000001826       0x40 Src/06_spi_txonly_arduino.o
 .debug_macro   0x0000000000001866       0x17 Src/06_spi_txonly_arduino.o
 .debug_macro   0x000000000000187d       0x94 Src/06_spi_txonly_arduino.o
 .debug_macro   0x0000000000001911       0x3c Src/06_spi_txonly_arduino.o
 .debug_macro   0x000000000000194d       0x34 Src/06_spi_txonly_arduino.o
 .debug_macro   0x0000000000001981      0x174 Src/06_spi_txonly_arduino.o
 .debug_macro   0x0000000000001af5       0x57 Src/06_spi_txonly_arduino.o
 .debug_macro   0x0000000000001b4c       0x52 Src/06_spi_txonly_arduino.o
 .debug_macro   0x0000000000001b9e       0x1f Src/06_spi_txonly_arduino.o
 .debug_macro   0x0000000000001bbd       0x43 Src/06_spi_txonly_arduino.o
 .debug_macro   0x0000000000001c00       0x20 Src/06_spi_txonly_arduino.o
 .debug_macro   0x0000000000001c20      0x1a3 Src/06_spi_txonly_arduino.o
 .debug_macro   0x0000000000001dc3      0x330 Src/06_spi_txonly_arduino.o
 .debug_macro   0x00000000000020f3       0x10 Src/06_spi_txonly_arduino.o
 .debug_macro   0x0000000000002103       0x35 Src/06_spi_txonly_arduino.o
 .debug_macro   0x0000000000002138       0x20 Src/06_spi_txonly_arduino.o

.debug_line     0x0000000000000000     0x1242
 .debug_line    0x0000000000000000      0x685 Drivers/Src/stm32f767xx_gpio_driver.o
 .debug_line    0x0000000000000685      0x54d Drivers/Src/stm32f767xx_spi_driver.o
 .debug_line    0x0000000000000bd2      0x5ec Src/06_spi_txonly_arduino.o
 .debug_line    0x00000000000011be       0x84 Startup/startup_stm32f767zitx.o

.debug_str      0x0000000000000000     0x9651
 .debug_str     0x0000000000000000     0x61df Drivers/Src/stm32f767xx_gpio_driver.o
                                       0x6375 (size before relaxing)
 .debug_str     0x00000000000061df      0x1d7 Drivers/Src/stm32f767xx_spi_driver.o
                                       0x62f0 (size before relaxing)
 .debug_str     0x00000000000063b6     0x326a Src/06_spi_txonly_arduino.o
                                       0x949e (size before relaxing)
 .debug_str     0x0000000000009620       0x31 Startup/startup_stm32f767zitx.o
                                         0x59 (size before relaxing)

.comment        0x0000000000000000       0x7b
 .comment       0x0000000000000000       0x7b Drivers/Src/stm32f767xx_gpio_driver.o
                                         0x7c (size before relaxing)
 .comment       0x000000000000007b       0x7c Drivers/Src/stm32f767xx_spi_driver.o
 .comment       0x000000000000007b       0x7c Src/06_spi_txonly_arduino.o

.debug_frame    0x0000000000000000      0x4c8
 .debug_frame   0x0000000000000000      0x1c8 Drivers/Src/stm32f767xx_gpio_driver.o
 .debug_frame   0x00000000000001c8      0x1e8 Drivers/Src/stm32f767xx_spi_driver.o
 .debug_frame   0x00000000000003b0       0xc4 Src/06_spi_txonly_arduino.o
 .debug_frame   0x0000000000000474       0x2c c:/st/stm32cubeide_1.3.0/stm32cubeide/plugins/com.st.stm32cube.ide.mcu.externaltools.gnu-tools-for-stm32.7-2018-q2-update.win32_1.4.0.202007081208/tools/bin/../lib/gcc/arm-none-eabi/7.3.1/../../../../arm-none-eabi/lib/thumb/v7e-m/fpv5/hard\libc_nano.a(lib_a-init.o)
 .debug_frame   0x00000000000004a0       0x28 c:/st/stm32cubeide_1.3.0/stm32cubeide/plugins/com.st.stm32cube.ide.mcu.externaltools.gnu-tools-for-stm32.7-2018-q2-update.win32_1.4.0.202007081208/tools/bin/../lib/gcc/arm-none-eabi/7.3.1/../../../../arm-none-eabi/lib/thumb/v7e-m/fpv5/hard\libc_nano.a(lib_a-memcpy-stub.o)
